V3GPU job=nv3gpu4-dregon-298747 dest=s3://omnirun-artifacts/nv3gpu4-dregon-298747/outputs/results/noise_v3/fits_gpu aws='uvx --quiet --from awscli aws' sha=f65179a76896 host=7b5f6ab38a20 nproc=4
name, memory.total [MiB], driver_version
Tesla T4, 15360 MiB, 580.159.04
Tesla T4, 15360 MiB, 580.159.04
V3GPU torch 2.7.0+cu126 cuda True Tesla T4
V3GPU spec: set=dregon-floor name=dregon_room2_floor rig=dregon extra='--wind' init=results/noise_v2/rounds/round5/fits/dregon_room2_floor__flight_profile.json
  flight_dregon_updown_nosource_room2@1511903578.348+4_motors_command: 8x122x1025 4.000 s carriers [82.941068, 75.728556, 81.027888, 78.059711] pass=True
  flight_dregon_updown_nosource_room2@1511903584.348+8_motors_command: 8x247x1025 8.000 s carriers [84.314811, 76.688208, 81.514045, 79.685927] pass=True
built 10/10 supports; wrote /tmp/supports_dregon_room2_floor/index.json and /tmp/supports_dregon_room2_floor/findings.md
findings.md
flight_dregon_free-flight_nosource_room2@1512727397.205+4_motors_command.npz
flight_dregon_free-flight_nosource_room2@1512727403.205+8_motors_command.npz
flight_dregon_hovering_nosource_room2@1511903905.394+4_motors_command.npz
flight_dregon_hovering_nosource_room2@1511903911.394+8_motors_command.npz
flight_dregon_rectangle_nosource_room2@1511905725.953+4_motors_command.npz
flight_dregon_rectangle_nosource_room2@1511905731.953+8_motors_command.npz
flight_dregon_spinning_nosource_room2@1511905200.978+4_motors_command.npz
flight_dregon_spinning_nosource_room2@1511905206.978+8_motors_command.npz
flight_dregon_updown_nosource_room2@1511903578.348+4_motors_command.npz
flight_dregon_updown_nosource_room2@1511903584.348+8_motors_command.npz
index.json
V3GPU build exit=0 wall_s=55
12:53:43   we have :math:`ES^{*}(P,Q) \ge ES^{*}(Q,Q)` with equality holding if and only if :math:`P=Q`, i.e.
12:53:43   adam     0  loss -1.77936e+07
12:53:43   adam    50  loss -1.78582e+07
12:53:43   adam   100  loss -1.7464e+07
12:53:43   adam   150  loss -1.79901e+07
12:53:43   adam   200  loss -1.81088e+07
12:53:43   adam   250  loss -1.77364e+07
12:53:43   v3 round 0: whittle -1.78001e+07
12:53:43   v3 round 1: whittle -1.80744e+07  move/cell 0.11
12:53:43   v3 round 2: whittle -1.80785e+07  move/cell 0.00161
12:53:43   v3 round 3: whittle -1.80793e+07  move/cell 0.000333
12:53:43   v3 all-frames polish: whittle -1.80795e+07  gain/cell 8.85e-05
12:53:43 ('dregon_room2_floor__flight_v3', 'ok')
12:53:43 {
12:53:43  "n_units": 1,
12:53:43  "n_converged": 0,
12:53:43  "not_converged": [
12:53:43   "dregon_room2_floor"
12:53:43  ],
12:53:43  "slowest_s": 159.812974691391,
12:53:43  "fits": [
12:53:43   "results/noise_v3/fits_gpu/dregon_room2_floor__flight_v3.json"
12:53:43  ]
12:53:43 }
12:53:43 # wrote results/noise_v3/fits_gpu/findings.md
V3GPU fit exit=0 fit_wall_s=168 total_wall_s=223
Error in sitecustomize; set PYTHONVERBOSE for traceback:
ModuleNotFoundError: No module named 'wrapt'
FIT_SUMMARY {"file": "results/noise_v3/fits_gpu/dregon_room2_floor__flight_v3.json", "git": "f65179a7689611a2df20c6c92dd075f4ea37be2b", "device": "cuda:0", "line_kernel": "unit_autocorr", "chunk_frames": 16, "lbfgs_rtol": 1e-05, "wall_s": 159.812974691391, "peak_mem_mb": 2215.42626953125, "converged": false, "which_converged": "lbfgs", "alternation_converged": false, "rig_converged": true, "rounds_run": 3, "total_nats": -18027353.401620932, "whittle_nats": -18079516.30232811, "whittle_latents_zero_nats": -17800116.1895358, "rig_neg_log_prior_nats": 5741.4798540212405, "ou_neg_log_prior_nats": 46421.42085315489, "n_cells": 2499840, "total_per_cell": -7.2114028904333605, "first_rig": {"adam_steps": 300, "lbfgs_frames": 64, "lbfgs_frames_used": 64, "lbfgs_stratified": true, "adam_wall_s": 34.94580388069153, "lbfgs_wall_s": 16.960542678833008, "lbfgs_evals": 18, "lbfgs_restart_evals": 3, "lbfgs_iters_used": 14, "lbfgs_restart_iters_used": 1, "lbfgs_loss_before": -17834451.58589015, "lbfgs_loss_first_pass": -17843236.671654623, "lbfgs_loss_after_restart": -17843260.1171114, "lbfgs_restart_gain_per_cell": 4.542847992770331e-05, "converged": true, "peak_mem_mb": null}, "last_rig": {"adam_steps": 0, "lbfgs_frames": null, "lbfgs_frames_used": 310, "lbfgs_stratified": true, "adam_wall_s": 1.6927719116210938e-05, "lbfgs_wall_s": 29.33402395248413, "lbfgs_evals": 3, "lbfgs_restart_evals": 3, "lbfgs_iters_used": 1, "lbfgs_restart_iters_used": 1, "lbfgs_loss_before": -18073553.587000363, "lbfgs_loss_first_pass": -18073722.980556797, "lbfgs_loss_after_restart": -18073774.82247409, "lbfgs_restart_gain_per_cell": 2.0738094154539332e-05, "converged": true, "peak_mem_mb": null}, "history": [{"round": 0, "whittle_nats": -17800116.1895358, "rig_converged": true, "adam_s_per_step": 0.11648601293563843, "rig_lbfgs_evals": 21, "rig_lbfgs_iters": 14, "rig_lbfgs_restart_iters": 1, "rig_s_per_eval": 0.8076448894682384, "peak_mem_mb": 1394.486328125, "wall_s": 72.51600980758667}, {"round": 1, "whittle_nats": -18074432.990104143, "whittle_move_per_cell": 0.10973374318690085, "rig_converged": false, "adam_s_per_step": null, "rig_lbfgs_evals": 6, "rig_lbfgs_iters": 1, "rig_lbfgs_restart_iters": 1, "rig_s_per_eval": 0.9922822316487631, "latent_evals": 105, "latent_s_per_eval": 0.042341454823811846, "latent_cache_s": 2.527639389038086, "latent_wall_s": 7.028296947479248, "peak_mem_mb": 1454.7177734375, "latent_peak_mem_mb": 2215.4052734375, "wall_s": 16.051050901412964}, {"round": 2, "whittle_nats": -18078465.561716296, "whittle_move_per_cell": 0.0016131318853019403, "rig_converged": true, "adam_s_per_step": null, "rig_lbfgs_evals": 7, "rig_lbfgs_iters": 2, "rig_lbfgs_restart_iters": 1, "rig_s_per_eval": 0.9759553159986224, "latent_evals": 105, "latent_s_per_eval": 0.04278499512445359, "latent_cache_s": 2.551206350326538, "latent_wall_s": 7.096420049667358, "peak_mem_mb": 1454.7451171875, "latent_peak_mem_mb": 2215.42626953125, "wall_s": 17.021063566207886}, {"round": 3, "whittle_nats": -18079299.15373418, "whittle_move_per_cell": 0.00033345814847562146, "rig_converged": true, "adam_s_per_step": null, "rig_lbfgs_evals": 7, "rig_lbfgs_iters": 2, "rig_lbfgs_restart_iters": 1, "rig_s_per_eval": 0.9827771186828613, "latent_evals": 105, "latent_s_per_eval": 0.04284680911472866, "latent_cache_s": 2.5829529762268066, "latent_wall_s": 7.134947299957275, "peak_mem_mb": 1454.7451171875, "latent_peak_mem_mb": 2215.42626953125, "wall_s": 17.146674156188965}], "polish": {"frames": 310, "subset_frames": 64, "loss_note": "Whittle - rig log prior on the FULL pool at the final latents", "loss_at_subset_optimum": -18073553.587000363, "loss_polished": -18073774.82247409, "gain_nats": 221.23547372594476, "gain_per_cell": 8.849985348100068e-05, "whittle_at_subset_optimum": -18079299.15373418, "whittle_polished": -18079516.30232811, "rig_converged": true, "adam_s_per_step": null, "rig_lbfgs_evals": 6, "rig_lbfgs_iters": 1, "rig_lbfgs_restart_iters": 1, "rig_s_per_eval": 4.8890039920806885, "peak_mem_mb": 1441.1845703125, "wall_s": 37.05807065963745}, "front_end": {"sr": 16000, "n_fft": 2048, "hop": 512, "sr_work": 32000, "n_fft_work": 4096}, "latent_fit": {"windows": 5, "n_blocks": [16, 16, 16, 16, 16], "line_dtype": "torch.float64", "tracks": ["d", "u", "uj", "v"], "loss_before": -18032631.55041399, "loss_after": -18032999.660386555, "evals": 105, "cache_s": 2.5829529762268066, "s_per_eval": 0.04284680911472866, "wall_s": 7.134742021560669}, "sigma_nu": 5.432248674794573, "gamma_median": 1.6680520769966427, "gamma_median_per_rotor": [1.2697, 1.6267, 1.8622, 2.1247], "gamma_max_per_rotor": [19.341, 40.936, 10.396, 24.365], "gamma_argmax_k_per_rotor": [69, 26, 43, 70], "gamma_over_50hz": 0, "gamma_shape": [4, 88], "amp_exp": 0.8482224038346038, "span_pins": [], "speed_span": 1.7439177672059125, "init_from": {"source": "results/noise_v2/rounds/round5/fits/dregon_room2_floor__flight_profile.json", "schema": "noise-v2-fit/2", "mode": "flight_profile", "git": "1c6ac3372c13f9c7d457fbd70694748466c49562", "sites": ["amp_exp", "floor_exp", "floor_static_rel", "gamma_hz", "profile_db", "sigma_nu"], "clipped": {"sigma_nu": 0, "gamma_hz": 246, "profile_db": 2, "amp_exp": 0, "floor_exp": 1, "floor_static_rel": 1, "floor_shape_z": 0}, "prior_box_quantiles": [0.001, 0.999], "floor_start": "measured", "objective_at_v2_floor": -15542065.170985334, "objective_at_measured_floor": -17592338.663814772, "objective_at_measured_start": -16827997.47058473, "not_v3_sites": {"lam": 0.06080034059031183, "note": "lam is pinned in v3 flight; v2 mic gains are data-normalised"}}, "batch": {"grid": {"sr": 16000, "n_fft": 2048, "hop": 512, "sr_work": 32000, "n_fft_work": 4096}, "n_frames_total": 1235, "n_frames_used": 310, "frame_stride": 4, "exposure_scale": 3.9838709677419355, "carrier_min_rev_s": 51.609806060791016, "carrier_max_rev_s": 90.00325775146484, "speed_span": 1.7439177672059125, "channel_gains": {"gains_db": [-0.434143, 2.35016, -2.75961, 0.18454, 0.188282, 0.536058, -0.696069, 0.630782], "source": "results/noise_v2/mic_gains/mic_gains.json", "rig": "dregon", "rule": "rank-one floor gain per channel on the 1/3-octave bands >= 500 Hz (rigs.<rig>.wind.excess_db_above_500hz), re-centred on the channels used; each channel's periodogram is divided by 10^(g/10)"}}}
Error in sitecustomize; set PYTHONVERBOSE for traceback:
ModuleNotFoundError: No module named 'wrapt'
