V3GPU job=nv3gpu4-cruise-61d712 dest=s3://omnirun-artifacts/nv3gpu4-cruise-61d712/outputs/results/noise_v3/fits_gpu aws='uvx --quiet --from awscli aws' sha=f65179a76896 host=fb31df7766fa nproc=4
name, memory.total [MiB], driver_version
Tesla T4, 15360 MiB, 580.159.04
Tesla T4, 15360 MiB, 580.159.04
V3GPU torch 2.7.0+cu126 cuda True Tesla T4
V3GPU spec: set=michaels-cruise name=michaels_fly125_cruise rig=michaels extra='' init=results/noise_v2/rounds/round3/fits/michaels_fly125_cruise__flight.json
  flight_michaels_FLY125@128.000+8_rps_refined: 8x247x1025 8.000 s carriers [91.61422, 74.211651, 81.803559, 73.918025] pass=True
  flight_michaels_FLY125@144.000+8_rps_refined: 8x247x1025 8.000 s carriers [91.565036, 74.237875, 82.855846, 75.272913] pass=True
built 13/13 supports; wrote /tmp/supports_michaels_fly125_cruise/index.json and /tmp/supports_michaels_fly125_cruise/findings.md
findings.md
flight_michaels_FLY124@16.000+8_rps.npz
flight_michaels_FLY124@27.680+8_rps.npz
flight_michaels_FLY124@40.000+8_rps.npz
flight_michaels_FLY124@56.000+8_rps.npz
flight_michaels_FLY124@8.000+8_rps.npz
flight_michaels_FLY125@112.000+8_rps_refined.npz
flight_michaels_FLY125@128.000+8_rps_refined.npz
flight_michaels_FLY125@144.000+8_rps_refined.npz
flight_michaels_FLY125@16.000+8_rps_refined.npz
flight_michaels_FLY125@32.000+8_rps_refined.npz
flight_michaels_FLY125@48.000+8_rps_refined.npz
flight_michaels_FLY125@64.000+8_rps_refined.npz
flight_michaels_FLY125@96.000+8_rps_refined.npz
index.json
V3GPU build exit=0 wall_s=27
12:58:45   we have :math:`ES^{*}(P,Q) \ge ES^{*}(Q,Q)` with equality holding if and only if :math:`P=Q`, i.e.
12:58:45   adam     0  loss -2.40636e+07
12:58:45   adam    50  loss -2.44412e+07
12:58:45   adam   100  loss -2.47858e+07
12:58:45   adam   150  loss -2.45024e+07
12:58:45   adam   200  loss -2.27856e+07
12:58:45   adam   250  loss -2.41464e+07
12:58:45   v3 round 0: whittle -2.44278e+07
12:58:45   v3 round 1: whittle -2.48783e+07  move/cell 0.113
12:58:45   v3 round 2: whittle -2.48858e+07  move/cell 0.00186
12:58:45   v3 round 3: whittle -2.48884e+07  move/cell 0.000663
12:58:45   v3 all-frames polish: whittle -2.48914e+07  gain/cell 0.000761
12:58:45 ('michaels_fly125_cruise__flight_v3', 'ok')
12:58:45 {
12:58:45  "n_units": 1,
12:58:45  "n_converged": 0,
12:58:45  "not_converged": [
12:58:45   "michaels_fly125_cruise"
12:58:45  ],
12:58:45  "slowest_s": 154.22459030151367,
12:58:45  "fits": [
12:58:45   "results/noise_v3/fits_gpu/michaels_fly125_cruise__flight_v3.json"
12:58:45  ]
12:58:45 }
12:58:45 # wrote results/noise_v3/fits_gpu/findings.md
V3GPU fit exit=0 fit_wall_s=162 total_wall_s=189
Error in sitecustomize; set PYTHONVERBOSE for traceback:
ModuleNotFoundError: No module named 'wrapt'
FIT_SUMMARY {"file": "results/noise_v3/fits_gpu/michaels_fly125_cruise__flight_v3.json", "git": "f65179a7689611a2df20c6c92dd075f4ea37be2b", "device": "cuda:0", "line_kernel": "unit_autocorr", "chunk_frames": 16, "lbfgs_rtol": 1e-05, "wall_s": 154.22459030151367, "peak_mem_mb": 2756.0908203125, "converged": false, "which_converged": "lbfgs", "alternation_converged": false, "rig_converged": true, "rounds_run": 3, "total_nats": -24806693.65790024, "whittle_nats": -24891425.746185496, "whittle_latents_zero_nats": -24427766.718587447, "rig_neg_log_prior_nats": 4571.955411566456, "ou_neg_log_prior_nats": 80160.13287368922, "n_cells": 3999744, "total_per_cell": -6.2020703469772664, "first_rig": {"adam_steps": 300, "lbfgs_frames": 64, "lbfgs_frames_used": 64, "lbfgs_stratified": true, "adam_wall_s": 19.408260107040405, "lbfgs_wall_s": 4.026953458786011, "lbfgs_evals": 4, "lbfgs_restart_evals": 4, "lbfgs_iters_used": 2, "lbfgs_restart_iters_used": 2, "lbfgs_loss_before": -24422940.41533797, "lbfgs_loss_first_pass": -24427332.957707975, "lbfgs_loss_after_restart": -24427795.26675213, "lbfgs_restart_gain_per_cell": 0.0008957811030432779, "converged": false, "peak_mem_mb": null}, "last_rig": {"adam_steps": 0, "lbfgs_frames": null, "lbfgs_frames_used": 496, "lbfgs_stratified": true, "adam_wall_s": 1.6450881958007812e-05, "lbfgs_wall_s": 37.0092294216156, "lbfgs_evals": 6, "lbfgs_restart_evals": 3, "lbfgs_iters_used": 4, "lbfgs_restart_iters_used": 1, "lbfgs_loss_before": -24883810.121576, "lbfgs_loss_first_pass": -24886796.511428144, "lbfgs_loss_after_restart": -24886853.79077393, "lbfgs_restart_gain_per_cell": 1.4320752974274435e-05, "converged": true, "peak_mem_mb": null}, "history": [{"round": 0, "whittle_nats": -24427766.718587447, "rig_converged": false, "adam_s_per_step": 0.06469420035680135, "rig_lbfgs_evals": 8, "rig_lbfgs_iters": 2, "rig_lbfgs_restart_iters": 2, "rig_s_per_eval": 0.5033691823482513, "peak_mem_mb": 1467.6513671875, "wall_s": 52.00029969215393}, {"round": 1, "whittle_nats": -24878314.141251765, "whittle_move_per_cell": 0.11264406488623228, "rig_converged": false, "adam_s_per_step": null, "rig_lbfgs_evals": 9, "rig_lbfgs_iters": 4, "rig_lbfgs_restart_iters": 1, "rig_s_per_eval": 0.5299741956922743, "latent_evals": 103, "latent_s_per_eval": 0.0606119331804294, "latent_cache_s": 3.7807023525238037, "latent_wall_s": 10.099563360214233, "peak_mem_mb": 1131.12939453125, "latent_peak_mem_mb": 2756.072265625, "wall_s": 18.419677019119263}, {"round": 2, "whittle_nats": -24885767.208323084, "whittle_move_per_cell": 0.0018633860245352268, "rig_converged": false, "adam_s_per_step": null, "rig_lbfgs_evals": 9, "rig_lbfgs_iters": 4, "rig_lbfgs_restart_iters": 1, "rig_s_per_eval": 0.538010835647583, "latent_evals": 109, "latent_s_per_eval": 0.060695282909848276, "latent_cache_s": 3.8630690574645996, "latent_wall_s": 10.551637411117554, "peak_mem_mb": 1131.14794921875, "latent_peak_mem_mb": 2756.0908203125, "wall_s": 19.003313302993774}, {"round": 3, "whittle_nats": -24888418.9160742, "whittle_move_per_cell": 0.0006629693678189521, "rig_converged": false, "adam_s_per_step": null, "rig_lbfgs_evals": 9, "rig_lbfgs_iters": 4, "rig_lbfgs_restart_iters": 1, "rig_s_per_eval": 0.5418506728278266, "latent_evals": 107, "latent_s_per_eval": 0.06099654135302963, "latent_cache_s": 3.926309585571289, "latent_wall_s": 10.526293992996216, "peak_mem_mb": 1131.14794921875, "latent_peak_mem_mb": 2756.0908203125, "wall_s": 19.013471364974976}], "polish": {"frames": 496, "subset_frames": 64, "loss_note": "Whittle - rig log prior on the FULL pool at the final latents", "loss_at_subset_optimum": -24883810.121576, "loss_polished": -24886853.79077393, "gain_nats": 3043.6691979281604, "gain_per_cell": 0.0007609660013061237, "whittle_at_subset_optimum": -24888418.9160742, "whittle_polished": -24891425.746185496, "rig_converged": true, "adam_s_per_step": null, "rig_lbfgs_evals": 9, "rig_lbfgs_iters": 4, "rig_lbfgs_restart_iters": 1, "rig_s_per_eval": 4.112136602401733, "peak_mem_mb": 1119.1591796875, "wall_s": 45.75874304771423}, "front_end": {"sr": 16000, "n_fft": 2048, "hop": 512, "sr_work": 32000, "n_fft_work": 4096}, "latent_fit": {"windows": 8, "n_blocks": [16, 16, 16, 16, 16, 16, 16, 16], "line_dtype": "torch.float64", "tracks": ["d", "u", "uj", "v"], "loss_before": -24807190.577629577, "loss_after": -24810952.732305456, "evals": 107, "cache_s": 3.926309585571289, "s_per_eval": 0.06099654135302963, "wall_s": 10.526029825210571}, "sigma_nu": 4.2803259415780985, "gamma_median": 0.8926497808383443, "gamma_median_per_rotor": [2.5229, 0.8815, 0.7616, 0.3971], "gamma_max_per_rotor": [28.108, 12.247, 2.808, 3.195], "gamma_argmax_k_per_rotor": [49, 17, 15, 15], "gamma_over_50hz": 0, "gamma_shape": [4, 81], "amp_exp": 2.0, "span_pins": ["amp_exp", "floor_exp", "floor_static_rel"], "speed_span": 1.4359839537899945, "init_from": {"source": "results/noise_v2/rounds/round3/fits/michaels_fly125_cruise__flight.json", "schema": "noise-v2-fit/2", "mode": "flight", "git": "a996e5e51c514f52ba29cb0a9ed44adccd8d1f16", "sites": ["gamma_hz", "profile_db", "sigma_nu"], "clipped": {"sigma_nu": 1, "gamma_hz": 164, "profile_db": 3, "floor_shape_z": 6}, "prior_box_quantiles": [0.001, 0.999], "floor_start": "measured", "objective_at_v2_floor": -23651922.62294968, "objective_at_measured_floor": -24192501.92873785, "objective_at_measured_start": -23700296.77254031, "not_v3_sites": {"lam": 0.5, "note": "lam is pinned in v3 flight; v2 mic gains are data-normalised"}}, "batch": {"grid": {"sr": 16000, "n_fft": 2048, "hop": 512, "sr_work": 32000, "n_fft_work": 4096}, "n_frames_total": 1976, "n_frames_used": 496, "frame_stride": 4, "exposure_scale": 3.9838709677419355, "carrier_min_rev_s": 68.18343353271484, "carrier_max_rev_s": 97.91031646728516, "speed_span": 1.4359839537899945, "channel_gains": {"gains_db": [0.02806923749999987, -6.5042584625, 1.0624115375, 2.3590115375, 5.0315015375000005, 2.4618615375, -0.5576684625000001, -3.8809284625000005], "source": "results/noise_v2/mic_gains/mic_gains.json", "rig": "michaels", "rule": "rank-one floor gain per channel on the 1/3-octave bands >= 500 Hz (rigs.<rig>.wind.excess_db_above_500hz), re-centred on the channels used; each channel's periodogram is divided by 10^(g/10)"}}}
Error in sitecustomize; set PYTHONVERBOSE for traceback:
ModuleNotFoundError: No module named 'wrapt'
