NV3R4BANK preset=easy sha=7300f320eb86 host=ehc11 nproc=1
building the v3r4 easy bank: 2048 draws at strength 3 (the first ladder setting reaching 90% above 300 Hz), seed 20260921
  128/2048 draws
  256/2048 draws
  384/2048 draws
  512/2048 draws
  640/2048 draws
  768/2048 draws
  896/2048 draws
  1024/2048 draws
  1152/2048 draws
  1280/2048 draws
  1408/2048 draws
  1536/2048 draws
  1664/2048 draws
  1792/2048 draws
  1920/2048 draws
  2048/2048 draws

results/noise_v3r4/rig_sampler/banks/noise_v3r4_easy_n2048.json  (38.1 MB, sha256 2f5b456419f76f2c)
  preset easy / mode neighbourhood, strength 3, 2048 entries, seed 20260921
  digest 4511292683a3d3ff
  acceptance: 1.702 attempts per entry, 59.9% first try, 1437 draws rejected (41.2%)
  guards fired: {'gamma_excursion': 703, 'ltas': 812, 'trend_falls': 134}
  per rig: {'dregon': 1024, 'michaels': 1024}
  coverage of the real windows: dregon 100.0% above 300 Hz (100.0% all bands), michaels 97.1% above 300 Hz (98.2% all bands)
  self-check: 8 entries rendered one at a time for 2 s, 4 of them also on a standby-speed window; cruise RMS 0.0264-0.0644; 1024 per-regime entries in the bank, traj rigs ['dregon', 'michaels']
    [    0] v3r4_dregon_s3_00000 cruise-only: cruise 67.3-86.9 rev/s, RMS 0.0644
    [  341] v3r4_dregon_s3_00341 cruise-only: cruise 67.3-86.9 rev/s, RMS 0.0394
    [  682] v3r4_dregon_s3_00682 cruise-only: cruise 67.3-86.9 rev/s, RMS 0.0549
    [ 1023] v3r4_dregon_s3_01023 cruise-only: cruise 67.3-86.9 rev/s, RMS 0.0520
    [ 1024] v3r4_michaels_s3_01024 per-regime: cruise 67.3-86.9 rev/s, RMS 0.0469 | standby 23.6-30.4 rev/s, blend 0.00, RMS 0.0024
    [ 1365] v3r4_michaels_s3_01365 per-regime: cruise 67.3-86.9 rev/s, RMS 0.0264 | standby 23.6-30.4 rev/s, blend 0.00, RMS 0.0019
    [ 1706] v3r4_michaels_s3_01706 per-regime: cruise 67.3-86.9 rev/s, RMS 0.0638 | standby 23.6-30.4 rev/s, blend 0.00, RMS 0.0030
    [ 2047] v3r4_michaels_s3_02047 per-regime: cruise 67.3-86.9 rev/s, RMS 0.0433 | standby 23.6-30.4 rev/s, blend 0.00, RMS 0.0025
  wall 96.9 s (14 workers)
  report results/noise_v3r4/rig_sampler/build_easy.json
NV3R4BANK_DONE exit=0 wall_s=100
NV3R4BANK preset=easy sha=7300f320eb86 host=ddy24 nproc=1
results/noise_v3r4/rig_sampler/banks/noise_v3r4_easy_n2048.json is already the bank this spec describes (digest 4511292683a3d3ff); skipping
  self-check on the existing bank: 8 entries rendered one at a time, 4 also on a standby-speed window, cruise RMS 0.0264-0.0644
  refreshed results/noise_v3r4/rig_sampler/build_easy.json
NV3R4BANK_DONE exit=0 wall_s=47
NV3R4BANK synced to R2
