NV3R4BANK preset=hard sha=7300f320eb86 host=ehc11 nproc=1
building the v3r4 hard bank: 2048 draws at strength 3 (the first ladder setting reaching 90% above 300 Hz), seed 20260921
  128/2048 draws
  256/2048 draws
  384/2048 draws
  512/2048 draws
  640/2048 draws
  768/2048 draws
  896/2048 draws
  1024/2048 draws
  1152/2048 draws
  1280/2048 draws
  1408/2048 draws
  1536/2048 draws
  1664/2048 draws
  1792/2048 draws
  1920/2048 draws
  2048/2048 draws

results/noise_v3r4/rig_sampler/banks/noise_v3r4_hard_n2048.json  (50.0 MB, sha256 f86004171fc33a0a)
  preset hard / mode path, strength 3, 2048 entries, seed 20260921
  digest 99f9fbe5bdfc785e
  acceptance: 2.117 attempts per entry, 49.2% first try, 2287 draws rejected (52.8%)
  guards fired: {'gamma_excursion': 857, 'ltas': 1025, 'rotor_lines': 824, 'trend_falls': 180}
  mixing coordinate: mean 0.501, KS 0.0166 against the 95% threshold 0.0300 (passes); deciles [233, 194, 186, 214, 196, 197, 191, 213, 192, 232]
  standby slot carried by 100.0% of entries
  orders dropped: dregon 7, michaels 0
  coverage of the real windows: dregon 99.2% above 300 Hz (99.0% all bands), michaels 99.0% above 300 Hz (97.6% all bands)
  self-check: 8 entries rendered one at a time for 2 s, 8 of them also on a standby-speed window; cruise RMS 0.0232-0.0955; 2048 per-regime entries in the bank, traj rigs ['None']
    [  455] v3r4_path_s3_00455 t=0.000 per-regime: cruise 67.3-86.9 rev/s, RMS 0.0834 | standby 23.6-30.4 rev/s, blend 0.00, RMS 0.0028
    [ 1271] v3r4_path_s3_01271 t=0.130 per-regime: cruise 67.3-86.9 rev/s, RMS 0.0369 | standby 23.6-30.4 rev/s, blend 0.00, RMS 0.0014
    [ 1974] v3r4_path_s3_01974 t=0.284 per-regime: cruise 67.3-86.9 rev/s, RMS 0.0720 | standby 23.6-30.4 rev/s, blend 0.00, RMS 0.0031
    [ 1541] v3r4_path_s3_01541 t=0.420 per-regime: cruise 67.3-86.9 rev/s, RMS 0.0275 | standby 23.6-30.4 rev/s, blend 0.00, RMS 0.0013
    [ 1072] v3r4_path_s3_01072 t=0.577 per-regime: cruise 67.3-86.9 rev/s, RMS 0.0232 | standby 23.6-30.4 rev/s, blend 0.00, RMS 0.0021
    [ 1727] v3r4_path_s3_01727 t=0.730 per-regime: cruise 67.3-86.9 rev/s, RMS 0.0413 | standby 23.6-30.4 rev/s, blend 0.00, RMS 0.0019
    [  463] v3r4_path_s3_00463 t=0.867 per-regime: cruise 67.3-86.9 rev/s, RMS 0.0384 | standby 23.6-30.4 rev/s, blend 0.00, RMS 0.0025
    [   10] v3r4_path_s3_00010 t=0.001 per-regime: cruise 67.3-86.9 rev/s, RMS 0.0955 | standby 23.6-30.4 rev/s, blend 0.00, RMS 0.0032
  wall 2703.5 s (14 workers)
  report results/noise_v3r4/rig_sampler/build_hard.json
NV3R4BANK_DONE exit=0 wall_s=2712
