V3GPU job=nv3r2-dregon-2d63a3 dest=s3://omnirun-artifacts/nv3r2-dregon-2d63a3/outputs/results/noise_v3/fits_r2 aws='uvx --quiet --from awscli aws' sha=0b87c5ebee57 host=5a5f9633734f nproc=4
name, memory.total [MiB], driver_version
Tesla T4, 15360 MiB, 580.159.04
Tesla T4, 15360 MiB, 580.159.04
V3GPU torch 2.7.0+cu126 cuda True Tesla T4
V3GPU spec: set=dregon-floor name=dregon_room2_floor rig=dregon extra='--wind' init=results/noise_v2/rounds/round5/fits/dregon_room2_floor__flight_profile.json sched='--rounds 20 --lbfgs-frames 64 --lbfgs-iters 500'
  flight_dregon_updown_nosource_room2@1511903578.348+4_motors_command: 8x122x1025 4.000 s carriers [82.941068, 75.728556, 81.027888, 78.059711] pass=True
  flight_dregon_updown_nosource_room2@1511903584.348+8_motors_command: 8x247x1025 8.000 s carriers [84.314811, 76.688208, 81.514045, 79.685927] pass=True
built 10/10 supports; wrote /tmp/supports_dregon_room2_floor/index.json and /tmp/supports_dregon_room2_floor/findings.md
findings.md
flight_dregon_free-flight_nosource_room2@1512727397.205+4_motors_command.npz
flight_dregon_free-flight_nosource_room2@1512727403.205+8_motors_command.npz
flight_dregon_hovering_nosource_room2@1511903905.394+4_motors_command.npz
flight_dregon_hovering_nosource_room2@1511903911.394+8_motors_command.npz
flight_dregon_rectangle_nosource_room2@1511905725.953+4_motors_command.npz
flight_dregon_rectangle_nosource_room2@1511905731.953+8_motors_command.npz
flight_dregon_spinning_nosource_room2@1511905200.978+4_motors_command.npz
flight_dregon_spinning_nosource_room2@1511905206.978+8_motors_command.npz
flight_dregon_updown_nosource_room2@1511903578.348+4_motors_command.npz
flight_dregon_updown_nosource_room2@1511903584.348+8_motors_command.npz
index.json
V3GPU build exit=0 wall_s=53
V3GPU seed=0 start
16:42:32   we have :math:`ES^{*}(P,Q) \ge ES^{*}(Q,Q)` with equality holding if and only if :math:`P=Q`, i.e.
16:42:32   adam     0  loss -1.77936e+07
16:42:32   adam    50  loss -1.78582e+07
16:42:32   adam   100  loss -1.7464e+07
16:42:32   adam   150  loss -1.79901e+07
16:42:32   adam   200  loss -1.81088e+07
16:42:32   adam   250  loss -1.77364e+07
16:42:32   v3 round 0: whittle -1.78001e+07
16:42:32   v3 round 1: whittle -1.80898e+07  move/cell 0.116
16:42:32   v3 round 2: whittle -1.81048e+07  move/cell 0.006
16:42:32   v3 round 3: whittle -1.8112e+07  move/cell 0.00287
16:42:32   v3 round 4: whittle -1.81162e+07  move/cell 0.00168
16:42:32   v3 round 5: whittle -1.81189e+07  move/cell 0.0011
16:42:32   v3 round 6: whittle -1.81209e+07  move/cell 0.000779
16:42:32   v3 round 7: whittle -1.81223e+07  move/cell 0.000545
16:42:32   v3 round 8: whittle -1.81233e+07  move/cell 0.000411
16:42:32   v3 round 9: whittle -1.81242e+07  move/cell 0.000352
16:42:32   v3 round 10: whittle -1.81249e+07  move/cell 0.000308
16:42:32   v3 round 11: whittle -1.81255e+07  move/cell 0.000226
16:42:32   v3 round 12: whittle -1.81261e+07  move/cell 0.000235
16:42:32   v3 round 13: whittle -1.81265e+07  move/cell 0.000173
16:42:32   v3 round 14: whittle -1.81269e+07  move/cell 0.000169
16:42:32   v3 round 15: whittle -1.81273e+07  move/cell 0.000135
16:42:32   v3 round 16: whittle -1.81276e+07  move/cell 0.00012
16:42:32   v3 round 17: whittle -1.81278e+07  move/cell 0.000106
16:42:32   v3 round 18: whittle -1.81281e+07  move/cell 0.000117
16:42:32   v3 round 19: whittle -1.81284e+07  move/cell 0.000105
16:42:32   v3 round 20: whittle -1.81286e+07  move/cell 8.81e-05
16:42:32   v3 all-frames polish: whittle -1.81288e+07  gain/cell 8.9e-05
16:42:32 ('dregon_room2_floor__flight_v3__s0', 'ok')
16:42:32 {
16:42:32  "n_units": 1,
16:42:32  "n_converged": 1,
16:42:32  "not_converged": [],
16:42:32  "slowest_s": 461.5999083518982,
16:42:32  "fits": [
16:42:32   "results/noise_v3/fits_r2/restarts/dregon_room2_floor__flight_v3__s0.json"
16:42:32  ]
16:42:32 }
16:42:32 # wrote results/noise_v3/fits_r2/findings.md
V3GPU seed=0 fit exit=0 fit_wall_s=468 total_wall_s=521
Error in sitecustomize; set PYTHONVERBOSE for traceback:
ModuleNotFoundError: No module named 'wrapt'
FIT_SUMMARY {"file": "results/noise_v3/fits_r2/restarts/dregon_room2_floor__flight_v3__s0.json", "git": "0b87c5ebee5769f78b235e62b1481eb67419fb08", "device": "cuda:0", "line_kernel": "unit_autocorr", "chunk_frames": 16, "lbfgs_rtol": 1e-05, "wall_s": 461.5999083518982, "peak_mem_mb": 2215.42626953125, "converged": true, "which_converged": "alternation+lbfgs", "alternation_converged": true, "rig_converged": true, "rounds_run": 20, "total_nats": -18049706.833626673, "whittle_nats": -18128835.571394928, "whittle_latents_zero_nats": -17800116.1895358, "rig_neg_log_prior_nats": 5486.830100819878, "ou_neg_log_prior_nats": 73641.90766743453, "n_cells": 2499840, "total_per_cell": -7.220344835520143, "first_rig": {"adam_steps": 300, "lbfgs_frames": 64, "lbfgs_frames_used": 64, "lbfgs_stratified": true, "adam_wall_s": 35.40687012672424, "lbfgs_wall_s": 17.4301540851593, "lbfgs_evals": 18, "lbfgs_restart_evals": 3, "lbfgs_iters_used": 14, "lbfgs_restart_iters_used": 1, "lbfgs_loss_before": -17834451.58589015, "lbfgs_loss_first_pass": -17843236.671654623, "lbfgs_loss_after_restart": -17843260.1171114, "lbfgs_restart_gain_per_cell": 4.542847992770331e-05, "converged": true, "peak_mem_mb": null}, "last_rig": {"adam_steps": 0, "lbfgs_frames": null, "lbfgs_frames_used": 310, "lbfgs_stratified": true, "adam_wall_s": 1.8835067749023438e-05, "lbfgs_wall_s": 29.87364912033081, "lbfgs_evals": 3, "lbfgs_restart_evals": 3, "lbfgs_iters_used": 1, "lbfgs_restart_iters_used": 1, "lbfgs_loss_before": -18123126.228090376, "lbfgs_loss_first_pass": -18123301.977817126, "lbfgs_loss_after_restart": -18123348.74129411, "lbfgs_restart_gain_per_cell": 1.870658801471804e-05, "converged": true, "peak_mem_mb": null}, "history": [{"round": 0, "whittle_nats": -17800116.1895358, "rig_converged": true, "adam_s_per_step": 0.11802290042241415, "rig_lbfgs_evals": 21, "rig_lbfgs_iters": 14, "rig_lbfgs_restart_iters": 1, "rig_s_per_eval": 0.8300073373885382, "peak_mem_mb": 1394.486328125, "wall_s": 71.69625806808472}, {"round": 1, "whittle_nats": -18089834.450591154, "whittle_move_per_cell": 0.1158947216843294, "rig_converged": false, "adam_s_per_step": null, "rig_lbfgs_evals": 7, "rig_lbfgs_iters": 2, "rig_lbfgs_restart_iters": 1, "rig_s_per_eval": 1.0008767672947474, "latent_evals": 105, "latent_s_per_eval": 0.04374140557788667, "latent_cache_s": 2.6244304180145264, "latent_wall_s": 7.276849269866943, "peak_mem_mb": 1454.72412109375, "latent_peak_mem_mb": 2215.4052734375, "wall_s": 17.479750633239746}, {"round": 2, "whittle_nats": -18104834.84795485, "whittle_move_per_cell": 0.006000542980229234, "rig_converged": false, "adam_s_per_step": null, "rig_lbfgs_evals": 7, "rig_lbfgs_iters": 2, "rig_lbfgs_restart_iters": 1, "rig_s_per_eval": 1.0159831387656075, "latent_evals": 104, "latent_s_per_eval": 0.0445996133180765, "latent_cache_s": 2.673588275909424, "latent_wall_s": 7.368271350860596, "peak_mem_mb": 1454.7451171875, "latent_peak_mem_mb": 2215.42626953125, "wall_s": 17.729525327682495}, {"round": 3, "whittle_nats": -18112010.209500484, "whittle_move_per_cell": 0.002870328319265843, "rig_converged": false, "adam_s_per_step": null, "rig_lbfgs_evals": 7, "rig_lbfgs_iters": 2, "rig_lbfgs_restart_iters": 1, "rig_s_per_eval": 1.022458212716239, "latent_evals": 104, "latent_s_per_eval": 0.044709705389462985, "latent_cache_s": 2.7265827655792236, "latent_wall_s": 7.431976079940796, "peak_mem_mb": 1454.7451171875, "latent_peak_mem_mb": 2215.42626953125, "wall_s": 17.838345050811768}, {"round": 4, "whittle_nats": -18116198.892000776, "whittle_move_per_cell": 0.0016755802372518305, "rig_converged": false, "adam_s_per_step": null, "rig_lbfgs_evals": 7, "rig_lbfgs_iters": 2, "rig_lbfgs_restart_iters": 1, "rig_s_per_eval": 1.0080395426068987, "latent_evals": 104, "latent_s_per_eval": 0.04428808964215792, "latent_cache_s": 2.702009677886963, "latent_wall_s": 7.363870859146118, "peak_mem_mb": 1454.7451171875, "latent_peak_mem_mb": 2215.42626953125, "wall_s": 17.62054944038391}, {"round": 5, "whittle_nats": -18118945.095479198, "whittle_move_per_cell": 0.0010985516986775218, "rig_converged": false, "adam_s_per_step": null, "rig_lbfgs_evals": 7, "rig_lbfgs_iters": 2, "rig_lbfgs_restart_iters": 1, "rig_s_per_eval": 1.0013195787157332, "latent_evals": 104, "latent_s_per_eval": 0.04405855674010057, "latent_cache_s": 2.666257619857788, "latent_wall_s": 7.304453611373901, "peak_mem_mb": 1454.7451171875, "latent_peak_mem_mb": 2215.42626953125, "wall_s": 17.493053674697876}, {"round": 6, "whittle_nats": -18120893.534832872, "whittle_move_per_cell": 0.0007794256247098415, "rig_converged": false, "adam_s_per_step": null, "rig_lbfgs_evals": 7, "rig_lbfgs_iters": 2, "rig_lbfgs_restart_iters": 1, "rig_s_per_eval": 1.004558767591204, "latent_evals": 105, "latent_s_per_eval": 0.044129006067911786, "latent_cache_s": 2.6566591262817383, "latent_wall_s": 7.34572434425354, "peak_mem_mb": 1454.7451171875, "latent_peak_mem_mb": 2215.42626953125, "wall_s": 17.578924417495728}, {"round": 7, "whittle_nats": -18122256.625559676, "whittle_move_per_cell": 0.0005452711880776323, "rig_converged": false, "adam_s_per_step": null, "rig_lbfgs_evals": 7, "rig_lbfgs_iters": 2, "rig_lbfgs_restart_iters": 1, "rig_s_per_eval": 1.0103228432791573, "latent_evals": 104, "latent_s_per_eval": 0.04420991356556232, "latent_cache_s": 2.677356719970703, "latent_wall_s": 7.329909563064575, "peak_mem_mb": 1454.7451171875, "latent_peak_mem_mb": 2215.42626953125, "wall_s": 17.621699810028076}, {"round": 8, "whittle_nats": -18123283.305554844, "whittle_move_per_cell": 0.00041069828275729667, "rig_converged": false, "adam_s_per_step": null, "rig_lbfgs_evals": 7, "rig_lbfgs_iters": 2, "rig_lbfgs_restart_iters": 1, "rig_s_per_eval": 1.0105526106698173, "latent_evals": 103, "latent_s_per_eval": 0.04421275796242131, "latent_cache_s": 2.6926400661468506, "latent_wall_s": 7.302849769592285, "peak_mem_mb": 1454.7451171875, "latent_peak_mem_mb": 2215.42626953125, "wall_s": 17.588807582855225}, {"round": 9, "whittle_nats": -18124163.18303466, "whittle_move_per_cell": 0.00035197351823076397, "rig_converged": false, "adam_s_per_step": null, "rig_lbfgs_evals": 7, "rig_lbfgs_iters": 2, "rig_lbfgs_restart_iters": 1, "rig_s_per_eval": 1.0070061002458846, "latent_evals": 104, "latent_s_per_eval": 0.04412732445276701, "latent_cache_s": 2.6807641983032227, "latent_wall_s": 7.325624227523804, "peak_mem_mb": 1454.7451171875, "latent_peak_mem_mb": 2215.42626953125, "wall_s": 17.577398538589478}, {"round": 10, "whittle_nats": -18124931.973800268, "whittle_move_per_cell": 0.0003075359885471039, "rig_converged": false, "adam_s_per_step": null, "rig_lbfgs_evals": 7, "rig_lbfgs_iters": 2, "rig_lbfgs_restart_iters": 1, "rig_s_per_eval": 1.0048530782972063, "latent_evals": 104, "latent_s_per_eval": 0.04415706258553725, "latent_cache_s": 2.677548408508301, "latent_wall_s": 7.325658321380615, "peak_mem_mb": 1454.7451171875, "latent_peak_mem_mb": 2215.42626953125, "wall_s": 17.56003427505493}, {"round": 11, "whittle_nats": -18125497.326284867, "whittle_move_per_cell": 0.00022615546778944086, "rig_converged": false, "adam_s_per_step": null, "rig_lbfgs_evals": 7, "rig_lbfgs_iters": 2, "rig_lbfgs_restart_iters": 1, "rig_s_per_eval": 1.0061138357434953, "latent_evals": 103, "latent_s_per_eval": 0.044223831695260354, "latent_cache_s": 2.676806926727295, "latent_wall_s": 7.287508964538574, "peak_mem_mb": 1454.7451171875, "latent_peak_mem_mb": 2215.42626953125, "wall_s": 17.537761926651}, {"round": 12, "whittle_nats": -18126085.125719815, "whittle_move_per_cell": 0.00023513482260813196, "rig_converged": false, "adam_s_per_step": null, "rig_lbfgs_evals": 7, "rig_lbfgs_iters": 2, "rig_lbfgs_restart_iters": 1, "rig_s_per_eval": 1.0056844438825334, "latent_evals": 102, "latent_s_per_eval": 0.0441360684002147, "latent_cache_s": 2.675410509109497, "latent_wall_s": 7.232598304748535, "peak_mem_mb": 1454.7451171875, "latent_peak_mem_mb": 2215.42626953125, "wall_s": 17.476009607315063}, {"round": 13, "whittle_nats": -18126518.674163505, "whittle_move_per_cell": 0.00017343047702650665, "rig_converged": false, "adam_s_per_step": null, "rig_lbfgs_evals": 7, "rig_lbfgs_iters": 2, "rig_lbfgs_restart_iters": 1, "rig_s_per_eval": 1.0075886930738176, "latent_evals": 104, "latent_s_per_eval": 0.04414721864920396, "latent_cache_s": 2.677279472351074, "latent_wall_s": 7.323818206787109, "peak_mem_mb": 1454.7451171875, "latent_peak_mem_mb": 2215.42626953125, "wall_s": 17.5863516330719}, {"round": 14, "whittle_nats": -18126940.853376556, "whittle_move_per_cell": 0.00016888249369989794, "rig_converged": false, "adam_s_per_step": null, "rig_lbfgs_evals": 7, "rig_lbfgs_iters": 2, "rig_lbfgs_restart_iters": 1, "rig_s_per_eval": 1.0072522163391113, "latent_evals": 105, "latent_s_per_eval": 0.044332177298409596, "latent_cache_s": 2.6785402297973633, "latent_wall_s": 7.39191198348999, "peak_mem_mb": 1454.7451171875, "latent_peak_mem_mb": 2215.42626953125, "wall_s": 17.648485898971558}, {"round": 15, "whittle_nats": -18127278.168571323, "whittle_move_per_cell": 0.00013493471372846602, "rig_converged": false, "adam_s_per_step": null, "rig_lbfgs_evals": 7, "rig_lbfgs_iters": 2, "rig_lbfgs_restart_iters": 1, "rig_s_per_eval": 1.0045561449868339, "latent_evals": 107, "latent_s_per_eval": 0.04432890125524218, "latent_cache_s": 2.6777215003967285, "latent_wall_s": 7.477025032043457, "peak_mem_mb": 1454.7451171875, "latent_peak_mem_mb": 2215.42626953125, "wall_s": 17.716493129730225}, {"round": 16, "whittle_nats": -18127578.653127614, "whittle_move_per_cell": 0.00012020151541348741, "rig_converged": false, "adam_s_per_step": null, "rig_lbfgs_evals": 7, "rig_lbfgs_iters": 2, "rig_lbfgs_restart_iters": 1, "rig_s_per_eval": 1.0073181561061315, "latent_evals": 106, "latent_s_per_eval": 0.04394178795364668, "latent_cache_s": 2.67836856842041, "latent_wall_s": 7.391634702682495, "peak_mem_mb": 1454.7451171875, "latent_peak_mem_mb": 2215.42626953125, "wall_s": 17.646136045455933}, {"round": 17, "whittle_nats": -18127844.071454134, "whittle_move_per_cell": 0.00010617412575181999, "rig_converged": true, "adam_s_per_step": null, "rig_lbfgs_evals": 7, "rig_lbfgs_iters": 2, "rig_lbfgs_restart_iters": 1, "rig_s_per_eval": 1.0060372693198067, "latent_evals": 104, "latent_s_per_eval": 0.04397097917703482, "latent_cache_s": 2.6786606311798096, "latent_wall_s": 7.30685019493103, "peak_mem_mb": 1454.7451171875, "latent_peak_mem_mb": 2215.42626953125, "wall_s": 17.551674365997314}, {"round": 18, "whittle_nats": -18128137.025196068, "whittle_move_per_cell": 0.00011718899686945983, "rig_converged": true, "adam_s_per_step": null, "rig_lbfgs_evals": 7, "rig_lbfgs_iters": 2, "rig_lbfgs_restart_iters": 1, "rig_s_per_eval": 1.0067499024527413, "latent_evals": 104, "latent_s_per_eval": 0.0442478908942296, "latent_cache_s": 2.6780731678009033, "latent_wall_s": 7.335804224014282, "peak_mem_mb": 1454.7451171875, "latent_peak_mem_mb": 2215.42626953125, "wall_s": 17.58661127090454}, {"round": 19, "whittle_nats": -18128399.359138507, "whittle_move_per_cell": 0.00010494029315452474, "rig_converged": true, "adam_s_per_step": null, "rig_lbfgs_evals": 7, "rig_lbfgs_iters": 2, "rig_lbfgs_restart_iters": 1, "rig_s_per_eval": 1.0073538507734026, "latent_evals": 105, "latent_s_per_eval": 0.044423675537109374, "latent_cache_s": 2.6794159412384033, "latent_wall_s": 7.399781227111816, "peak_mem_mb": 1454.7451171875, "latent_peak_mem_mb": 2215.42626953125, "wall_s": 17.663129806518555}, {"round": 20, "whittle_nats": -18128619.55609441, "whittle_move_per_cell": 8.808441976461077e-05, "rig_converged": true, "adam_s_per_step": null, "rig_lbfgs_evals": 7, "rig_lbfgs_iters": 2, "rig_lbfgs_restart_iters": 1, "rig_s_per_eval": 1.006525686808995, "latent_evals": 104, "latent_s_per_eval": 0.04425566930037279, "latent_cache_s": 2.6792426109313965, "latent_wall_s": 7.337645053863525, "peak_mem_mb": 1454.7451171875, "latent_peak_mem_mb": 2215.42626953125, "wall_s": 17.594151735305786}], "polish": {"frames": 310, "subset_frames": 64, "loss_note": "Whittle - rig log prior on the FULL pool at the final latents", "loss_at_subset_optimum": -18123126.228090376, "loss_polished": -18123348.74129411, "gain_nats": 222.51320373266935, "gain_per_cell": 8.901097819567227e-05, "whittle_at_subset_optimum": -18128619.55609441, "whittle_polished": -18128835.571394928, "rig_converged": true, "adam_s_per_step": null, "rig_lbfgs_evals": 6, "rig_lbfgs_iters": 1, "rig_lbfgs_restart_iters": 1, "rig_s_per_eval": 4.978941520055135, "peak_mem_mb": 1441.1845703125, "wall_s": 37.785653829574585}, "front_end": {"sr": 16000, "n_fft": 2048, "hop": 512, "sr_work": 32000, "n_fft_work": 4096}, "latent_fit": {"windows": 5, "n_blocks": [16, 16, 16, 16, 16], "line_dtype": "torch.float64", "tracks": ["d", "u", "uj", "v"], "loss_before": -18054845.89765129, "loss_after": -18055071.943678275, "evals": 104, "cache_s": 2.6792426109313965, "s_per_eval": 0.04425566930037279, "wall_s": 7.337377309799194}, "sigma_nu": 4.137181355974035, "gamma_median": 1.6686170890311183, "gamma_median_per_rotor": [1.2696, 1.6262, 1.8618, 2.1247], "gamma_max_per_rotor": [19.216, 37.728, 10.349, 24.303], "gamma_argmax_k_per_rotor": [69, 26, 43, 70], "gamma_over_50hz": 0, "gamma_shape": [4, 88], "amp_exp": 0.8621139500314879, "span_pins": [], "speed_span": 1.7439177672059125, "init_from": {"source": "results/noise_v2/rounds/round5/fits/dregon_room2_floor__flight_profile.json", "schema": "noise-v2-fit/2", "mode": "flight_profile", "git": "1c6ac3372c13f9c7d457fbd70694748466c49562", "sites": ["amp_exp", "floor_exp", "floor_static_rel", "gamma_hz", "profile_db", "sigma_nu"], "clipped": {"sigma_nu": 0, "gamma_hz": 246, "profile_db": 2, "amp_exp": 0, "floor_exp": 1, "floor_static_rel": 1, "floor_shape_z": 0}, "prior_box_quantiles": [0.001, 0.999], "floor_start": "measured", "objective_at_v2_floor": -15542065.170985334, "objective_at_measured_floor": -17592338.663814772, "objective_at_measured_start": -16827997.47058473, "not_v3_sites": {"lam": 0.06080034059031183, "note": "lam is pinned in v3 flight; v2 mic gains are data-normalised"}}, "batch": {"grid": {"sr": 16000, "n_fft": 2048, "hop": 512, "sr_work": 32000, "n_fft_work": 4096}, "n_frames_total": 1235, "n_frames_used": 310, "frame_stride": 4, "exposure_scale": 3.9838709677419355, "carrier_min_rev_s": 51.609806060791016, "carrier_max_rev_s": 90.00325775146484, "speed_span": 1.7439177672059125, "channel_gains": {"gains_db": [-0.434143, 2.35016, -2.75961, 0.18454, 0.188282, 0.536058, -0.696069, 0.630782], "source": "results/noise_v2/mic_gains/mic_gains.json", "rig": "dregon", "rule": "rank-one floor gain per channel on the 1/3-octave bands >= 500 Hz (rigs.<rig>.wind.excess_db_above_500hz), re-centred on the channels used; each channel's periodogram is divided by 10^(g/10)"}}}
Error in sitecustomize; set PYTHONVERBOSE for traceback:
ModuleNotFoundError: No module named 'wrapt'
V3GPU seed=1 start
16:49:24   adam     0  loss -1.7643e+07
16:49:24   adam    50  loss -1.70737e+07
16:49:24   adam   100  loss -1.76424e+07
16:49:24   adam   150  loss -1.74544e+07
16:49:24   adam   200  loss -1.85026e+07
16:49:24   adam   250  loss -1.79011e+07
16:49:24   v3 round 0: whittle -1.77965e+07
16:49:24   v3 round 1: whittle -1.80936e+07  move/cell 0.119
16:49:24   v3 round 2: whittle -1.81083e+07  move/cell 0.00586
16:49:24   v3 round 3: whittle -1.81154e+07  move/cell 0.00287
16:49:24   v3 round 4: whittle -1.81197e+07  move/cell 0.00172
16:49:24   v3 round 5: whittle -1.81226e+07  move/cell 0.00113
16:49:24   v3 round 6: whittle -1.81243e+07  move/cell 0.000693
16:49:24   v3 round 7: whittle -1.81256e+07  move/cell 0.000513
16:49:24   v3 round 8: whittle -1.81266e+07  move/cell 0.00039
16:49:24   v3 round 9: whittle -1.81272e+07  move/cell 0.000255
16:49:24   v3 round 10: whittle -1.81278e+07  move/cell 0.000222
16:49:24   v3 round 11: whittle -1.81282e+07  move/cell 0.000186
16:49:24   v3 round 12: whittle -1.81286e+07  move/cell 0.000168
16:49:24   v3 round 13: whittle -1.8129e+07  move/cell 0.000143
16:49:24   v3 round 14: whittle -1.81293e+07  move/cell 0.000107
16:49:24   v3 round 15: whittle -1.81296e+07  move/cell 0.000127
16:49:24   v3 round 16: whittle -1.81298e+07  move/cell 0.000106
16:49:24   v3 round 17: whittle -1.81301e+07  move/cell 9.69e-05
16:49:24   v3 all-frames polish: whittle -1.81303e+07  gain/cell 7.57e-05
16:49:24 ('dregon_room2_floor__flight_v3__s1', 'ok')
16:49:24 {
16:49:24  "n_units": 1,
16:49:24  "n_converged": 1,
16:49:24  "not_converged": [],
16:49:24  "slowest_s": 398.94064712524414,
16:49:24  "fits": [
16:49:24   "results/noise_v3/fits_r2/restarts/dregon_room2_floor__flight_v3__s1.json"
16:49:24  ]
16:49:24 }
16:49:24 # wrote results/noise_v3/fits_r2/findings.md
V3GPU seed=1 fit exit=0 fit_wall_s=404 total_wall_s=933
Error in sitecustomize; set PYTHONVERBOSE for traceback:
ModuleNotFoundError: No module named 'wrapt'
FIT_SUMMARY {"file": "results/noise_v3/fits_r2/restarts/dregon_room2_floor__flight_v3__s1.json", "git": "0b87c5ebee5769f78b235e62b1481eb67419fb08", "device": "cuda:0", "line_kernel": "unit_autocorr", "chunk_frames": 16, "lbfgs_rtol": 1e-05, "wall_s": 398.94064712524414, "peak_mem_mb": 2215.42626953125, "converged": true, "which_converged": "alternation+lbfgs", "alternation_converged": true, "rig_converged": true, "rounds_run": 17, "total_nats": -18051183.465408612, "whittle_nats": -18130264.14331661, "whittle_latents_zero_nats": -17796518.15375494, "rig_neg_log_prior_nats": 5569.169527806858, "ou_neg_log_prior_nats": 73511.50838019459, "n_cells": 2499840, "total_per_cell": -7.2209355260371115, "first_rig": {"adam_steps": 300, "lbfgs_frames": 64, "lbfgs_frames_used": 64, "lbfgs_stratified": true, "adam_wall_s": 35.15867567062378, "lbfgs_wall_s": 7.604248046875, "lbfgs_evals": 5, "lbfgs_restart_evals": 3, "lbfgs_iters_used": 3, "lbfgs_restart_iters_used": 1, "lbfgs_loss_before": -17833418.402686246, "lbfgs_loss_first_pass": -17836307.39660464, "lbfgs_loss_after_restart": -17836463.135588657, "lbfgs_restart_gain_per_cell": 0.0003017635944060102, "converged": false, "peak_mem_mb": null}, "last_rig": {"adam_steps": 0, "lbfgs_frames": null, "lbfgs_frames_used": 310, "lbfgs_stratified": true, "adam_wall_s": 1.6927719116210938e-05, "lbfgs_wall_s": 29.819281816482544, "lbfgs_evals": 3, "lbfgs_restart_evals": 3, "lbfgs_iters_used": 1, "lbfgs_restart_iters_used": 1, "lbfgs_loss_before": -18124505.719584387, "lbfgs_loss_first_pass": -18124654.772451445, "lbfgs_loss_after_restart": -18124694.973788805, "lbfgs_restart_gain_per_cell": 1.6081564164044752e-05, "converged": true, "peak_mem_mb": null}, "history": [{"round": 0, "whittle_nats": -17796518.15375494, "rig_converged": false, "adam_s_per_step": 0.11719558556874593, "rig_lbfgs_evals": 8, "rig_lbfgs_iters": 3, "rig_lbfgs_restart_iters": 1, "rig_s_per_eval": 0.950531005859375, "peak_mem_mb": 1394.486328125, "wall_s": 61.9384970664978}, {"round": 1, "whittle_nats": -18093618.940793213, "whittle_move_per_cell": 0.1188479210822589, "rig_converged": true, "adam_s_per_step": null, "rig_lbfgs_evals": 7, "rig_lbfgs_iters": 2, "rig_lbfgs_restart_iters": 1, "rig_s_per_eval": 1.0009799684797014, "latent_evals": 106, "latent_s_per_eval": 0.0442200426785451, "latent_cache_s": 2.675600528717041, "latent_wall_s": 7.421552896499634, "peak_mem_mb": 1454.72412109375, "latent_peak_mem_mb": 2215.4052734375, "wall_s": 17.618740797042847}, {"round": 2, "whittle_nats": -18108264.168896295, "whittle_move_per_cell": 0.005858466183068767, "rig_converged": true, "adam_s_per_step": null, "rig_lbfgs_evals": 7, "rig_lbfgs_iters": 2, "rig_lbfgs_restart_iters": 1, "rig_s_per_eval": 1.002171414239066, "latent_evals": 107, "latent_s_per_eval": 0.04366503252047245, "latent_cache_s": 2.6562910079956055, "latent_wall_s": 7.385088920593262, "peak_mem_mb": 1454.7451171875, "latent_peak_mem_mb": 2215.42626953125, "wall_s": 17.594961166381836}, {"round": 3, "whittle_nats": -18115446.35688342, "whittle_move_per_cell": 0.0028730590706310846, "rig_converged": false, "adam_s_per_step": null, "rig_lbfgs_evals": 7, "rig_lbfgs_iters": 2, "rig_lbfgs_restart_iters": 1, "rig_s_per_eval": 1.008650881903512, "latent_evals": 105, "latent_s_per_eval": 0.04421978223891485, "latent_cache_s": 2.6727325916290283, "latent_wall_s": 7.371243000030518, "peak_mem_mb": 1454.7451171875, "latent_peak_mem_mb": 2215.42626953125, "wall_s": 17.65105962753296}, {"round": 4, "whittle_nats": -18119737.94937997, "whittle_move_per_cell": 0.001716746870418846, "rig_converged": false, "adam_s_per_step": null, "rig_lbfgs_evals": 7, "rig_lbfgs_iters": 2, "rig_lbfgs_restart_iters": 1, "rig_s_per_eval": 1.01377991267613, "latent_evals": 106, "latent_s_per_eval": 0.044258500045200565, "latent_cache_s": 2.692573308944702, "latent_wall_s": 7.439306974411011, "peak_mem_mb": 1454.7451171875, "latent_peak_mem_mb": 2215.42626953125, "wall_s": 17.75880789756775}, {"round": 5, "whittle_nats": -18122568.185751386, "whittle_move_per_cell": 0.0011321670072551037, "rig_converged": false, "adam_s_per_step": null, "rig_lbfgs_evals": 7, "rig_lbfgs_iters": 2, "rig_lbfgs_restart_iters": 1, "rig_s_per_eval": 1.0058972494942802, "latent_evals": 107, "latent_s_per_eval": 0.044411737228108344, "latent_cache_s": 2.6897284984588623, "latent_wall_s": 7.498255729675293, "peak_mem_mb": 1454.7451171875, "latent_peak_mem_mb": 2215.42626953125, "wall_s": 17.744170427322388}, {"round": 6, "whittle_nats": -18124299.490147766, "whittle_move_per_cell": 0.0006925660827811936, "rig_converged": false, "adam_s_per_step": null, "rig_lbfgs_evals": 7, "rig_lbfgs_iters": 2, "rig_lbfgs_restart_iters": 1, "rig_s_per_eval": 1.0061476230621338, "latent_evals": 105, "latent_s_per_eval": 0.04407571383884975, "latent_cache_s": 2.676647186279297, "latent_wall_s": 7.360025405883789, "peak_mem_mb": 1454.7451171875, "latent_peak_mem_mb": 2215.42626953125, "wall_s": 17.60632848739624}, {"round": 7, "whittle_nats": -18125582.45018983, "whittle_move_per_cell": 0.0005132168627044718, "rig_converged": false, "adam_s_per_step": null, "rig_lbfgs_evals": 7, "rig_lbfgs_iters": 2, "rig_lbfgs_restart_iters": 1, "rig_s_per_eval": 1.0065356663295202, "latent_evals": 103, "latent_s_per_eval": 0.044304426433970624, "latent_cache_s": 2.67549467086792, "latent_wall_s": 7.2961225509643555, "peak_mem_mb": 1454.7451171875, "latent_peak_mem_mb": 2215.42626953125, "wall_s": 17.550026893615723}, {"round": 8, "whittle_nats": -18126558.24393384, "whittle_move_per_cell": 0.0003903424795237749, "rig_converged": false, "adam_s_per_step": null, "rig_lbfgs_evals": 7, "rig_lbfgs_iters": 2, "rig_lbfgs_restart_iters": 1, "rig_s_per_eval": 1.0096132414681571, "latent_evals": 103, "latent_s_per_eval": 0.04435691092778178, "latent_cache_s": 2.6798088550567627, "latent_wall_s": 7.30466365814209, "peak_mem_mb": 1454.7451171875, "latent_peak_mem_mb": 2215.42626953125, "wall_s": 17.58784794807434}, {"round": 9, "whittle_nats": -18127195.49280506, "whittle_move_per_cell": 0.0002549158631026038, "rig_converged": false, "adam_s_per_step": null, "rig_lbfgs_evals": 7, "rig_lbfgs_iters": 2, "rig_lbfgs_restart_iters": 1, "rig_s_per_eval": 1.0080681187765939, "latent_evals": 103, "latent_s_per_eval": 0.04427836010757002, "latent_cache_s": 2.68534255027771, "latent_wall_s": 7.301206111907959, "peak_mem_mb": 1454.7451171875, "latent_peak_mem_mb": 2215.42626953125, "wall_s": 17.574430465698242}, {"round": 10, "whittle_nats": -18127751.126616865, "whittle_move_per_cell": 0.00022226774985814983, "rig_converged": false, "adam_s_per_step": null, "rig_lbfgs_evals": 7, "rig_lbfgs_iters": 2, "rig_lbfgs_restart_iters": 1, "rig_s_per_eval": 1.0082306180681502, "latent_evals": 105, "latent_s_per_eval": 0.04408014388311477, "latent_cache_s": 2.6883058547973633, "latent_wall_s": 7.372790575027466, "peak_mem_mb": 1454.7451171875, "latent_peak_mem_mb": 2215.42626953125, "wall_s": 17.641088724136353}, {"round": 11, "whittle_nats": -18128215.477400135, "whittle_move_per_cell": 0.00018575220144883368, "rig_converged": false, "adam_s_per_step": null, "rig_lbfgs_evals": 7, "rig_lbfgs_iters": 2, "rig_lbfgs_restart_iters": 1, "rig_s_per_eval": 1.007887669972011, "latent_evals": 104, "latent_s_per_eval": 0.04411055950018076, "latent_cache_s": 2.6825432777404785, "latent_wall_s": 7.3259947299957275, "peak_mem_mb": 1454.7451171875, "latent_peak_mem_mb": 2215.42626953125, "wall_s": 17.58858895301819}, {"round": 12, "whittle_nats": -18128634.658162255, "whittle_move_per_cell": 0.00016768303656217648, "rig_converged": false, "adam_s_per_step": null, "rig_lbfgs_evals": 7, "rig_lbfgs_iters": 2, "rig_lbfgs_restart_iters": 1, "rig_s_per_eval": 1.0068777629307337, "latent_evals": 105, "latent_s_per_eval": 0.04398245357331775, "latent_cache_s": 2.680986166000366, "latent_wall_s": 7.354489326477051, "peak_mem_mb": 1454.7451171875, "latent_peak_mem_mb": 2215.42626953125, "wall_s": 17.6123526096344}, {"round": 13, "whittle_nats": -18128992.246792335, "whittle_move_per_cell": 0.00014304460688693, "rig_converged": false, "adam_s_per_step": null, "rig_lbfgs_evals": 7, "rig_lbfgs_iters": 2, "rig_lbfgs_restart_iters": 1, "rig_s_per_eval": 1.0067807606288366, "latent_evals": 103, "latent_s_per_eval": 0.04423385453455656, "latent_cache_s": 2.679168224334717, "latent_wall_s": 7.290951728820801, "peak_mem_mb": 1454.7451171875, "latent_peak_mem_mb": 2215.42626953125, "wall_s": 17.54302144050598}, {"round": 14, "whittle_nats": -18129260.851967975, "whittle_move_per_cell": 0.0001074489469887809, "rig_converged": true, "adam_s_per_step": null, "rig_lbfgs_evals": 7, "rig_lbfgs_iters": 2, "rig_lbfgs_restart_iters": 1, "rig_s_per_eval": 1.0063629831586565, "latent_evals": 103, "latent_s_per_eval": 0.04376308431903136, "latent_cache_s": 2.6778969764709473, "latent_wall_s": 7.24049711227417, "peak_mem_mb": 1454.7451171875, "latent_peak_mem_mb": 2215.42626953125, "wall_s": 17.486719131469727}, {"round": 15, "whittle_nats": -18129577.776166353, "whittle_move_per_cell": 0.0001267777931299113, "rig_converged": true, "adam_s_per_step": null, "rig_lbfgs_evals": 7, "rig_lbfgs_iters": 2, "rig_lbfgs_restart_iters": 1, "rig_s_per_eval": 1.0050763062068395, "latent_evals": 104, "latent_s_per_eval": 0.04416773640192472, "latent_cache_s": 2.6781563758850098, "latent_wall_s": 7.32708477973938, "peak_mem_mb": 1454.7451171875, "latent_peak_mem_mb": 2215.42626953125, "wall_s": 17.56464433670044}, {"round": 16, "whittle_nats": -18129841.682472356, "whittle_move_per_cell": 0.00010556927883476104, "rig_converged": true, "adam_s_per_step": null, "rig_lbfgs_evals": 7, "rig_lbfgs_iters": 2, "rig_lbfgs_restart_iters": 1, "rig_s_per_eval": 1.006619964327131, "latent_evals": 103, "latent_s_per_eval": 0.04409946515722182, "latent_cache_s": 2.6770639419555664, "latent_wall_s": 7.275507688522339, "peak_mem_mb": 1454.7451171875, "latent_peak_mem_mb": 2215.42626953125, "wall_s": 17.52286696434021}, {"round": 17, "whittle_nats": -18130083.910775773, "whittle_move_per_cell": 9.689752280848512e-05, "rig_converged": true, "adam_s_per_step": null, "rig_lbfgs_evals": 7, "rig_lbfgs_iters": 2, "rig_lbfgs_restart_iters": 1, "rig_s_per_eval": 1.0046648638589042, "latent_evals": 105, "latent_s_per_eval": 0.044158492769513814, "latent_cache_s": 2.675816774368286, "latent_wall_s": 7.367615222930908, "peak_mem_mb": 1454.7451171875, "latent_peak_mem_mb": 2215.42626953125, "wall_s": 17.605088710784912}], "polish": {"frames": 310, "subset_frames": 64, "loss_note": "Whittle - rig log prior on the FULL pool at the final latents", "loss_at_subset_optimum": -18124505.719584387, "loss_polished": -18124694.973788805, "gain_nats": 189.2542044185102, "gain_per_cell": 7.570652698513113e-05, "whittle_at_subset_optimum": -18130083.910775773, "whittle_polished": -18130264.14331661, "rig_converged": true, "adam_s_per_step": null, "rig_lbfgs_evals": 6, "rig_lbfgs_iters": 1, "rig_lbfgs_restart_iters": 1, "rig_s_per_eval": 4.96988030274709, "peak_mem_mb": 1441.1845703125, "wall_s": 37.72740459442139}, "front_end": {"sr": 16000, "n_fft": 2048, "hop": 512, "sr_work": 32000, "n_fft_work": 4096}, "latent_fit": {"windows": 5, "n_blocks": [16, 16, 16, 16, 16], "line_dtype": "torch.float64", "tracks": ["d", "u", "uj", "v"], "loss_before": -18056415.46849625, "loss_after": -18056653.05442026, "evals": 105, "cache_s": 2.675816774368286, "s_per_eval": 0.044158492769513814, "wall_s": 7.367388486862183}, "sigma_nu": 4.051983939910157, "gamma_median": 1.566990281211031, "gamma_median_per_rotor": [1.2997, 1.4877, 1.6455, 1.9701], "gamma_max_per_rotor": [21.401, 40.422, 12.97, 23.925], "gamma_argmax_k_per_rotor": [69, 26, 55, 70], "gamma_over_50hz": 0, "gamma_shape": [4, 88], "amp_exp": 0.7406141215753016, "span_pins": [], "speed_span": 1.7439177672059125, "init_from": {"source": "results/noise_v2/rounds/round5/fits/dregon_room2_floor__flight_profile.json", "schema": "noise-v2-fit/2", "mode": "flight_profile", "git": "1c6ac3372c13f9c7d457fbd70694748466c49562", "sites": ["amp_exp", "floor_exp", "floor_static_rel", "gamma_hz", "profile_db", "sigma_nu"], "clipped": {"sigma_nu": 0, "gamma_hz": 246, "profile_db": 2, "amp_exp": 0, "floor_exp": 1, "floor_static_rel": 1, "floor_shape_z": 0}, "prior_box_quantiles": [0.001, 0.999], "floor_start": "measured", "objective_at_v2_floor": -15542065.170985334, "objective_at_measured_floor": -17592338.663814772, "objective_at_measured_start": -16827997.47058473, "not_v3_sites": {"lam": 0.06080034059031183, "note": "lam is pinned in v3 flight; v2 mic gains are data-normalised"}}, "batch": {"grid": {"sr": 16000, "n_fft": 2048, "hop": 512, "sr_work": 32000, "n_fft_work": 4096}, "n_frames_total": 1235, "n_frames_used": 310, "frame_stride": 4, "exposure_scale": 3.9838709677419355, "carrier_min_rev_s": 51.609806060791016, "carrier_max_rev_s": 90.00325775146484, "speed_span": 1.7439177672059125, "channel_gains": {"gains_db": [-0.434143, 2.35016, -2.75961, 0.18454, 0.188282, 0.536058, -0.696069, 0.630782], "source": "results/noise_v2/mic_gains/mic_gains.json", "rig": "dregon", "rule": "rank-one floor gain per channel on the 1/3-octave bands >= 500 Hz (rigs.<rig>.wind.excess_db_above_500hz), re-centred on the channels used; each channel's periodogram is divided by 10^(g/10)"}}}
Error in sitecustomize; set PYTHONVERBOSE for traceback:
ModuleNotFoundError: No module named 'wrapt'
V3GPU seed=2 start
16:55:39   adam     0  loss -1.79491e+07
16:55:39   adam    50  loss -1.80344e+07
16:55:39   adam   100  loss -1.78019e+07
16:55:39   adam   150  loss -1.78969e+07
16:55:40   adam   200  loss -1.796e+07
16:55:40   adam   250  loss -1.68324e+07
16:55:40   v3 round 0: whittle -1.7795e+07
16:55:40   v3 round 1: whittle -1.80932e+07  move/cell 0.119
16:55:40   v3 round 2: whittle -1.81083e+07  move/cell 0.00606
16:55:40   v3 round 3: whittle -1.81158e+07  move/cell 0.00301
16:55:40   v3 round 4: whittle -1.81201e+07  move/cell 0.00173
16:55:40   v3 round 5: whittle -1.81229e+07  move/cell 0.0011
16:55:40   v3 round 6: whittle -1.81246e+07  move/cell 0.000698
16:55:40   v3 round 7: whittle -1.81258e+07  move/cell 0.000455
16:55:40   v3 round 8: whittle -1.81267e+07  move/cell 0.000367
16:55:40   v3 round 9: whittle -1.81273e+07  move/cell 0.000246
16:55:40   v3 round 10: whittle -1.81279e+07  move/cell 0.000234
16:55:40   v3 round 11: whittle -1.81284e+07  move/cell 0.000193
16:55:40   v3 round 12: whittle -1.81289e+07  move/cell 0.000207
16:55:40   v3 round 13: whittle -1.81293e+07  move/cell 0.000157
16:55:40   v3 round 14: whittle -1.81296e+07  move/cell 0.000135
16:55:40   v3 round 15: whittle -1.81298e+07  move/cell 9.2e-05
16:55:40   v3 all-frames polish: whittle -1.813e+07  gain/cell 8.5e-05
16:55:40 ('dregon_room2_floor__flight_v3__s2', 'ok')
16:55:40 {
16:55:40  "n_units": 1,
16:55:40  "n_converged": 1,
16:55:40  "not_converged": [],
16:55:40  "slowest_s": 365.27797079086304,
16:55:40  "fits": [
16:55:40   "results/noise_v3/fits_r2/restarts/dregon_room2_floor__flight_v3__s2.json"
16:55:40  ]
16:55:40 }
16:55:40 # wrote results/noise_v3/fits_r2/findings.md
V3GPU seed=2 fit exit=0 fit_wall_s=371 total_wall_s=1309
Error in sitecustomize; set PYTHONVERBOSE for traceback:
ModuleNotFoundError: No module named 'wrapt'
FIT_SUMMARY {"file": "results/noise_v3/fits_r2/restarts/dregon_room2_floor__flight_v3__s2.json", "git": "0b87c5ebee5769f78b235e62b1481eb67419fb08", "device": "cuda:0", "line_kernel": "unit_autocorr", "chunk_frames": 16, "lbfgs_rtol": 1e-05, "wall_s": 365.27797079086304, "peak_mem_mb": 2215.42626953125, "converged": true, "which_converged": "alternation+lbfgs", "alternation_converged": true, "rig_converged": true, "rounds_run": 15, "total_nats": -18051045.02188644, "whittle_nats": -18130041.218108915, "whittle_latents_zero_nats": -17795034.976352274, "rig_neg_log_prior_nats": 5628.763144375837, "ou_neg_log_prior_nats": 73367.4330780964, "n_cells": 2499840, "total_per_cell": -7.2208801450838624, "first_rig": {"adam_steps": 300, "lbfgs_frames": 64, "lbfgs_frames_used": 64, "lbfgs_stratified": true, "adam_wall_s": 35.258136510849, "lbfgs_wall_s": 8.36601185798645, "lbfgs_evals": 6, "lbfgs_restart_evals": 3, "lbfgs_iters_used": 4, "lbfgs_restart_iters_used": 1, "lbfgs_loss_before": -17825399.20403076, "lbfgs_loss_first_pass": -17834211.338983867, "lbfgs_loss_after_restart": -17834309.45258339, "lbfgs_restart_gain_per_cell": 0.00019010726594258034, "converged": false, "peak_mem_mb": null}, "last_rig": {"adam_steps": 0, "lbfgs_frames": null, "lbfgs_frames_used": 310, "lbfgs_stratified": true, "adam_wall_s": 1.621246337890625e-05, "lbfgs_wall_s": 29.844133615493774, "lbfgs_evals": 3, "lbfgs_restart_evals": 3, "lbfgs_iters_used": 1, "lbfgs_restart_iters_used": 1, "lbfgs_loss_before": -18124200.09087157, "lbfgs_loss_first_pass": -18124362.535633665, "lbfgs_loss_after_restart": -18124412.454964545, "lbfgs_restart_gain_per_cell": 1.996901036868195e-05, "converged": true, "peak_mem_mb": null}, "history": [{"round": 0, "whittle_nats": -17795034.976352274, "rig_converged": false, "adam_s_per_step": 0.11752712170283, "rig_lbfgs_evals": 9, "rig_lbfgs_iters": 4, "rig_lbfgs_restart_iters": 1, "rig_s_per_eval": 0.9295568731096056, "peak_mem_mb": 1394.486328125, "wall_s": 62.81188416481018}, {"round": 1, "whittle_nats": -18093155.407682702, "whittle_move_per_cell": 0.11925580490368484, "rig_converged": true, "adam_s_per_step": null, "rig_lbfgs_evals": 7, "rig_lbfgs_iters": 2, "rig_lbfgs_restart_iters": 1, "rig_s_per_eval": 0.998250927243914, "latent_evals": 105, "latent_s_per_eval": 0.04416538647242955, "latent_cache_s": 2.6680359840393066, "latent_wall_s": 7.363820552825928, "peak_mem_mb": 1454.72412109375, "latent_peak_mem_mb": 2215.4052734375, "wall_s": 17.541762590408325}, {"round": 2, "whittle_nats": -18108297.060585387, "whittle_move_per_cell": 0.006057048812198023, "rig_converged": true, "adam_s_per_step": null, "rig_lbfgs_evals": 7, "rig_lbfgs_iters": 2, "rig_lbfgs_restart_iters": 1, "rig_s_per_eval": 1.0046539306640625, "latent_evals": 105, "latent_s_per_eval": 0.04373167355855306, "latent_cache_s": 2.6603660583496094, "latent_wall_s": 7.30766487121582, "peak_mem_mb": 1454.7451171875, "latent_peak_mem_mb": 2215.42626953125, "wall_s": 17.538639783859253}, {"round": 3, "whittle_nats": -18115828.092476957, "whittle_move_per_cell": 0.0030126055633838546, "rig_converged": false, "adam_s_per_step": null, "rig_lbfgs_evals": 7, "rig_lbfgs_iters": 2, "rig_lbfgs_restart_iters": 1, "rig_s_per_eval": 1.0112637792314803, "latent_evals": 104, "latent_s_per_eval": 0.04433635106453529, "latent_cache_s": 2.6781280040740967, "latent_wall_s": 7.345489740371704, "peak_mem_mb": 1454.7451171875, "latent_peak_mem_mb": 2215.42626953125, "wall_s": 17.649030208587646}, {"round": 4, "whittle_nats": -18120141.625680342, "whittle_move_per_cell": 0.0017255237148720598, "rig_converged": false, "adam_s_per_step": null, "rig_lbfgs_evals": 7, "rig_lbfgs_iters": 2, "rig_lbfgs_restart_iters": 1, "rig_s_per_eval": 1.0109024388449532, "latent_evals": 105, "latent_s_per_eval": 0.04486406871250698, "latent_cache_s": 2.698160171508789, "latent_wall_s": 7.465899467468262, "peak_mem_mb": 1454.7451171875, "latent_peak_mem_mb": 2215.42626953125, "wall_s": 17.760082960128784}, {"round": 5, "whittle_nats": -18122882.357011434, "whittle_move_per_cell": 0.0010963626996493272, "rig_converged": false, "adam_s_per_step": null, "rig_lbfgs_evals": 7, "rig_lbfgs_iters": 2, "rig_lbfgs_restart_iters": 1, "rig_s_per_eval": 1.0063400268554688, "latent_evals": 104, "latent_s_per_eval": 0.0444756058546213, "latent_cache_s": 2.687335729598999, "latent_wall_s": 7.368441104888916, "peak_mem_mb": 1454.7451171875, "latent_peak_mem_mb": 2215.42626953125, "wall_s": 17.617235898971558}, {"round": 6, "whittle_nats": -18124626.42178563, "whittle_move_per_cell": 0.0006976705605945161, "rig_converged": false, "adam_s_per_step": null, "rig_lbfgs_evals": 7, "rig_lbfgs_iters": 2, "rig_lbfgs_restart_iters": 1, "rig_s_per_eval": 1.005462646484375, "latent_evals": 105, "latent_s_per_eval": 0.044422574270339237, "latent_cache_s": 2.6736507415771484, "latent_wall_s": 7.393909454345703, "peak_mem_mb": 1454.7451171875, "latent_peak_mem_mb": 2215.42626953125, "wall_s": 17.633477687835693}, {"round": 7, "whittle_nats": -18125763.747179426, "whittle_move_per_cell": 0.0004549592749119812, "rig_converged": false, "adam_s_per_step": null, "rig_lbfgs_evals": 7, "rig_lbfgs_iters": 2, "rig_lbfgs_restart_iters": 1, "rig_s_per_eval": 1.0065300805228097, "latent_evals": 107, "latent_s_per_eval": 0.04419219605276518, "latent_cache_s": 2.676445722579956, "latent_wall_s": 7.460606575012207, "peak_mem_mb": 1454.7451171875, "latent_peak_mem_mb": 2215.42626953125, "wall_s": 17.71937870979309}, {"round": 8, "whittle_nats": -18126682.04495395, "whittle_move_per_cell": 0.00036734261973706185, "rig_converged": false, "adam_s_per_step": null, "rig_lbfgs_evals": 7, "rig_lbfgs_iters": 2, "rig_lbfgs_restart_iters": 1, "rig_s_per_eval": 1.0090366091047014, "latent_evals": 102, "latent_s_per_eval": 0.044640304995518104, "latent_cache_s": 2.6781556606292725, "latent_wall_s": 7.287339687347412, "peak_mem_mb": 1454.7451171875, "latent_peak_mem_mb": 2215.42626953125, "wall_s": 17.560240507125854}, {"round": 9, "whittle_nats": -18127296.624542113, "whittle_move_per_cell": 0.00024584756950990624, "rig_converged": false, "adam_s_per_step": null, "rig_lbfgs_evals": 7, "rig_lbfgs_iters": 2, "rig_lbfgs_restart_iters": 1, "rig_s_per_eval": 1.0090202263423376, "latent_evals": 108, "latent_s_per_eval": 0.04452798984668873, "latent_cache_s": 2.6829757690429688, "latent_wall_s": 7.550188064575195, "peak_mem_mb": 1454.7451171875, "latent_peak_mem_mb": 2215.42626953125, "wall_s": 17.832143783569336}, {"round": 10, "whittle_nats": -18127880.77019698, "whittle_move_per_cell": 0.00023367321703322394, "rig_converged": false, "adam_s_per_step": null, "rig_lbfgs_evals": 7, "rig_lbfgs_iters": 2, "rig_lbfgs_restart_iters": 1, "rig_s_per_eval": 1.0100909641810827, "latent_evals": 104, "latent_s_per_eval": 0.04445194281064547, "latent_cache_s": 2.6826536655426025, "latent_wall_s": 7.3624091148376465, "peak_mem_mb": 1454.7451171875, "latent_peak_mem_mb": 2215.42626953125, "wall_s": 17.64991784095764}, {"round": 11, "whittle_nats": -18128363.573900905, "whittle_move_per_cell": 0.00019313384213500798, "rig_converged": false, "adam_s_per_step": null, "rig_lbfgs_evals": 7, "rig_lbfgs_iters": 2, "rig_lbfgs_restart_iters": 1, "rig_s_per_eval": 1.0095433848244804, "latent_evals": 103, "latent_s_per_eval": 0.04466595233065411, "latent_cache_s": 2.6854987144470215, "latent_wall_s": 7.342057466506958, "peak_mem_mb": 1454.7451171875, "latent_peak_mem_mb": 2215.42626953125, "wall_s": 17.619893074035645}, {"round": 12, "whittle_nats": -18128881.305901043, "whittle_move_per_cell": 0.00020710605484295419, "rig_converged": false, "adam_s_per_step": null, "rig_lbfgs_evals": 7, "rig_lbfgs_iters": 2, "rig_lbfgs_restart_iters": 1, "rig_s_per_eval": 1.0096972329275948, "latent_evals": 104, "latent_s_per_eval": 0.04517578620177049, "latent_cache_s": 2.685960054397583, "latent_wall_s": 7.4403979778289795, "peak_mem_mb": 1454.7451171875, "latent_peak_mem_mb": 2215.42626953125, "wall_s": 17.72546935081482}, {"round": 13, "whittle_nats": -18129273.17211521, "whittle_move_per_cell": 0.00015675651808408806, "rig_converged": false, "adam_s_per_step": null, "rig_lbfgs_evals": 7, "rig_lbfgs_iters": 2, "rig_lbfgs_restart_iters": 1, "rig_s_per_eval": 1.0083259854997908, "latent_evals": 103, "latent_s_per_eval": 0.04469592825880329, "latent_cache_s": 2.682593822479248, "latent_wall_s": 7.343123197555542, "peak_mem_mb": 1454.7451171875, "latent_peak_mem_mb": 2215.42626953125, "wall_s": 17.618428707122803}, {"round": 14, "whittle_nats": -18129609.542199533, "whittle_move_per_cell": 0.00013455664535449828, "rig_converged": false, "adam_s_per_step": null, "rig_lbfgs_evals": 7, "rig_lbfgs_iters": 2, "rig_lbfgs_restart_iters": 1, "rig_s_per_eval": 1.005469492503575, "latent_evals": 103, "latent_s_per_eval": 0.044223104865805614, "latent_cache_s": 2.68143892288208, "latent_wall_s": 7.291959524154663, "peak_mem_mb": 1454.7451171875, "latent_peak_mem_mb": 2215.42626953125, "wall_s": 17.540780305862427}, {"round": 15, "whittle_nats": -18129839.513703704, "whittle_move_per_cell": 9.199448931549523e-05, "rig_converged": false, "adam_s_per_step": null, "rig_lbfgs_evals": 7, "rig_lbfgs_iters": 2, "rig_lbfgs_restart_iters": 1, "rig_s_per_eval": 1.0074075630732946, "latent_evals": 106, "latent_s_per_eval": 0.04426007225828351, "latent_cache_s": 2.680734634399414, "latent_wall_s": 7.427713632583618, "peak_mem_mb": 1454.7451171875, "latent_peak_mem_mb": 2215.42626953125, "wall_s": 17.68505024909973}], "polish": {"frames": 310, "subset_frames": 64, "loss_note": "Whittle - rig log prior on the FULL pool at the final latents", "loss_at_subset_optimum": -18124200.09087157, "loss_polished": -18124412.454964545, "gain_nats": 212.36409297585487, "gain_per_cell": 8.495107405908174e-05, "whittle_at_subset_optimum": -18129839.513703704, "whittle_polished": -18130041.218108915, "rig_converged": true, "adam_s_per_step": null, "rig_lbfgs_evals": 6, "rig_lbfgs_iters": 1, "rig_lbfgs_restart_iters": 1, "rig_s_per_eval": 4.974022269248962, "peak_mem_mb": 1441.1845703125, "wall_s": 37.75074028968811}, "front_end": {"sr": 16000, "n_fft": 2048, "hop": 512, "sr_work": 32000, "n_fft_work": 4096}, "latent_fit": {"windows": 5, "n_blocks": [16, 16, 16, 16, 16], "line_dtype": "torch.float64", "tracks": ["d", "u", "uj", "v"], "loss_before": -18056323.63629253, "loss_after": -18056542.69940526, "evals": 106, "cache_s": 2.680734634399414, "s_per_eval": 0.04426007225828351, "wall_s": 7.427458763122559}, "sigma_nu": 4.109417807436801, "gamma_median": 1.6160617772169266, "gamma_median_per_rotor": [1.3294, 1.506, 1.6757, 2.1187], "gamma_max_per_rotor": [22.683, 41.838, 17.429, 24.237], "gamma_argmax_k_per_rotor": [69, 26, 55, 70], "gamma_over_50hz": 0, "gamma_shape": [4, 88], "amp_exp": 0.5353430635483144, "span_pins": [], "speed_span": 1.7439177672059125, "init_from": {"source": "results/noise_v2/rounds/round5/fits/dregon_room2_floor__flight_profile.json", "schema": "noise-v2-fit/2", "mode": "flight_profile", "git": "1c6ac3372c13f9c7d457fbd70694748466c49562", "sites": ["amp_exp", "floor_exp", "floor_static_rel", "gamma_hz", "profile_db", "sigma_nu"], "clipped": {"sigma_nu": 0, "gamma_hz": 246, "profile_db": 2, "amp_exp": 0, "floor_exp": 1, "floor_static_rel": 1, "floor_shape_z": 0}, "prior_box_quantiles": [0.001, 0.999], "floor_start": "measured", "objective_at_v2_floor": -15542065.170985334, "objective_at_measured_floor": -17592338.663814772, "objective_at_measured_start": -16827997.47058473, "not_v3_sites": {"lam": 0.06080034059031183, "note": "lam is pinned in v3 flight; v2 mic gains are data-normalised"}}, "batch": {"grid": {"sr": 16000, "n_fft": 2048, "hop": 512, "sr_work": 32000, "n_fft_work": 4096}, "n_frames_total": 1235, "n_frames_used": 310, "frame_stride": 4, "exposure_scale": 3.9838709677419355, "carrier_min_rev_s": 51.609806060791016, "carrier_max_rev_s": 90.00325775146484, "speed_span": 1.7439177672059125, "channel_gains": {"gains_db": [-0.434143, 2.35016, -2.75961, 0.18454, 0.188282, 0.536058, -0.696069, 0.630782], "source": "results/noise_v2/mic_gains/mic_gains.json", "rig": "dregon", "rule": "rank-one floor gain per channel on the 1/3-octave bands >= 500 Hz (rigs.<rig>.wind.excess_db_above_500hz), re-centred on the channels used; each channel's periodogram is divided by 10^(g/10)"}}}
Error in sitecustomize; set PYTHONVERBOSE for traceback:
ModuleNotFoundError: No module named 'wrapt'
V3GPU seed=3 start
17:02:28   adam     0  loss -1.7458e+07
17:02:28   adam    50  loss -1.71694e+07
17:02:28   adam   100  loss -1.8222e+07
17:02:28   adam   150  loss -1.77606e+07
17:02:28   adam   200  loss -1.74936e+07
17:02:28   adam   250  loss -1.75544e+07
17:02:28   v3 round 0: whittle -1.77961e+07
17:02:28   v3 round 1: whittle -1.80925e+07  move/cell 0.119
17:02:28   v3 round 2: whittle -1.81067e+07  move/cell 0.0057
17:02:28   v3 round 3: whittle -1.81135e+07  move/cell 0.0027
17:02:28   v3 round 4: whittle -1.81178e+07  move/cell 0.00172
17:02:28   v3 round 5: whittle -1.81208e+07  move/cell 0.0012
17:02:28   v3 round 6: whittle -1.81228e+07  move/cell 0.000808
17:02:28   v3 round 7: whittle -1.81243e+07  move/cell 0.000584
17:02:28   v3 round 8: whittle -1.81253e+07  move/cell 0.000434
17:02:28   v3 round 9: whittle -1.81261e+07  move/cell 0.000308
17:02:28   v3 round 10: whittle -1.81268e+07  move/cell 0.000285
17:02:28   v3 round 11: whittle -1.81275e+07  move/cell 0.000253
17:02:28   v3 round 12: whittle -1.8128e+07  move/cell 0.000196
17:02:28   v3 round 13: whittle -1.81284e+07  move/cell 0.000189
17:02:28   v3 round 14: whittle -1.81289e+07  move/cell 0.000197
17:02:28   v3 round 15: whittle -1.81293e+07  move/cell 0.000142
17:02:28   v3 round 16: whittle -1.81296e+07  move/cell 0.000124
17:02:28   v3 round 17: whittle -1.81298e+07  move/cell 9.43e-05
17:02:28   v3 all-frames polish: whittle -1.813e+07  gain/cell 8.5e-05
17:02:28 ('dregon_room2_floor__flight_v3__s3', 'ok')
17:02:28 {
17:02:28  "n_units": 1,
17:02:28  "n_converged": 1,
17:02:28  "not_converged": [],
17:02:28  "slowest_s": 399.0730040073395,
17:02:28  "fits": [
17:02:28   "results/noise_v3/fits_r2/restarts/dregon_room2_floor__flight_v3__s3.json"
17:02:28  ]
17:02:28 }
17:02:28 # wrote results/noise_v3/fits_r2/findings.md
V3GPU seed=3 fit exit=0 fit_wall_s=404 total_wall_s=1717
Error in sitecustomize; set PYTHONVERBOSE for traceback:
ModuleNotFoundError: No module named 'wrapt'
FIT_SUMMARY {"file": "results/noise_v3/fits_r2/restarts/dregon_room2_floor__flight_v3__s3.json", "git": "0b87c5ebee5769f78b235e62b1481eb67419fb08", "device": "cuda:0", "line_kernel": "unit_autocorr", "chunk_frames": 16, "lbfgs_rtol": 1e-05, "wall_s": 399.0730040073395, "peak_mem_mb": 2215.42626953125, "converged": true, "which_converged": "alternation+lbfgs", "alternation_converged": true, "rig_converged": true, "rounds_run": 17, "total_nats": -18051537.9442579, "whittle_nats": -18130023.661962062, "whittle_latents_zero_nats": -17796079.489724055, "rig_neg_log_prior_nats": 5137.074598454718, "ou_neg_log_prior_nats": 73348.64310570934, "n_cells": 2499840, "total_per_cell": -7.221077326652066, "first_rig": {"adam_steps": 300, "lbfgs_frames": 64, "lbfgs_frames_used": 64, "lbfgs_stratified": true, "adam_wall_s": 35.0819993019104, "lbfgs_wall_s": 7.57632851600647, "lbfgs_evals": 4, "lbfgs_restart_evals": 4, "lbfgs_iters_used": 2, "lbfgs_restart_iters_used": 2, "lbfgs_loss_before": -17834544.34891112, "lbfgs_loss_first_pass": -17836887.224965237, "lbfgs_loss_after_restart": -17837209.03553779, "lbfgs_restart_gain_per_cell": 0.0006235478913873117, "converged": false, "peak_mem_mb": null}, "last_rig": {"adam_steps": 0, "lbfgs_frames": null, "lbfgs_frames_used": 310, "lbfgs_stratified": true, "adam_wall_s": 1.6927719116210938e-05, "lbfgs_wall_s": 29.880087852478027, "lbfgs_evals": 3, "lbfgs_restart_evals": 3, "lbfgs_iters_used": 1, "lbfgs_restart_iters_used": 1, "lbfgs_loss_before": -18124674.05382957, "lbfgs_loss_first_pass": -18124838.748459224, "lbfgs_loss_after_restart": -18124886.58736361, "lbfgs_restart_gain_per_cell": 1.9136786508145973e-05, "converged": true, "peak_mem_mb": null}, "history": [{"round": 0, "whittle_nats": -17796079.489724055, "rig_converged": false, "adam_s_per_step": 0.11693999767303467, "rig_lbfgs_evals": 8, "rig_lbfgs_iters": 2, "rig_lbfgs_restart_iters": 2, "rig_s_per_eval": 0.9470410645008087, "peak_mem_mb": 1394.486328125, "wall_s": 61.82821297645569}, {"round": 1, "whittle_nats": -18092494.82447313, "whittle_move_per_cell": 0.11857372261787814, "rig_converged": false, "adam_s_per_step": null, "rig_lbfgs_evals": 7, "rig_lbfgs_iters": 2, "rig_lbfgs_restart_iters": 1, "rig_s_per_eval": 1.0001712526593889, "latent_evals": 104, "latent_s_per_eval": 0.04389556096150325, "latent_cache_s": 2.671813726425171, "latent_wall_s": 7.294922113418579, "peak_mem_mb": 1454.72412109375, "latent_peak_mem_mb": 2215.4052734375, "wall_s": 17.484368562698364}, {"round": 2, "whittle_nats": -18106737.655914277, "whittle_move_per_cell": 0.005697497216279998, "rig_converged": false, "adam_s_per_step": null, "rig_lbfgs_evals": 7, "rig_lbfgs_iters": 2, "rig_lbfgs_restart_iters": 1, "rig_s_per_eval": 1.0011810915810722, "latent_evals": 103, "latent_s_per_eval": 0.04379974754111281, "latent_cache_s": 2.657503604888916, "latent_wall_s": 7.224173069000244, "peak_mem_mb": 1454.7451171875, "latent_peak_mem_mb": 2215.42626953125, "wall_s": 17.42399549484253}, {"round": 3, "whittle_nats": -18113486.87919194, "whittle_move_per_cell": 0.0026998621022393233, "rig_converged": false, "adam_s_per_step": null, "rig_lbfgs_evals": 7, "rig_lbfgs_iters": 2, "rig_lbfgs_restart_iters": 1, "rig_s_per_eval": 1.0095395701272147, "latent_evals": 107, "latent_s_per_eval": 0.04401547218037543, "latent_cache_s": 2.6720049381256104, "latent_wall_s": 7.437375783920288, "peak_mem_mb": 1454.7451171875, "latent_peak_mem_mb": 2215.42626953125, "wall_s": 17.72439193725586}, {"round": 4, "whittle_nats": -18117782.14940892, "whittle_move_per_cell": 0.0017182180527485005, "rig_converged": false, "adam_s_per_step": null, "rig_lbfgs_evals": 7, "rig_lbfgs_iters": 2, "rig_lbfgs_restart_iters": 1, "rig_s_per_eval": 1.0121005603245325, "latent_evals": 104, "latent_s_per_eval": 0.04417031774154076, "latent_cache_s": 2.6935315132141113, "latent_wall_s": 7.34275221824646, "peak_mem_mb": 1454.7451171875, "latent_peak_mem_mb": 2215.42626953125, "wall_s": 17.645975589752197}, {"round": 5, "whittle_nats": -18120782.7554262, "whittle_move_per_cell": 0.0012003192273412077, "rig_converged": false, "adam_s_per_step": null, "rig_lbfgs_evals": 7, "rig_lbfgs_iters": 2, "rig_lbfgs_restart_iters": 1, "rig_s_per_eval": 1.0071981975010462, "latent_evals": 106, "latent_s_per_eval": 0.04404695303934925, "latent_cache_s": 2.6905341148376465, "latent_wall_s": 7.414742708206177, "peak_mem_mb": 1454.7451171875, "latent_peak_mem_mb": 2215.42626953125, "wall_s": 17.66815686225891}, {"round": 6, "whittle_nats": -18122803.59652269, "whittle_move_per_cell": 0.0008083881754394768, "rig_converged": false, "adam_s_per_step": null, "rig_lbfgs_evals": 7, "rig_lbfgs_iters": 2, "rig_lbfgs_restart_iters": 1, "rig_s_per_eval": 1.0039159911019462, "latent_evals": 104, "latent_s_per_eval": 0.04431317632014935, "latent_cache_s": 2.6750268936157227, "latent_wall_s": 7.339749813079834, "peak_mem_mb": 1454.7451171875, "latent_peak_mem_mb": 2215.42626953125, "wall_s": 17.577808141708374}, {"round": 7, "whittle_nats": -18124264.609165877, "whittle_move_per_cell": 0.0005844424615928372, "rig_converged": false, "adam_s_per_step": null, "rig_lbfgs_evals": 7, "rig_lbfgs_iters": 2, "rig_lbfgs_restart_iters": 1, "rig_s_per_eval": 1.0061114174979073, "latent_evals": 103, "latent_s_per_eval": 0.04411377027196792, "latent_cache_s": 2.6750361919403076, "latent_wall_s": 7.274639844894409, "peak_mem_mb": 1454.7451171875, "latent_peak_mem_mb": 2215.42626953125, "wall_s": 17.531362533569336}, {"round": 8, "whittle_nats": -18125349.905357417, "whittle_move_per_cell": 0.00043414626197661266, "rig_converged": false, "adam_s_per_step": null, "rig_lbfgs_evals": 7, "rig_lbfgs_iters": 2, "rig_lbfgs_restart_iters": 1, "rig_s_per_eval": 1.0093519687652588, "latent_evals": 104, "latent_s_per_eval": 0.0442023896254026, "latent_cache_s": 2.6834371089935303, "latent_wall_s": 7.336092710494995, "peak_mem_mb": 1454.7451171875, "latent_peak_mem_mb": 2215.42626953125, "wall_s": 17.60876488685608}, {"round": 9, "whittle_nats": -18126119.403342165, "whittle_move_per_cell": 0.0003078188943085692, "rig_converged": false, "adam_s_per_step": null, "rig_lbfgs_evals": 7, "rig_lbfgs_iters": 2, "rig_lbfgs_restart_iters": 1, "rig_s_per_eval": 1.0102874551500594, "latent_evals": 104, "latent_s_per_eval": 0.04403612476128798, "latent_cache_s": 2.6874871253967285, "latent_wall_s": 7.32250714302063, "peak_mem_mb": 1454.7451171875, "latent_peak_mem_mb": 2215.42626953125, "wall_s": 17.60644006729126}, {"round": 10, "whittle_nats": -18126832.697841823, "whittle_move_per_cell": 0.000285336061371147, "rig_converged": false, "adam_s_per_step": null, "rig_lbfgs_evals": 7, "rig_lbfgs_iters": 2, "rig_lbfgs_restart_iters": 1, "rig_s_per_eval": 1.0067921706608363, "latent_evals": 105, "latent_s_per_eval": 0.04429221153259277, "latent_cache_s": 2.6872448921203613, "latent_wall_s": 7.394099235534668, "peak_mem_mb": 1454.7451171875, "latent_peak_mem_mb": 2215.42626953125, "wall_s": 17.66078019142151}, {"round": 11, "whittle_nats": -18127465.682434496, "whittle_move_per_cell": 0.00025321004251169574, "rig_converged": false, "adam_s_per_step": null, "rig_lbfgs_evals": 7, "rig_lbfgs_iters": 2, "rig_lbfgs_restart_iters": 1, "rig_s_per_eval": 1.0052567890712194, "latent_evals": 108, "latent_s_per_eval": 0.04424089855617947, "latent_cache_s": 2.679070472717285, "latent_wall_s": 7.512723445892334, "peak_mem_mb": 1454.7451171875, "latent_peak_mem_mb": 2215.42626953125, "wall_s": 17.75789761543274}, {"round": 12, "whittle_nats": -18127955.035855316, "whittle_move_per_cell": 0.00019575389657741583, "rig_converged": false, "adam_s_per_step": null, "rig_lbfgs_evals": 7, "rig_lbfgs_iters": 2, "rig_lbfgs_restart_iters": 1, "rig_s_per_eval": 1.006021363394601, "latent_evals": 105, "latent_s_per_eval": 0.04411839076450893, "latent_cache_s": 2.6741979122161865, "latent_wall_s": 7.361605167388916, "peak_mem_mb": 1454.7451171875, "latent_peak_mem_mb": 2215.42626953125, "wall_s": 17.6107976436615}, {"round": 13, "whittle_nats": -18128428.671874613, "whittle_move_per_cell": 0.00018946653357692657, "rig_converged": false, "adam_s_per_step": null, "rig_lbfgs_evals": 7, "rig_lbfgs_iters": 2, "rig_lbfgs_restart_iters": 1, "rig_s_per_eval": 1.0075077329363142, "latent_evals": 105, "latent_s_per_eval": 0.04407360213143485, "latent_cache_s": 2.678948402404785, "latent_wall_s": 7.362162113189697, "peak_mem_mb": 1454.7451171875, "latent_peak_mem_mb": 2215.42626953125, "wall_s": 17.62210464477539}, {"round": 14, "whittle_nats": -18128921.45343912, "whittle_move_per_cell": 0.00019712524181852975, "rig_converged": false, "adam_s_per_step": null, "rig_lbfgs_evals": 7, "rig_lbfgs_iters": 2, "rig_lbfgs_restart_iters": 1, "rig_s_per_eval": 1.0076499325888497, "latent_evals": 106, "latent_s_per_eval": 0.044078307331732985, "latent_cache_s": 2.6805837154388428, "latent_wall_s": 7.408432483673096, "peak_mem_mb": 1454.7451171875, "latent_peak_mem_mb": 2215.42626953125, "wall_s": 17.67961859703064}, {"round": 15, "whittle_nats": -18129276.634710494, "whittle_move_per_cell": 0.00014208160177220367, "rig_converged": false, "adam_s_per_step": null, "rig_lbfgs_evals": 7, "rig_lbfgs_iters": 2, "rig_lbfgs_restart_iters": 1, "rig_s_per_eval": 1.0069118567875452, "latent_evals": 105, "latent_s_per_eval": 0.0443482171921503, "latent_cache_s": 2.6833417415618896, "latent_wall_s": 7.396563529968262, "peak_mem_mb": 1454.7451171875, "latent_peak_mem_mb": 2215.42626953125, "wall_s": 17.65451431274414}, {"round": 16, "whittle_nats": -18129586.756509367, "whittle_move_per_cell": 0.0001240566591753663, "rig_converged": false, "adam_s_per_step": null, "rig_lbfgs_evals": 7, "rig_lbfgs_iters": 2, "rig_lbfgs_restart_iters": 1, "rig_s_per_eval": 1.0105814593178886, "latent_evals": 103, "latent_s_per_eval": 0.04374086741104867, "latent_cache_s": 2.6845104694366455, "latent_wall_s": 7.244914293289185, "peak_mem_mb": 1454.7451171875, "latent_peak_mem_mb": 2215.42626953125, "wall_s": 17.525916576385498}, {"round": 17, "whittle_nats": -18129822.42757422, "whittle_move_per_cell": 9.427445950687573e-05, "rig_converged": false, "adam_s_per_step": null, "rig_lbfgs_evals": 7, "rig_lbfgs_iters": 2, "rig_lbfgs_restart_iters": 1, "rig_s_per_eval": 1.0110031877245222, "latent_evals": 105, "latent_s_per_eval": 0.04400896798996698, "latent_cache_s": 2.6838836669921875, "latent_wall_s": 7.3614890575408936, "peak_mem_mb": 1454.7451171875, "latent_peak_mem_mb": 2215.42626953125, "wall_s": 17.651007890701294}], "polish": {"frames": 310, "subset_frames": 64, "loss_note": "Whittle - rig log prior on the FULL pool at the final latents", "loss_at_subset_optimum": -18124674.05382957, "loss_polished": -18124886.58736361, "gain_nats": 212.53353403881192, "gain_per_cell": 8.501885482223339e-05, "whittle_at_subset_optimum": -18129822.42757422, "whittle_polished": -18130023.661962062, "rig_converged": true, "adam_s_per_step": null, "rig_lbfgs_evals": 6, "rig_lbfgs_iters": 1, "rig_lbfgs_restart_iters": 1, "rig_s_per_eval": 4.980014642079671, "peak_mem_mb": 1441.1845703125, "wall_s": 37.78740954399109}, "front_end": {"sr": 16000, "n_fft": 2048, "hop": 512, "sr_work": 32000, "n_fft_work": 4096}, "latent_fit": {"windows": 5, "n_blocks": [16, 16, 16, 16, 16], "line_dtype": "torch.float64", "tracks": ["d", "u", "uj", "v"], "loss_before": -18056315.52238322, "loss_after": -18056547.79673209, "evals": 105, "cache_s": 2.6838836669921875, "s_per_eval": 0.04400896798996698, "wall_s": 7.361284255981445}, "sigma_nu": 4.214109417445052, "gamma_median": 1.2728238326095846, "gamma_median_per_rotor": [0.9412, 1.3437, 1.3367, 1.5393], "gamma_max_per_rotor": [18.154, 42.591, 7.203, 14.226], "gamma_argmax_k_per_rotor": [74, 26, 71, 70], "gamma_over_50hz": 0, "gamma_shape": [4, 88], "amp_exp": 0.8167099744771132, "span_pins": [], "speed_span": 1.7439177672059125, "init_from": {"source": "results/noise_v2/rounds/round5/fits/dregon_room2_floor__flight_profile.json", "schema": "noise-v2-fit/2", "mode": "flight_profile", "git": "1c6ac3372c13f9c7d457fbd70694748466c49562", "sites": ["amp_exp", "floor_exp", "floor_static_rel", "gamma_hz", "profile_db", "sigma_nu"], "clipped": {"sigma_nu": 0, "gamma_hz": 246, "profile_db": 2, "amp_exp": 0, "floor_exp": 1, "floor_static_rel": 1, "floor_shape_z": 0}, "prior_box_quantiles": [0.001, 0.999], "floor_start": "measured", "objective_at_v2_floor": -15542065.170985334, "objective_at_measured_floor": -17592338.663814772, "objective_at_measured_start": -16827997.47058473, "not_v3_sites": {"lam": 0.06080034059031183, "note": "lam is pinned in v3 flight; v2 mic gains are data-normalised"}}, "batch": {"grid": {"sr": 16000, "n_fft": 2048, "hop": 512, "sr_work": 32000, "n_fft_work": 4096}, "n_frames_total": 1235, "n_frames_used": 310, "frame_stride": 4, "exposure_scale": 3.9838709677419355, "carrier_min_rev_s": 51.609806060791016, "carrier_max_rev_s": 90.00325775146484, "speed_span": 1.7439177672059125, "channel_gains": {"gains_db": [-0.434143, 2.35016, -2.75961, 0.18454, 0.188282, 0.536058, -0.696069, 0.630782], "source": "results/noise_v2/mic_gains/mic_gains.json", "rig": "dregon", "rule": "rank-one floor gain per channel on the 1/3-octave bands >= 500 Hz (rigs.<rig>.wind.excess_db_above_500hz), re-centred on the channels used; each channel's periodogram is divided by 10^(g/10)"}}}
Error in sitecustomize; set PYTHONVERBOSE for traceback:
ModuleNotFoundError: No module named 'wrapt'
