V3GPU job=nv3r2-cruise-ac4e0f dest=s3://omnirun-artifacts/nv3r2-cruise-ac4e0f/outputs/results/noise_v3/fits_r2 aws='uvx --quiet --from awscli aws' sha=0b87c5ebee57 host=2e862d1dac5b nproc=4
name, memory.total [MiB], driver_version
Tesla T4, 15360 MiB, 580.159.04
Tesla T4, 15360 MiB, 580.159.04
V3GPU torch 2.7.0+cu126 cuda True Tesla T4
V3GPU spec: set=michaels-cruise name=michaels_fly125_cruise rig=michaels extra='' init=results/noise_v2/rounds/round3/fits/michaels_fly125_cruise__flight.json sched='--rounds 20 --lbfgs-frames 64 --lbfgs-iters 500'
  flight_michaels_FLY125@128.000+8_rps_refined: 8x247x1025 8.000 s carriers [91.61422, 74.211651, 81.803559, 73.918025] pass=True
  flight_michaels_FLY125@144.000+8_rps_refined: 8x247x1025 8.000 s carriers [91.565036, 74.237875, 82.855846, 75.272913] pass=True
built 13/13 supports; wrote /tmp/supports_michaels_fly125_cruise/index.json and /tmp/supports_michaels_fly125_cruise/findings.md
findings.md
flight_michaels_FLY124@16.000+8_rps.npz
flight_michaels_FLY124@27.680+8_rps.npz
flight_michaels_FLY124@40.000+8_rps.npz
flight_michaels_FLY124@56.000+8_rps.npz
flight_michaels_FLY124@8.000+8_rps.npz
flight_michaels_FLY125@112.000+8_rps_refined.npz
flight_michaels_FLY125@128.000+8_rps_refined.npz
flight_michaels_FLY125@144.000+8_rps_refined.npz
flight_michaels_FLY125@16.000+8_rps_refined.npz
flight_michaels_FLY125@32.000+8_rps_refined.npz
flight_michaels_FLY125@48.000+8_rps_refined.npz
flight_michaels_FLY125@64.000+8_rps_refined.npz
flight_michaels_FLY125@96.000+8_rps_refined.npz
index.json
V3GPU build exit=0 wall_s=25
V3GPU seed=0 start
17:09:30   we have :math:`ES^{*}(P,Q) \ge ES^{*}(Q,Q)` with equality holding if and only if :math:`P=Q`, i.e.
17:09:30   adam     0  loss -2.40636e+07
17:09:30   adam    50  loss -2.44412e+07
17:09:30   adam   100  loss -2.47858e+07
17:09:30   adam   150  loss -2.45024e+07
17:09:30   adam   200  loss -2.27856e+07
17:09:30   adam   250  loss -2.41464e+07
17:09:30   v3 round 0: whittle -2.44278e+07
17:09:30   v3 round 1: whittle -2.48886e+07  move/cell 0.115
17:09:30   v3 round 2: whittle -2.4903e+07  move/cell 0.0036
17:09:30   v3 round 3: whittle -2.4911e+07  move/cell 0.00199
17:09:30   v3 round 4: whittle -2.49165e+07  move/cell 0.00137
17:09:30   v3 round 5: whittle -2.49195e+07  move/cell 0.000748
17:09:30   v3 round 6: whittle -2.49215e+07  move/cell 0.000518
17:09:30   v3 round 7: whittle -2.49227e+07  move/cell 0.000281
17:09:30   v3 round 8: whittle -2.49236e+07  move/cell 0.000228
17:09:30   v3 round 9: whittle -2.49242e+07  move/cell 0.000154
17:09:30   v3 round 10: whittle -2.49246e+07  move/cell 9.54e-05
17:09:30   v3 all-frames polish: whittle -2.49247e+07  gain/cell 3.53e-05
17:09:30 ('michaels_fly125_cruise__flight_v3__s0', 'ok')
17:09:30 {
17:09:30  "n_units": 1,
17:09:30  "n_converged": 1,
17:09:30  "not_converged": [],
17:09:30  "slowest_s": 268.43374729156494,
17:09:30  "fits": [
17:09:30   "results/noise_v3/fits_r2/restarts/michaels_fly125_cruise__flight_v3__s0.json"
17:09:30  ]
17:09:30 }
17:09:30 # wrote results/noise_v3/fits_r2/findings.md
V3GPU seed=0 fit exit=0 fit_wall_s=278 total_wall_s=303
Error in sitecustomize; set PYTHONVERBOSE for traceback:
ModuleNotFoundError: No module named 'wrapt'
FIT_SUMMARY {"file": "results/noise_v3/fits_r2/restarts/michaels_fly125_cruise__flight_v3__s0.json", "git": "0b87c5ebee5769f78b235e62b1481eb67419fb08", "device": "cuda:0", "line_kernel": "unit_autocorr", "chunk_frames": 16, "lbfgs_rtol": 1e-05, "wall_s": 268.43374729156494, "peak_mem_mb": 2756.0908203125, "converged": true, "which_converged": "alternation+lbfgs", "alternation_converged": true, "rig_converged": true, "rounds_run": 10, "total_nats": -24814775.993015155, "whittle_nats": -24924692.634377822, "whittle_latents_zero_nats": -24427766.718587447, "rig_neg_log_prior_nats": 4582.770290362105, "ou_neg_log_prior_nats": 105333.87107230186, "n_cells": 3999744, "total_per_cell": -6.204091060081634, "first_rig": {"adam_steps": 300, "lbfgs_frames": 64, "lbfgs_frames_used": 64, "lbfgs_stratified": true, "adam_wall_s": 19.749461889266968, "lbfgs_wall_s": 4.11707329750061, "lbfgs_evals": 4, "lbfgs_restart_evals": 4, "lbfgs_iters_used": 2, "lbfgs_restart_iters_used": 2, "lbfgs_loss_before": -24422940.41533797, "lbfgs_loss_first_pass": -24427332.957707975, "lbfgs_loss_after_restart": -24427795.26675213, "lbfgs_restart_gain_per_cell": 0.0008957811030432779, "converged": false, "peak_mem_mb": null}, "last_rig": {"adam_steps": 0, "lbfgs_frames": null, "lbfgs_frames_used": 496, "lbfgs_stratified": true, "adam_wall_s": 1.5974044799804688e-05, "lbfgs_wall_s": 27.590461254119873, "lbfgs_evals": 3, "lbfgs_restart_evals": 3, "lbfgs_iters_used": 1, "lbfgs_restart_iters_used": 1, "lbfgs_loss_before": -24919968.76010109, "lbfgs_loss_first_pass": -24920062.560449034, "lbfgs_loss_after_restart": -24920109.864087462, "lbfgs_restart_gain_per_cell": 1.182666651376929e-05, "converged": true, "peak_mem_mb": null}, "history": [{"round": 0, "whittle_nats": -24427766.718587447, "rig_converged": false, "adam_s_per_step": 0.06583153963088989, "rig_lbfgs_evals": 8, "rig_lbfgs_iters": 2, "rig_lbfgs_restart_iters": 2, "rig_s_per_eval": 0.5146341621875763, "peak_mem_mb": 1467.6513671875, "wall_s": 50.577046632766724}, {"round": 1, "whittle_nats": -24888606.66268227, "whittle_move_per_cell": 0.11521735993474128, "rig_converged": false, "adam_s_per_step": null, "rig_lbfgs_evals": 9, "rig_lbfgs_iters": 3, "rig_lbfgs_restart_iters": 1, "rig_s_per_eval": 0.5469541019863553, "latent_evals": 107, "latent_s_per_eval": 0.06146497592747768, "latent_cache_s": 3.901385545730591, "latent_wall_s": 10.554833173751831, "peak_mem_mb": 1131.12939453125, "latent_peak_mem_mb": 2756.072265625, "wall_s": 19.161877155303955}, {"round": 2, "whittle_nats": -24903007.33470706, "whittle_move_per_cell": 0.003600398431697178, "rig_converged": false, "adam_s_per_step": null, "rig_lbfgs_evals": 10, "rig_lbfgs_iters": 3, "rig_lbfgs_restart_iters": 1, "rig_s_per_eval": 0.5355063199996948, "latent_evals": 106, "latent_s_per_eval": 0.06205274024099674, "latent_cache_s": 4.024463653564453, "latent_wall_s": 10.677165269851685, "peak_mem_mb": 1131.14794921875, "latent_peak_mem_mb": 2756.0908203125, "wall_s": 19.676067352294922}, {"round": 3, "whittle_nats": -24910975.112528373, "whittle_move_per_cell": 0.001992071947933065, "rig_converged": false, "adam_s_per_step": null, "rig_lbfgs_evals": 10, "rig_lbfgs_iters": 4, "rig_lbfgs_restart_iters": 1, "rig_s_per_eval": 0.5240963459014892, "latent_evals": 107, "latent_s_per_eval": 0.060817422153793765, "latent_cache_s": 3.9378154277801514, "latent_wall_s": 10.518800497055054, "peak_mem_mb": 1131.14794921875, "latent_peak_mem_mb": 2756.0908203125, "wall_s": 19.33488917350769}, {"round": 4, "whittle_nats": -24916467.892719567, "whittle_move_per_cell": 0.0013732829379065926, "rig_converged": false, "adam_s_per_step": null, "rig_lbfgs_evals": 6, "rig_lbfgs_iters": 1, "rig_lbfgs_restart_iters": 1, "rig_s_per_eval": 0.5924161275227865, "latent_evals": 106, "latent_s_per_eval": 0.06091723577031549, "latent_cache_s": 3.8749959468841553, "latent_wall_s": 10.406044960021973, "peak_mem_mb": 1131.14794921875, "latent_peak_mem_mb": 2756.0908203125, "wall_s": 17.528741598129272}, {"round": 5, "whittle_nats": -24919458.01155875, "whittle_move_per_cell": 0.0007475775547589945, "rig_converged": false, "adam_s_per_step": null, "rig_lbfgs_evals": 6, "rig_lbfgs_iters": 1, "rig_lbfgs_restart_iters": 1, "rig_s_per_eval": 0.5972793499628702, "latent_evals": 107, "latent_s_per_eval": 0.06091611184806467, "latent_cache_s": 3.8781089782714844, "latent_wall_s": 10.469988584518433, "peak_mem_mb": 1131.14794921875, "latent_peak_mem_mb": 2756.0908203125, "wall_s": 17.654426097869873}, {"round": 6, "whittle_nats": -24921530.789902646, "whittle_move_per_cell": 0.0005182277525504914, "rig_converged": false, "adam_s_per_step": null, "rig_lbfgs_evals": 6, "rig_lbfgs_iters": 1, "rig_lbfgs_restart_iters": 1, "rig_s_per_eval": 0.6018105347951254, "latent_evals": 107, "latent_s_per_eval": 0.06117800908668019, "latent_cache_s": 3.9222114086151123, "latent_wall_s": 10.542117357254028, "peak_mem_mb": 1131.14794921875, "latent_peak_mem_mb": 2756.0908203125, "wall_s": 17.78380250930786}, {"round": 7, "whittle_nats": -24922655.976017185, "whittle_move_per_cell": 0.0002813145327647122, "rig_converged": false, "adam_s_per_step": null, "rig_lbfgs_evals": 6, "rig_lbfgs_iters": 1, "rig_lbfgs_restart_iters": 1, "rig_s_per_eval": 0.6020406484603882, "latent_evals": 105, "latent_s_per_eval": 0.06116127513703846, "latent_cache_s": 3.9466238021850586, "latent_wall_s": 10.442423105239868, "peak_mem_mb": 1131.14794921875, "latent_peak_mem_mb": 2756.0908203125, "wall_s": 17.67124891281128}, {"round": 8, "whittle_nats": -24923566.007165924, "whittle_move_per_cell": 0.00022752234861510114, "rig_converged": false, "adam_s_per_step": null, "rig_lbfgs_evals": 6, "rig_lbfgs_iters": 1, "rig_lbfgs_restart_iters": 1, "rig_s_per_eval": 0.5985153516133627, "latent_evals": 104, "latent_s_per_eval": 0.0609322006885822, "latent_cache_s": 3.9230706691741943, "latent_wall_s": 10.334999084472656, "peak_mem_mb": 1131.14794921875, "latent_peak_mem_mb": 2756.0908203125, "wall_s": 17.5269775390625}, {"round": 9, "whittle_nats": -24924182.924594644, "whittle_move_per_cell": 0.00015423922849080904, "rig_converged": false, "adam_s_per_step": null, "rig_lbfgs_evals": 6, "rig_lbfgs_iters": 1, "rig_lbfgs_restart_iters": 1, "rig_s_per_eval": 0.5976197322209676, "latent_evals": 104, "latent_s_per_eval": 0.06093875719950749, "latent_cache_s": 3.8982930183410645, "latent_wall_s": 10.309478044509888, "peak_mem_mb": 1131.14794921875, "latent_peak_mem_mb": 2756.0908203125, "wall_s": 17.488333225250244}, {"round": 10, "whittle_nats": -24924564.408503488, "whittle_move_per_cell": 9.537708134401829e-05, "rig_converged": false, "adam_s_per_step": null, "rig_lbfgs_evals": 6, "rig_lbfgs_iters": 1, "rig_lbfgs_restart_iters": 1, "rig_s_per_eval": 0.6004925568898519, "latent_evals": 105, "latent_s_per_eval": 0.0610114506312779, "latent_cache_s": 3.8991451263427734, "latent_wall_s": 10.379379034042358, "peak_mem_mb": 1131.14794921875, "latent_peak_mem_mb": 2756.0908203125, "wall_s": 17.593536376953125}], "polish": {"frames": 496, "subset_frames": 64, "loss_note": "Whittle - rig log prior on the FULL pool at the final latents", "loss_at_subset_optimum": -24919968.76010109, "loss_polished": -24920109.864087462, "gain_nats": 141.10398637130857, "gain_per_cell": 3.527825440110881e-05, "whittle_at_subset_optimum": -24924564.408503488, "whittle_polished": -24924692.634377822, "rig_converged": true, "adam_s_per_step": null, "rig_lbfgs_evals": 6, "rig_lbfgs_iters": 1, "rig_lbfgs_restart_iters": 1, "rig_s_per_eval": 4.5984102090199785, "peak_mem_mb": 1119.1591796875, "wall_s": 36.408472537994385}, "front_end": {"sr": 16000, "n_fft": 2048, "hop": 512, "sr_work": 32000, "n_fft_work": 4096}, "latent_fit": {"windows": 8, "n_blocks": [16, 16, 16, 16, 16, 16, 16, 16], "line_dtype": "torch.float64", "tracks": ["d", "u", "uj", "v"], "loss_before": -24819077.45162965, "loss_after": -24819317.035720926, "evals": 105, "cache_s": 3.8991451263427734, "s_per_eval": 0.0610114506312779, "wall_s": 10.37909197807312}, "sigma_nu": 3.8546561311224035, "gamma_median": 0.8926764754943886, "gamma_median_per_rotor": [2.5675, 0.8814, 0.7615, 0.397], "gamma_max_per_rotor": [27.955, 12.126, 2.83, 3.188], "gamma_argmax_k_per_rotor": [49, 17, 15, 15], "gamma_over_50hz": 0, "gamma_shape": [4, 81], "amp_exp": 2.0, "span_pins": ["amp_exp", "floor_exp", "floor_static_rel"], "speed_span": 1.4359839537899945, "init_from": {"source": "results/noise_v2/rounds/round3/fits/michaels_fly125_cruise__flight.json", "schema": "noise-v2-fit/2", "mode": "flight", "git": "a996e5e51c514f52ba29cb0a9ed44adccd8d1f16", "sites": ["gamma_hz", "profile_db", "sigma_nu"], "clipped": {"sigma_nu": 1, "gamma_hz": 164, "profile_db": 3, "floor_shape_z": 6}, "prior_box_quantiles": [0.001, 0.999], "floor_start": "measured", "objective_at_v2_floor": -23651922.62294968, "objective_at_measured_floor": -24192501.92873785, "objective_at_measured_start": -23700296.77254031, "not_v3_sites": {"lam": 0.5, "note": "lam is pinned in v3 flight; v2 mic gains are data-normalised"}}, "batch": {"grid": {"sr": 16000, "n_fft": 2048, "hop": 512, "sr_work": 32000, "n_fft_work": 4096}, "n_frames_total": 1976, "n_frames_used": 496, "frame_stride": 4, "exposure_scale": 3.9838709677419355, "carrier_min_rev_s": 68.18343353271484, "carrier_max_rev_s": 97.91031646728516, "speed_span": 1.4359839537899945, "channel_gains": {"gains_db": [0.02806923749999987, -6.5042584625, 1.0624115375, 2.3590115375, 5.0315015375000005, 2.4618615375, -0.5576684625000001, -3.8809284625000005], "source": "results/noise_v2/mic_gains/mic_gains.json", "rig": "michaels", "rule": "rank-one floor gain per channel on the 1/3-octave bands >= 500 Hz (rigs.<rig>.wind.excess_db_above_500hz), re-centred on the channels used; each channel's periodogram is divided by 10^(g/10)"}}}
Error in sitecustomize; set PYTHONVERBOSE for traceback:
ModuleNotFoundError: No module named 'wrapt'
V3GPU seed=1 start
17:14:29   adam     0  loss -2.38009e+07
17:14:29   adam    50  loss -2.4033e+07
17:14:29   adam   100  loss -2.47386e+07
17:14:29   adam   150  loss -2.47145e+07
17:14:29   adam   200  loss -2.48661e+07
17:14:29   adam   250  loss -2.47259e+07
17:14:29   v3 round 0: whittle -2.44279e+07
17:14:29   v3 round 1: whittle -2.48888e+07  move/cell 0.115
17:14:29   v3 round 2: whittle -2.49029e+07  move/cell 0.00353
17:14:29   v3 round 3: whittle -2.49107e+07  move/cell 0.00194
17:14:29   v3 round 4: whittle -2.49169e+07  move/cell 0.00156
17:14:29   v3 round 5: whittle -2.49199e+07  move/cell 0.000751
17:14:29   v3 round 6: whittle -2.4922e+07  move/cell 0.000519
17:14:29   v3 round 7: whittle -2.49232e+07  move/cell 0.000296
17:14:29   v3 round 8: whittle -2.49241e+07  move/cell 0.000223
17:14:29   v3 round 9: whittle -2.49246e+07  move/cell 0.000138
17:14:29   v3 round 10: whittle -2.4925e+07  move/cell 0.00011
17:14:29   v3 round 11: whittle -2.49254e+07  move/cell 9.2e-05
17:14:29   v3 all-frames polish: whittle -2.49255e+07  gain/cell 3.66e-05
17:14:29 ('michaels_fly125_cruise__flight_v3__s1', 'ok')
17:14:29 {
17:14:29  "n_units": 1,
17:14:29  "n_converged": 1,
17:14:29  "not_converged": [],
17:14:29  "slowest_s": 286.18507289886475,
17:14:29  "fits": [
17:14:29   "results/noise_v3/fits_r2/restarts/michaels_fly125_cruise__flight_v3__s1.json"
17:14:29  ]
17:14:29 }
17:14:29 # wrote results/noise_v3/fits_r2/findings.md
V3GPU seed=1 fit exit=0 fit_wall_s=292 total_wall_s=602
Error in sitecustomize; set PYTHONVERBOSE for traceback:
ModuleNotFoundError: No module named 'wrapt'
FIT_SUMMARY {"file": "results/noise_v3/fits_r2/restarts/michaels_fly125_cruise__flight_v3__s1.json", "git": "0b87c5ebee5769f78b235e62b1481eb67419fb08", "device": "cuda:0", "line_kernel": "unit_autocorr", "chunk_frames": 16, "lbfgs_rtol": 1e-05, "wall_s": 286.18507289886475, "peak_mem_mb": 2756.0908203125, "converged": true, "which_converged": "alternation+lbfgs", "alternation_converged": true, "rig_converged": true, "rounds_run": 11, "total_nats": -24814982.02288077, "whittle_nats": -24925545.88848033, "whittle_latents_zero_nats": -24427929.637723386, "rig_neg_log_prior_nats": 4736.986455136081, "ou_neg_log_prior_nats": 105826.87914442494, "n_cells": 3999744, "total_per_cell": -6.204142570844726, "first_rig": {"adam_steps": 300, "lbfgs_frames": 64, "lbfgs_frames_used": 64, "lbfgs_stratified": true, "adam_wall_s": 18.31253457069397, "lbfgs_wall_s": 6.16702127456665, "lbfgs_evals": 10, "lbfgs_restart_evals": 3, "lbfgs_iters_used": 8, "lbfgs_restart_iters_used": 1, "lbfgs_loss_before": -24417822.33516165, "lbfgs_loss_first_pass": -24429155.357786957, "lbfgs_loss_after_restart": -24429228.859547168, "lbfgs_restart_gain_per_cell": 0.00014241877521011963, "converged": false, "peak_mem_mb": null}, "last_rig": {"adam_steps": 0, "lbfgs_frames": null, "lbfgs_frames_used": 496, "lbfgs_stratified": true, "adam_wall_s": 1.6689300537109375e-05, "lbfgs_wall_s": 27.52256464958191, "lbfgs_evals": 3, "lbfgs_restart_evals": 3, "lbfgs_iters_used": 1, "lbfgs_restart_iters_used": 1, "lbfgs_loss_before": -24920662.51384451, "lbfgs_loss_first_pass": -24920758.62131217, "lbfgs_loss_after_restart": -24920808.902025197, "lbfgs_restart_gain_per_cell": 1.257098279926928e-05, "converged": true, "peak_mem_mb": null}, "history": [{"round": 0, "whittle_nats": -24427929.637723386, "rig_converged": false, "adam_s_per_step": 0.061041781902313234, "rig_lbfgs_evals": 13, "rig_lbfgs_iters": 8, "rig_lbfgs_restart_iters": 1, "rig_s_per_eval": 0.4743862518897423, "peak_mem_mb": 1467.6513671875, "wall_s": 51.61346960067749}, {"round": 1, "whittle_nats": -24888770.464887865, "whittle_move_per_cell": 0.11521758071628549, "rig_converged": false, "adam_s_per_step": null, "rig_lbfgs_evals": 10, "rig_lbfgs_iters": 4, "rig_lbfgs_restart_iters": 1, "rig_s_per_eval": 0.5221319198608398, "latent_evals": 105, "latent_s_per_eval": 0.06120689255850656, "latent_cache_s": 3.920491933822632, "latent_wall_s": 10.423242568969727, "peak_mem_mb": 1131.12939453125, "latent_peak_mem_mb": 2756.072265625, "wall_s": 19.21841788291931}, {"round": 2, "whittle_nats": -24902882.38370589, "whittle_move_per_cell": 0.0035282055096593134, "rig_converged": true, "adam_s_per_step": null, "rig_lbfgs_evals": 10, "rig_lbfgs_iters": 3, "rig_lbfgs_restart_iters": 1, "rig_s_per_eval": 0.5218009233474732, "latent_evals": 104, "latent_s_per_eval": 0.060780041492902316, "latent_cache_s": 3.8665695190429688, "latent_wall_s": 10.265851736068726, "peak_mem_mb": 1131.14794921875, "latent_peak_mem_mb": 2756.0908203125, "wall_s": 19.06820273399353}, {"round": 3, "whittle_nats": -24910650.32017506, "whittle_move_per_cell": 0.0019421084122302505, "rig_converged": false, "adam_s_per_step": null, "rig_lbfgs_evals": 10, "rig_lbfgs_iters": 3, "rig_lbfgs_restart_iters": 1, "rig_s_per_eval": 0.5286953449249268, "latent_evals": 105, "latent_s_per_eval": 0.06109466552734375, "latent_cache_s": 3.89467453956604, "latent_wall_s": 10.384810209274292, "peak_mem_mb": 1131.14794921875, "latent_peak_mem_mb": 2756.0908203125, "wall_s": 19.292563676834106}, {"round": 4, "whittle_nats": -24916894.64184716, "whittle_move_per_cell": 0.0015611803335664916, "rig_converged": false, "adam_s_per_step": null, "rig_lbfgs_evals": 6, "rig_lbfgs_iters": 1, "rig_lbfgs_restart_iters": 1, "rig_s_per_eval": 0.6047030687332153, "latent_evals": 105, "latent_s_per_eval": 0.0609982967376709, "latent_cache_s": 3.941725015640259, "latent_wall_s": 10.420503377914429, "peak_mem_mb": 1131.14794921875, "latent_peak_mem_mb": 2756.0908203125, "wall_s": 17.68404459953308}, {"round": 5, "whittle_nats": -24919898.86694979, "whittle_move_per_cell": 0.0007511043463355436, "rig_converged": false, "adam_s_per_step": null, "rig_lbfgs_evals": 6, "rig_lbfgs_iters": 1, "rig_lbfgs_restart_iters": 1, "rig_s_per_eval": 0.6020270188649496, "latent_evals": 104, "latent_s_per_eval": 0.06133599006212675, "latent_cache_s": 3.9453861713409424, "latent_wall_s": 10.40093994140625, "peak_mem_mb": 1131.14794921875, "latent_peak_mem_mb": 2756.0908203125, "wall_s": 17.6294584274292}, {"round": 6, "whittle_nats": -24921975.55252931, "whittle_move_per_cell": 0.0005192046239758641, "rig_converged": false, "adam_s_per_step": null, "rig_lbfgs_evals": 6, "rig_lbfgs_iters": 1, "rig_lbfgs_restart_iters": 1, "rig_s_per_eval": 0.5982330242792765, "latent_evals": 103, "latent_s_per_eval": 0.06103951028249796, "latent_cache_s": 3.9165596961975098, "latent_wall_s": 10.277736902236938, "peak_mem_mb": 1131.14794921875, "latent_peak_mem_mb": 2756.0908203125, "wall_s": 17.465383052825928}, {"round": 7, "whittle_nats": -24923159.874231353, "whittle_move_per_cell": 0.00029609937587117004, "rig_converged": false, "adam_s_per_step": null, "rig_lbfgs_evals": 6, "rig_lbfgs_iters": 1, "rig_lbfgs_restart_iters": 1, "rig_s_per_eval": 0.5975015163421631, "latent_evals": 104, "latent_s_per_eval": 0.061023521881837114, "latent_cache_s": 3.9062247276306152, "latent_wall_s": 10.326715230941772, "peak_mem_mb": 1131.14794921875, "latent_peak_mem_mb": 2756.0908203125, "wall_s": 17.51371455192566}, {"round": 8, "whittle_nats": -24924051.611313358, "whittle_move_per_cell": 0.00022294853920764606, "rig_converged": false, "adam_s_per_step": null, "rig_lbfgs_evals": 6, "rig_lbfgs_iters": 1, "rig_lbfgs_restart_iters": 1, "rig_s_per_eval": 0.5998896360397339, "latent_evals": 106, "latent_s_per_eval": 0.06138520870568617, "latent_cache_s": 3.907308340072632, "latent_wall_s": 10.488020658493042, "peak_mem_mb": 1131.14794921875, "latent_peak_mem_mb": 2756.0908203125, "wall_s": 17.69720983505249}, {"round": 9, "whittle_nats": -24924605.321032926, "whittle_move_per_cell": 0.00013843628981467088, "rig_converged": false, "adam_s_per_step": null, "rig_lbfgs_evals": 6, "rig_lbfgs_iters": 1, "rig_lbfgs_restart_iters": 1, "rig_s_per_eval": 0.6020756562550863, "latent_evals": 104, "latent_s_per_eval": 0.06086007677591764, "latent_cache_s": 3.919991970062256, "latent_wall_s": 10.32627010345459, "peak_mem_mb": 1131.14794921875, "latent_peak_mem_mb": 2756.0908203125, "wall_s": 17.554585456848145}, {"round": 10, "whittle_nats": -24925046.148010645, "whittle_move_per_cell": 0.00011021379811273459, "rig_converged": false, "adam_s_per_step": null, "rig_lbfgs_evals": 6, "rig_lbfgs_iters": 1, "rig_lbfgs_restart_iters": 1, "rig_s_per_eval": 0.5998210112253824, "latent_evals": 104, "latent_s_per_eval": 0.06104533718182491, "latent_cache_s": 3.9253017902374268, "latent_wall_s": 10.349090576171875, "peak_mem_mb": 1131.14794921875, "latent_peak_mem_mb": 2756.0908203125, "wall_s": 17.564077854156494}, {"round": 11, "whittle_nats": -24925414.238084443, "whittle_move_per_cell": 9.202840826759208e-05, "rig_converged": false, "adam_s_per_step": null, "rig_lbfgs_evals": 6, "rig_lbfgs_iters": 1, "rig_lbfgs_restart_iters": 1, "rig_s_per_eval": 0.597919742266337, "latent_evals": 104, "latent_s_per_eval": 0.061099653060619645, "latent_cache_s": 3.9188294410705566, "latent_wall_s": 10.346166610717773, "peak_mem_mb": 1131.14794921875, "latent_peak_mem_mb": 2756.0908203125, "wall_s": 17.53208613395691}], "polish": {"frames": 496, "subset_frames": 64, "loss_note": "Whittle - rig log prior on the FULL pool at the final latents", "loss_at_subset_optimum": -24920662.51384451, "loss_polished": -24920808.902025197, "gain_nats": 146.38818068802357, "gain_per_cell": 3.6599387532807995e-05, "whittle_at_subset_optimum": -24925414.238084443, "whittle_polished": -24925545.88848033, "rig_converged": true, "adam_s_per_step": null, "rig_lbfgs_evals": 6, "rig_lbfgs_iters": 1, "rig_lbfgs_restart_iters": 1, "rig_s_per_eval": 4.587094108263652, "peak_mem_mb": 1119.1591796875, "wall_s": 36.32271862030029}, "front_end": {"sr": 16000, "n_fft": 2048, "hop": 512, "sr_work": 32000, "n_fft_work": 4096}, "latent_fit": {"windows": 8, "n_blocks": [16, 16, 16, 16, 16, 16, 16, 16], "line_dtype": "torch.float64", "tracks": ["d", "u", "uj", "v"], "loss_before": -24819492.353466906, "loss_after": -24819681.036013663, "evals": 104, "cache_s": 3.9188294410705566, "s_per_eval": 0.061099653060619645, "wall_s": 10.34586763381958}, "sigma_nu": 3.82133857195166, "gamma_median": 0.7786258244754417, "gamma_median_per_rotor": [2.4118, 0.7462, 0.6554, 0.5231], "gamma_max_per_rotor": [29.324, 12.696, 4.208, 4.744], "gamma_argmax_k_per_rotor": [49, 17, 7, 30], "gamma_over_50hz": 0, "gamma_shape": [4, 81], "amp_exp": 2.0, "span_pins": ["amp_exp", "floor_exp", "floor_static_rel"], "speed_span": 1.4359839537899945, "init_from": {"source": "results/noise_v2/rounds/round3/fits/michaels_fly125_cruise__flight.json", "schema": "noise-v2-fit/2", "mode": "flight", "git": "a996e5e51c514f52ba29cb0a9ed44adccd8d1f16", "sites": ["gamma_hz", "profile_db", "sigma_nu"], "clipped": {"sigma_nu": 1, "gamma_hz": 164, "profile_db": 3, "floor_shape_z": 6}, "prior_box_quantiles": [0.001, 0.999], "floor_start": "measured", "objective_at_v2_floor": -23651922.62294968, "objective_at_measured_floor": -24192501.92873785, "objective_at_measured_start": -23700296.77254031, "not_v3_sites": {"lam": 0.5, "note": "lam is pinned in v3 flight; v2 mic gains are data-normalised"}}, "batch": {"grid": {"sr": 16000, "n_fft": 2048, "hop": 512, "sr_work": 32000, "n_fft_work": 4096}, "n_frames_total": 1976, "n_frames_used": 496, "frame_stride": 4, "exposure_scale": 3.9838709677419355, "carrier_min_rev_s": 68.18343353271484, "carrier_max_rev_s": 97.91031646728516, "speed_span": 1.4359839537899945, "channel_gains": {"gains_db": [0.02806923749999987, -6.5042584625, 1.0624115375, 2.3590115375, 5.0315015375000005, 2.4618615375, -0.5576684625000001, -3.8809284625000005], "source": "results/noise_v2/mic_gains/mic_gains.json", "rig": "michaels", "rule": "rank-one floor gain per channel on the 1/3-octave bands >= 500 Hz (rigs.<rig>.wind.excess_db_above_500hz), re-centred on the channels used; each channel's periodogram is divided by 10^(g/10)"}}}
Error in sitecustomize; set PYTHONVERBOSE for traceback:
ModuleNotFoundError: No module named 'wrapt'
V3GPU seed=2 start
17:19:07   adam     0  loss -2.42343e+07
17:19:07   adam    50  loss -2.46107e+07
17:19:07   adam   100  loss -2.44302e+07
17:19:07   adam   150  loss -2.38852e+07
17:19:07   adam   200  loss -2.43654e+07
17:19:07   adam   250  loss -2.35681e+07
17:19:07   v3 round 0: whittle -2.44299e+07
17:19:07   v3 round 1: whittle -2.48882e+07  move/cell 0.115
17:19:07   v3 round 2: whittle -2.49034e+07  move/cell 0.00378
17:19:07   v3 round 3: whittle -2.49114e+07  move/cell 0.002
17:19:07   v3 round 4: whittle -2.49172e+07  move/cell 0.00145
17:19:07   v3 round 5: whittle -2.49202e+07  move/cell 0.000767
17:19:07   v3 round 6: whittle -2.49221e+07  move/cell 0.000468
17:19:07   v3 round 7: whittle -2.49233e+07  move/cell 0.000292
17:19:07   v3 round 8: whittle -2.49241e+07  move/cell 0.000198
17:19:07   v3 round 9: whittle -2.49247e+07  move/cell 0.000149
17:19:07   v3 round 10: whittle -2.4925e+07  move/cell 9.66e-05
17:19:07   v3 all-frames polish: whittle -2.49252e+07  gain/cell 3.39e-05
17:19:07 ('michaels_fly125_cruise__flight_v3__s2', 'ok')
17:19:07 {
17:19:07  "n_units": 1,
17:19:07  "n_converged": 1,
17:19:07  "not_converged": [],
17:19:07  "slowest_s": 267.38169980049133,
17:19:07  "fits": [
17:19:07   "results/noise_v3/fits_r2/restarts/michaels_fly125_cruise__flight_v3__s2.json"
17:19:07  ]
17:19:07 }
17:19:07 # wrote results/noise_v3/fits_r2/findings.md
V3GPU seed=2 fit exit=0 fit_wall_s=273 total_wall_s=880
Error in sitecustomize; set PYTHONVERBOSE for traceback:
ModuleNotFoundError: No module named 'wrapt'
FIT_SUMMARY {"file": "results/noise_v3/fits_r2/restarts/michaels_fly125_cruise__flight_v3__s2.json", "git": "0b87c5ebee5769f78b235e62b1481eb67419fb08", "device": "cuda:0", "line_kernel": "unit_autocorr", "chunk_frames": 16, "lbfgs_rtol": 1e-05, "wall_s": 267.38169980049133, "peak_mem_mb": 2756.0908203125, "converged": true, "which_converged": "alternation+lbfgs", "alternation_converged": true, "rig_converged": true, "rounds_run": 10, "total_nats": -24814763.5195619, "whittle_nats": -24925164.249408536, "whittle_latents_zero_nats": -24429900.24364527, "rig_neg_log_prior_nats": 4968.854101553206, "ou_neg_log_prior_nats": 105431.87574507915, "n_cells": 3999744, "total_per_cell": -6.204087941518733, "first_rig": {"adam_steps": 300, "lbfgs_frames": 64, "lbfgs_frames_used": 64, "lbfgs_stratified": true, "adam_wall_s": 18.348719120025635, "lbfgs_wall_s": 4.608294725418091, "lbfgs_evals": 6, "lbfgs_restart_evals": 3, "lbfgs_iters_used": 4, "lbfgs_restart_iters_used": 1, "lbfgs_loss_before": -24427109.0696301, "lbfgs_loss_first_pass": -24429574.7235865, "lbfgs_loss_after_restart": -24429732.865550064, "lbfgs_restart_gain_per_cell": 0.0003064196652635546, "converged": false, "peak_mem_mb": null}, "last_rig": {"adam_steps": 0, "lbfgs_frames": null, "lbfgs_frames_used": 496, "lbfgs_stratified": true, "adam_wall_s": 1.7642974853515625e-05, "lbfgs_wall_s": 27.521695852279663, "lbfgs_evals": 3, "lbfgs_restart_evals": 3, "lbfgs_iters_used": 1, "lbfgs_restart_iters_used": 1, "lbfgs_loss_before": -24920059.768029783, "lbfgs_loss_first_pass": -24920148.343198776, "lbfgs_loss_after_restart": -24920195.395306982, "lbfgs_restart_gain_per_cell": 1.1763779933379459e-05, "converged": true, "peak_mem_mb": null}, "history": [{"round": 0, "whittle_nats": -24429900.24364527, "rig_converged": false, "adam_s_per_step": 0.06116239706675212, "rig_lbfgs_evals": 9, "rig_lbfgs_iters": 4, "rig_lbfgs_restart_iters": 1, "rig_s_per_eval": 0.5120327472686768, "peak_mem_mb": 1467.6513671875, "wall_s": 50.17719626426697}, {"round": 1, "whittle_nats": -24888234.96569618, "whittle_move_per_cell": 0.11459101433764485, "rig_converged": false, "adam_s_per_step": null, "rig_lbfgs_evals": 9, "rig_lbfgs_iters": 4, "rig_lbfgs_restart_iters": 1, "rig_s_per_eval": 0.5354983276791043, "latent_evals": 106, "latent_s_per_eval": 0.06100630085423307, "latent_cache_s": 3.9289026260375977, "latent_wall_s": 10.471110105514526, "peak_mem_mb": 1131.12939453125, "latent_peak_mem_mb": 2756.072265625, "wall_s": 18.864075183868408}, {"round": 2, "whittle_nats": -24903368.31266448, "whittle_move_per_cell": 0.003783578891124192, "rig_converged": true, "adam_s_per_step": null, "rig_lbfgs_evals": 10, "rig_lbfgs_iters": 3, "rig_lbfgs_restart_iters": 1, "rig_s_per_eval": 0.5225249290466308, "latent_evals": 105, "latent_s_per_eval": 0.060700902484712146, "latent_cache_s": 3.8743040561676025, "latent_wall_s": 10.32090139389038, "peak_mem_mb": 1131.14794921875, "latent_peak_mem_mb": 2756.0908203125, "wall_s": 19.12363624572754}, {"round": 3, "whittle_nats": -24911356.73776318, "whittle_move_per_cell": 0.001997234097657828, "rig_converged": false, "adam_s_per_step": null, "rig_lbfgs_evals": 10, "rig_lbfgs_iters": 3, "rig_lbfgs_restart_iters": 1, "rig_s_per_eval": 0.5281334400177002, "latent_evals": 104, "latent_s_per_eval": 0.06083473792442909, "latent_cache_s": 3.8834848403930664, "latent_wall_s": 10.284225225448608, "peak_mem_mb": 1131.14794921875, "latent_peak_mem_mb": 2756.0908203125, "wall_s": 19.187248945236206}, {"round": 4, "whittle_nats": -24917166.13167508, "whittle_move_per_cell": 0.0014524414342263244, "rig_converged": false, "adam_s_per_step": null, "rig_lbfgs_evals": 6, "rig_lbfgs_iters": 1, "rig_lbfgs_restart_iters": 1, "rig_s_per_eval": 0.6062948703765869, "latent_evals": 105, "latent_s_per_eval": 0.06144723665146601, "latent_cache_s": 3.9381940364837646, "latent_wall_s": 10.464634895324707, "peak_mem_mb": 1131.14794921875, "latent_peak_mem_mb": 2756.0908203125, "wall_s": 17.746000289916992}, {"round": 5, "whittle_nats": -24920233.15183759, "whittle_move_per_cell": 0.0007668041160913341, "rig_converged": false, "adam_s_per_step": null, "rig_lbfgs_evals": 6, "rig_lbfgs_iters": 1, "rig_lbfgs_restart_iters": 1, "rig_s_per_eval": 0.6073745489120483, "latent_evals": 104, "latent_s_per_eval": 0.061650255551704995, "latent_cache_s": 3.945878028869629, "latent_wall_s": 10.432948589324951, "peak_mem_mb": 1131.14794921875, "latent_peak_mem_mb": 2756.0908203125, "wall_s": 17.687992572784424}, {"round": 6, "whittle_nats": -24922103.76470438, "whittle_move_per_cell": 0.00046768314841877444, "rig_converged": false, "adam_s_per_step": null, "rig_lbfgs_evals": 6, "rig_lbfgs_iters": 1, "rig_lbfgs_restart_iters": 1, "rig_s_per_eval": 0.5993773539861044, "latent_evals": 105, "latent_s_per_eval": 0.061339435123261954, "latent_cache_s": 3.914167881011963, "latent_wall_s": 10.4293053150177, "peak_mem_mb": 1131.14794921875, "latent_peak_mem_mb": 2756.0908203125, "wall_s": 17.622522354125977}, {"round": 7, "whittle_nats": -24923270.37074473, "whittle_move_per_cell": 0.0002916701769790999, "rig_converged": false, "adam_s_per_step": null, "rig_lbfgs_evals": 6, "rig_lbfgs_iters": 1, "rig_lbfgs_restart_iters": 1, "rig_s_per_eval": 0.5994398991266886, "latent_evals": 104, "latent_s_per_eval": 0.06162749803983248, "latent_cache_s": 3.894266128540039, "latent_wall_s": 10.380152225494385, "peak_mem_mb": 1131.14794921875, "latent_peak_mem_mb": 2756.0908203125, "wall_s": 17.583272695541382}, {"round": 8, "whittle_nats": -24924062.51724238, "whittle_move_per_cell": 0.00019804929956722462, "rig_converged": false, "adam_s_per_step": null, "rig_lbfgs_evals": 6, "rig_lbfgs_iters": 1, "rig_lbfgs_restart_iters": 1, "rig_s_per_eval": 0.5999921162923177, "latent_evals": 105, "latent_s_per_eval": 0.06101706368582589, "latent_cache_s": 3.9048943519592285, "latent_wall_s": 10.386296033859253, "peak_mem_mb": 1131.14794921875, "latent_peak_mem_mb": 2756.0908203125, "wall_s": 17.603200674057007}, {"round": 9, "whittle_nats": -24924660.30341207, "whittle_move_per_cell": 0.0001494561076131744, "rig_converged": false, "adam_s_per_step": null, "rig_lbfgs_evals": 6, "rig_lbfgs_iters": 1, "rig_lbfgs_restart_iters": 1, "rig_s_per_eval": 0.6027089754740397, "latent_evals": 104, "latent_s_per_eval": 0.06195787283090445, "latent_cache_s": 3.922647714614868, "latent_wall_s": 10.44101858139038, "peak_mem_mb": 1131.14794921875, "latent_peak_mem_mb": 2756.0908203125, "wall_s": 17.677278518676758}, {"round": 10, "whittle_nats": -24925046.632088963, "whittle_move_per_cell": 9.658835087803297e-05, "rig_converged": false, "adam_s_per_step": null, "rig_lbfgs_evals": 6, "rig_lbfgs_iters": 1, "rig_lbfgs_restart_iters": 1, "rig_s_per_eval": 0.601044217745463, "latent_evals": 106, "latent_s_per_eval": 0.06158187254419867, "latent_cache_s": 3.9315483570098877, "latent_wall_s": 10.534501791000366, "peak_mem_mb": 1131.14794921875, "latent_peak_mem_mb": 2756.0908203125, "wall_s": 17.750330209732056}], "polish": {"frames": 496, "subset_frames": 64, "loss_note": "Whittle - rig log prior on the FULL pool at the final latents", "loss_at_subset_optimum": -24920059.768029783, "loss_polished": -24920195.395306982, "gain_nats": 135.62727719917893, "gain_per_cell": 3.390898947512114e-05, "whittle_at_subset_optimum": -24925046.632088963, "whittle_polished": -24925164.249408536, "rig_converged": true, "adam_s_per_step": null, "rig_lbfgs_evals": 6, "rig_lbfgs_iters": 1, "rig_lbfgs_restart_iters": 1, "rig_s_per_eval": 4.586949308713277, "peak_mem_mb": 1119.1591796875, "wall_s": 36.331101417541504}, "front_end": {"sr": 16000, "n_fft": 2048, "hop": 512, "sr_work": 32000, "n_fft_work": 4096}, "latent_fit": {"windows": 8, "n_blocks": [16, 16, 16, 16, 16, 16, 16, 16], "line_dtype": "torch.float64", "tracks": ["d", "u", "uj", "v"], "loss_before": -24819469.755729385, "loss_after": -24819697.52924296, "evals": 106, "cache_s": 3.9315483570098877, "s_per_eval": 0.06158187254419867, "wall_s": 10.53426718711853}, "sigma_nu": 3.806288602324434, "gamma_median": 0.8095419100888603, "gamma_median_per_rotor": [2.3409, 0.6748, 0.709, 0.4626], "gamma_max_per_rotor": [30.028, 13.043, 3.353, 3.411], "gamma_argmax_k_per_rotor": [49, 17, 7, 14], "gamma_over_50hz": 0, "gamma_shape": [4, 81], "amp_exp": 2.0, "span_pins": ["amp_exp", "floor_exp", "floor_static_rel"], "speed_span": 1.4359839537899945, "init_from": {"source": "results/noise_v2/rounds/round3/fits/michaels_fly125_cruise__flight.json", "schema": "noise-v2-fit/2", "mode": "flight", "git": "a996e5e51c514f52ba29cb0a9ed44adccd8d1f16", "sites": ["gamma_hz", "profile_db", "sigma_nu"], "clipped": {"sigma_nu": 1, "gamma_hz": 164, "profile_db": 3, "floor_shape_z": 6}, "prior_box_quantiles": [0.001, 0.999], "floor_start": "measured", "objective_at_v2_floor": -23651922.62294968, "objective_at_measured_floor": -24192501.92873785, "objective_at_measured_start": -23700296.77254031, "not_v3_sites": {"lam": 0.5, "note": "lam is pinned in v3 flight; v2 mic gains are data-normalised"}}, "batch": {"grid": {"sr": 16000, "n_fft": 2048, "hop": 512, "sr_work": 32000, "n_fft_work": 4096}, "n_frames_total": 1976, "n_frames_used": 496, "frame_stride": 4, "exposure_scale": 3.9838709677419355, "carrier_min_rev_s": 68.18343353271484, "carrier_max_rev_s": 97.91031646728516, "speed_span": 1.4359839537899945, "channel_gains": {"gains_db": [0.02806923749999987, -6.5042584625, 1.0624115375, 2.3590115375, 5.0315015375000005, 2.4618615375, -0.5576684625000001, -3.8809284625000005], "source": "results/noise_v2/mic_gains/mic_gains.json", "rig": "michaels", "rule": "rank-one floor gain per channel on the 1/3-octave bands >= 500 Hz (rigs.<rig>.wind.excess_db_above_500hz), re-centred on the channels used; each channel's periodogram is divided by 10^(g/10)"}}}
Error in sitecustomize; set PYTHONVERBOSE for traceback:
ModuleNotFoundError: No module named 'wrapt'
V3GPU seed=3 start
17:23:42   adam     0  loss -2.4032e+07
17:23:42   adam    50  loss -2.46766e+07
17:23:42   adam   100  loss -2.42143e+07
17:23:42   adam   150  loss -2.40881e+07
17:23:42   adam   200  loss -2.41563e+07
17:23:42   adam   250  loss -2.47655e+07
17:23:42   v3 round 0: whittle -2.44276e+07
17:23:42   v3 round 1: whittle -2.48874e+07  move/cell 0.115
17:23:42   v3 round 2: whittle -2.49021e+07  move/cell 0.00366
17:23:42   v3 round 3: whittle -2.49114e+07  move/cell 0.00234
17:23:42   v3 round 4: whittle -2.49159e+07  move/cell 0.00113
17:23:42   v3 round 5: whittle -2.49189e+07  move/cell 0.000753
17:23:42   v3 round 6: whittle -2.49208e+07  move/cell 0.000465
17:23:42   v3 round 7: whittle -2.4922e+07  move/cell 0.000297
17:23:42   v3 round 8: whittle -2.49227e+07  move/cell 0.000184
17:23:42   v3 round 9: whittle -2.49234e+07  move/cell 0.000164
17:23:42   v3 round 10: whittle -2.49237e+07  move/cell 8.18e-05
17:23:42   v3 all-frames polish: whittle -2.49238e+07  gain/cell 3.04e-05
17:23:42 ('michaels_fly125_cruise__flight_v3__s3', 'ok')
17:23:42 {
17:23:42  "n_units": 1,
17:23:42  "n_converged": 1,
17:23:42  "not_converged": [],
17:23:42  "slowest_s": 266.0362868309021,
17:23:42  "fits": [
17:23:42   "results/noise_v3/fits_r2/restarts/michaels_fly125_cruise__flight_v3__s3.json"
17:23:42  ]
17:23:42 }
17:23:42 # wrote results/noise_v3/fits_r2/findings.md
V3GPU seed=3 fit exit=0 fit_wall_s=272 total_wall_s=1155
Error in sitecustomize; set PYTHONVERBOSE for traceback:
ModuleNotFoundError: No module named 'wrapt'
FIT_SUMMARY {"file": "results/noise_v3/fits_r2/restarts/michaels_fly125_cruise__flight_v3__s3.json", "git": "0b87c5ebee5769f78b235e62b1481eb67419fb08", "device": "cuda:0", "line_kernel": "unit_autocorr", "chunk_frames": 16, "lbfgs_rtol": 1e-05, "wall_s": 266.0362868309021, "peak_mem_mb": 2756.0908203125, "converged": true, "which_converged": "alternation+lbfgs", "alternation_converged": true, "rig_converged": true, "rounds_run": 10, "total_nats": -24813922.35462217, "whittle_nats": -24923819.954173945, "whittle_latents_zero_nats": -24427551.332139798, "rig_neg_log_prior_nats": 4667.911389920447, "ou_neg_log_prior_nats": 105229.68816185254, "n_cells": 3999744, "total_per_cell": -6.203877636824299, "first_rig": {"adam_steps": 300, "lbfgs_frames": 64, "lbfgs_frames_used": 64, "lbfgs_stratified": true, "adam_wall_s": 18.286531925201416, "lbfgs_wall_s": 4.591101884841919, "lbfgs_evals": 6, "lbfgs_restart_evals": 3, "lbfgs_iters_used": 4, "lbfgs_restart_iters_used": 1, "lbfgs_loss_before": -24420800.080841728, "lbfgs_loss_first_pass": -24426346.103048578, "lbfgs_loss_after_restart": -24426531.546479024, "lbfgs_restart_gain_per_cell": 0.0003593196429464447, "converged": false, "peak_mem_mb": null}, "last_rig": {"adam_steps": 0, "lbfgs_frames": null, "lbfgs_frames_used": 496, "lbfgs_stratified": true, "adam_wall_s": 2.765655517578125e-05, "lbfgs_wall_s": 27.57822299003601, "lbfgs_evals": 3, "lbfgs_restart_evals": 3, "lbfgs_iters_used": 1, "lbfgs_restart_iters_used": 1, "lbfgs_loss_before": -24919030.555253267, "lbfgs_loss_first_pass": -24919107.03705561, "lbfgs_loss_after_restart": -24919152.042784028, "lbfgs_restart_gain_per_cell": 1.1252152241779686e-05, "converged": true, "peak_mem_mb": null}, "history": [{"round": 0, "whittle_nats": -24427551.332139798, "rig_converged": false, "adam_s_per_step": 0.060955106417338055, "rig_lbfgs_evals": 9, "rig_lbfgs_iters": 4, "rig_lbfgs_restart_iters": 1, "rig_s_per_eval": 0.5101224316491021, "peak_mem_mb": 1467.6513671875, "wall_s": 50.09353828430176}, {"round": 1, "whittle_nats": -24887432.022507578, "whittle_move_per_cell": 0.11497753115393901, "rig_converged": true, "adam_s_per_step": null, "rig_lbfgs_evals": 10, "rig_lbfgs_iters": 5, "rig_lbfgs_restart_iters": 1, "rig_s_per_eval": 0.5230311870574951, "latent_evals": 106, "latent_s_per_eval": 0.06105548480771623, "latent_cache_s": 3.9252707958221436, "latent_wall_s": 10.474438905715942, "peak_mem_mb": 1131.12939453125, "latent_peak_mem_mb": 2756.072265625, "wall_s": 19.279325485229492}, {"round": 2, "whittle_nats": -24902083.640079323, "whittle_move_per_cell": 0.0036631388338216313, "rig_converged": false, "adam_s_per_step": null, "rig_lbfgs_evals": 9, "rig_lbfgs_iters": 4, "rig_lbfgs_restart_iters": 1, "rig_s_per_eval": 0.5346140331692166, "latent_evals": 105, "latent_s_per_eval": 0.06075608843848819, "latent_cache_s": 3.8707919120788574, "latent_wall_s": 10.323822259902954, "peak_mem_mb": 1131.14794921875, "latent_peak_mem_mb": 2756.0908203125, "wall_s": 18.714538097381592}, {"round": 3, "whittle_nats": -24911425.27814561, "whittle_move_per_cell": 0.002335558992347531, "rig_converged": false, "adam_s_per_step": null, "rig_lbfgs_evals": 6, "rig_lbfgs_iters": 1, "rig_lbfgs_restart_iters": 1, "rig_s_per_eval": 0.6007798512776693, "latent_evals": 105, "latent_s_per_eval": 0.061449527740478516, "latent_cache_s": 3.8892288208007812, "latent_wall_s": 10.4152512550354, "peak_mem_mb": 1131.14794921875, "latent_peak_mem_mb": 2756.0908203125, "wall_s": 17.642305612564087}, {"round": 4, "whittle_nats": -24915936.819259293, "whittle_move_per_cell": 0.0011279574676984554, "rig_converged": false, "adam_s_per_step": null, "rig_lbfgs_evals": 6, "rig_lbfgs_iters": 1, "rig_lbfgs_restart_iters": 1, "rig_s_per_eval": 0.6058518886566162, "latent_evals": 106, "latent_s_per_eval": 0.06148725185754164, "latent_cache_s": 3.941565752029419, "latent_wall_s": 10.535151481628418, "peak_mem_mb": 1131.14794921875, "latent_peak_mem_mb": 2756.0908203125, "wall_s": 17.8103928565979}, {"round": 5, "whittle_nats": -24918949.203547157, "whittle_move_per_cell": 0.0007531442731994772, "rig_converged": false, "adam_s_per_step": null, "rig_lbfgs_evals": 6, "rig_lbfgs_iters": 1, "rig_lbfgs_restart_iters": 1, "rig_s_per_eval": 0.6028821070988973, "latent_evals": 106, "latent_s_per_eval": 0.06187929747239599, "latent_cache_s": 3.947206735610962, "latent_wall_s": 10.582808017730713, "peak_mem_mb": 1131.14794921875, "latent_peak_mem_mb": 2756.0908203125, "wall_s": 17.818251848220825}, {"round": 6, "whittle_nats": -24920810.54690651, "whittle_move_per_cell": 0.00046536562323767677, "rig_converged": false, "adam_s_per_step": null, "rig_lbfgs_evals": 6, "rig_lbfgs_iters": 1, "rig_lbfgs_restart_iters": 1, "rig_s_per_eval": 0.6001875003178915, "latent_evals": 103, "latent_s_per_eval": 0.06149749616974766, "latent_cache_s": 3.913417339324951, "latent_wall_s": 10.32263994216919, "peak_mem_mb": 1131.14794921875, "latent_peak_mem_mb": 2756.0908203125, "wall_s": 17.527520418167114}, {"round": 7, "whittle_nats": -24921998.276690207, "whittle_move_per_cell": 0.00029695145081758145, "rig_converged": false, "adam_s_per_step": null, "rig_lbfgs_evals": 6, "rig_lbfgs_iters": 1, "rig_lbfgs_restart_iters": 1, "rig_s_per_eval": 0.5996194283167521, "latent_evals": 105, "latent_s_per_eval": 0.06093874658857073, "latent_cache_s": 3.9035263061523438, "latent_wall_s": 10.376658916473389, "peak_mem_mb": 1131.14794921875, "latent_peak_mem_mb": 2756.0908203125, "wall_s": 17.576573133468628}, {"round": 8, "whittle_nats": -24922735.6770308, "whittle_move_per_cell": 0.0001843618843091836, "rig_converged": false, "adam_s_per_step": null, "rig_lbfgs_evals": 6, "rig_lbfgs_iters": 1, "rig_lbfgs_restart_iters": 1, "rig_s_per_eval": 0.6042917569478353, "latent_evals": 105, "latent_s_per_eval": 0.06157027199154808, "latent_cache_s": 3.909111261367798, "latent_wall_s": 10.449018478393555, "peak_mem_mb": 1131.14794921875, "latent_peak_mem_mb": 2756.0908203125, "wall_s": 17.7027268409729}, {"round": 9, "whittle_nats": -24923392.189828444, "whittle_move_per_cell": 0.0001641387042876992, "rig_converged": false, "adam_s_per_step": null, "rig_lbfgs_evals": 6, "rig_lbfgs_iters": 1, "rig_lbfgs_restart_iters": 1, "rig_s_per_eval": 0.604954997698466, "latent_evals": 104, "latent_s_per_eval": 0.06246496163881742, "latent_cache_s": 3.9255661964416504, "latent_wall_s": 10.500280141830444, "peak_mem_mb": 1131.14794921875, "latent_peak_mem_mb": 2756.0908203125, "wall_s": 17.752751350402832}, {"round": 10, "whittle_nats": -24923719.390491087, "whittle_move_per_cell": 8.180540120635654e-05, "rig_converged": false, "adam_s_per_step": null, "rig_lbfgs_evals": 6, "rig_lbfgs_iters": 1, "rig_lbfgs_restart_iters": 1, "rig_s_per_eval": 0.6039678653081259, "latent_evals": 105, "latent_s_per_eval": 0.061399375824701216, "latent_cache_s": 3.9265735149383545, "latent_wall_s": 10.447851657867432, "peak_mem_mb": 1131.14794921875, "latent_peak_mem_mb": 2756.0908203125, "wall_s": 17.689496517181396}], "polish": {"frames": 496, "subset_frames": 64, "loss_note": "Whittle - rig log prior on the FULL pool at the final latents", "loss_at_subset_optimum": -24919030.555253267, "loss_polished": -24919152.042784028, "gain_nats": 121.48753076046705, "gain_per_cell": 3.0373826615020125e-05, "whittle_at_subset_optimum": -24923719.390491087, "whittle_polished": -24923819.954173945, "rig_converged": true, "adam_s_per_step": null, "rig_lbfgs_evals": 6, "rig_lbfgs_iters": 1, "rig_lbfgs_restart_iters": 1, "rig_s_per_eval": 4.596370498339335, "peak_mem_mb": 1119.1591796875, "wall_s": 36.399598836898804}, "front_end": {"sr": 16000, "n_fft": 2048, "hop": 512, "sr_work": 32000, "n_fft_work": 4096}, "latent_fit": {"windows": 8, "n_blocks": [16, 16, 16, 16, 16, 16, 16, 16], "line_dtype": "torch.float64", "tracks": ["d", "u", "uj", "v"], "loss_before": -24818368.87740326, "loss_after": -24818565.645293236, "evals": 105, "cache_s": 3.9265735149383545, "s_per_eval": 0.061399375824701216, "wall_s": 10.447604179382324}, "sigma_nu": 4.018586638668051, "gamma_median": 0.6333845937875671, "gamma_median_per_rotor": [1.6488, 0.5647, 0.4249, 0.3449], "gamma_max_per_rotor": [30.731, 15.307, 3.493, 3.647], "gamma_argmax_k_per_rotor": [49, 17, 80, 49], "gamma_over_50hz": 0, "gamma_shape": [4, 81], "amp_exp": 2.0, "span_pins": ["amp_exp", "floor_exp", "floor_static_rel"], "speed_span": 1.4359839537899945, "init_from": {"source": "results/noise_v2/rounds/round3/fits/michaels_fly125_cruise__flight.json", "schema": "noise-v2-fit/2", "mode": "flight", "git": "a996e5e51c514f52ba29cb0a9ed44adccd8d1f16", "sites": ["gamma_hz", "profile_db", "sigma_nu"], "clipped": {"sigma_nu": 1, "gamma_hz": 164, "profile_db": 3, "floor_shape_z": 6}, "prior_box_quantiles": [0.001, 0.999], "floor_start": "measured", "objective_at_v2_floor": -23651922.62294968, "objective_at_measured_floor": -24192501.92873785, "objective_at_measured_start": -23700296.77254031, "not_v3_sites": {"lam": 0.5, "note": "lam is pinned in v3 flight; v2 mic gains are data-normalised"}}, "batch": {"grid": {"sr": 16000, "n_fft": 2048, "hop": 512, "sr_work": 32000, "n_fft_work": 4096}, "n_frames_total": 1976, "n_frames_used": 496, "frame_stride": 4, "exposure_scale": 3.9838709677419355, "carrier_min_rev_s": 68.18343353271484, "carrier_max_rev_s": 97.91031646728516, "speed_span": 1.4359839537899945, "channel_gains": {"gains_db": [0.02806923749999987, -6.5042584625, 1.0624115375, 2.3590115375, 5.0315015375000005, 2.4618615375, -0.5576684625000001, -3.8809284625000005], "source": "results/noise_v2/mic_gains/mic_gains.json", "rig": "michaels", "rule": "rank-one floor gain per channel on the 1/3-octave bands >= 500 Hz (rigs.<rig>.wind.excess_db_above_500hz), re-centred on the channels used; each channel's periodogram is divided by 10^(g/10)"}}}
Error in sitecustomize; set PYTHONVERBOSE for traceback:
ModuleNotFoundError: No module named 'wrapt'
