V3GPU job=nv3r2-standby-5b9eed dest=s3://omnirun-artifacts/nv3r2-standby-5b9eed/outputs/results/noise_v3/fits_r2 aws='uvx --quiet --from awscli aws' sha=0b87c5ebee57 host=f14e4e2433cb nproc=4
name, memory.total [MiB], driver_version
Tesla T4, 15360 MiB, 580.159.04
Tesla T4, 15360 MiB, 580.159.04
V3GPU torch 2.7.0+cu126 cuda True Tesla T4
V3GPU spec: set=michaels-standby name=michaels_fly125_standby rig=michaels extra='' init=results/noise_v2/rounds/round3/fits/michaels_fly125_standby__flight.json sched='--rounds 20 --lbfgs-frames 64 --lbfgs-iters 500'
  flight_michaels_FLY125@6.000+4_rps_refined: 8x122x1025 4.000 s carriers [30.922183, 34.75634, 40.203837, 36.265439] pass=True
  flight_michaels_FLY125@10.000+4_rps_refined: 8x122x1025 4.000 s carriers [30.986261, 34.543646, 40.148095, 36.542121] pass=True
built 3/3 supports; wrote /tmp/supports_michaels_fly125_standby/index.json and /tmp/supports_michaels_fly125_standby/findings.md
findings.md
flight_michaels_FLY125@10.000+4_rps_refined.npz
flight_michaels_FLY125@2.000+4_rps_refined.npz
flight_michaels_FLY125@6.000+4_rps_refined.npz
index.json
V3GPU build exit=0 wall_s=21
V3GPU seed=0 start
17:29:32   we have :math:`ES^{*}(P,Q) \ge ES^{*}(Q,Q)` with equality holding if and only if :math:`P=Q`, i.e.
17:29:32   adam     0  loss -6.50777e+06
17:29:32   adam    50  loss -6.90519e+06
17:29:32   adam   100  loss -6.81656e+06
17:29:32   adam   150  loss -6.83929e+06
17:29:32   adam   200  loss -7.0118e+06
17:29:32   adam   250  loss -7.01117e+06
17:29:32   v3 round 0: whittle -6.92845e+06
17:29:32   v3 round 1: whittle -6.9742e+06  move/cell 0.061
17:29:32   v3 round 2: whittle -6.97728e+06  move/cell 0.0041
17:29:32   v3 round 3: whittle -6.97844e+06  move/cell 0.00155
17:29:32   v3 round 4: whittle -6.97879e+06  move/cell 0.000466
17:29:32   v3 round 5: whittle -6.97909e+06  move/cell 0.000397
17:29:32   v3 round 6: whittle -6.97916e+06  move/cell 0.000102
17:29:32   v3 round 7: whittle -6.97925e+06  move/cell 0.000113
17:29:32   v3 round 8: whittle -6.97929e+06  move/cell 5.48e-05
17:29:32   v3 all-frames polish: whittle -6.97929e+06  gain/cell 2.27e-06
17:29:32 ('michaels_fly125_standby__flight_v3__s0', 'ok')
17:29:32 {
17:29:32  "n_units": 1,
17:29:32  "n_converged": 1,
17:29:32  "not_converged": [],
17:29:32  "slowest_s": 209.83102345466614,
17:29:32  "fits": [
17:29:32   "results/noise_v3/fits_r2/restarts/michaels_fly125_standby__flight_v3__s0.json"
17:29:32  ]
17:29:32 }
17:29:32 # wrote results/noise_v3/fits_r2/findings.md
V3GPU seed=0 fit exit=0 fit_wall_s=216 total_wall_s=237
Error in sitecustomize; set PYTHONVERBOSE for traceback:
ModuleNotFoundError: No module named 'wrapt'
FIT_SUMMARY {"file": "results/noise_v3/fits_r2/restarts/michaels_fly125_standby__flight_v3__s0.json", "git": "0b87c5ebee5769f78b235e62b1481eb67419fb08", "device": "cuda:0", "line_kernel": "unit_autocorr", "chunk_frames": 16, "lbfgs_rtol": 1e-05, "wall_s": 209.83102345466614, "peak_mem_mb": 1676.7763671875, "converged": true, "which_converged": "alternation+lbfgs", "alternation_converged": true, "rig_converged": true, "rounds_run": 8, "total_nats": -6944993.874944082, "whittle_nats": -6979291.2896336885, "whittle_latents_zero_nats": -6928453.954910472, "rig_neg_log_prior_nats": 4838.534793418686, "ou_neg_log_prior_nats": 29458.879896186987, "n_cells": 749952, "total_per_cell": -9.26058451066746, "first_rig": {"adam_steps": 300, "lbfgs_frames": 64, "lbfgs_frames_used": 64, "lbfgs_stratified": true, "adam_wall_s": 48.4144184589386, "lbfgs_wall_s": 12.82696533203125, "lbfgs_evals": 4, "lbfgs_restart_evals": 6, "lbfgs_iters_used": 2, "lbfgs_restart_iters_used": 4, "lbfgs_loss_before": -6924464.91300208, "lbfgs_loss_first_pass": -6924624.892526895, "lbfgs_loss_after_restart": -6924966.883105299, "lbfgs_restart_gain_per_cell": 0.0006626491552048994, "converged": false, "peak_mem_mb": null}, "last_rig": {"adam_steps": 0, "lbfgs_frames": null, "lbfgs_frames_used": 93, "lbfgs_stratified": true, "adam_wall_s": 1.8358230590820312e-05, "lbfgs_wall_s": 13.078844547271729, "lbfgs_evals": 3, "lbfgs_restart_evals": 3, "lbfgs_iters_used": 1, "lbfgs_restart_iters_used": 1, "lbfgs_loss_before": -6974451.053280733, "lbfgs_loss_first_pass": -6974452.174437235, "lbfgs_loss_after_restart": -6974452.754840269, "lbfgs_restart_gain_per_cell": 7.739202424207962e-07, "converged": true, "peak_mem_mb": null}, "history": [{"round": 0, "whittle_nats": -6928453.954910472, "rig_converged": false, "adam_s_per_step": 0.16138139486312866, "rig_lbfgs_evals": 10, "rig_lbfgs_iters": 2, "rig_lbfgs_restart_iters": 4, "rig_s_per_eval": 1.282696533203125, "peak_mem_mb": 1617.392578125, "wall_s": 71.04803466796875}, {"round": 1, "whittle_nats": -6974201.335657624, "whittle_move_per_cell": 0.061000411689216855, "rig_converged": true, "adam_s_per_step": null, "rig_lbfgs_evals": 6, "rig_lbfgs_iters": 1, "rig_lbfgs_restart_iters": 1, "rig_s_per_eval": 1.465206782023112, "latent_evals": 105, "latent_s_per_eval": 0.022389968236287434, "latent_cache_s": 1.1504247188568115, "latent_wall_s": 3.5347819328308105, "peak_mem_mb": 1676.75048828125, "latent_peak_mem_mb": 1634.90380859375, "wall_s": 15.027735710144043}, {"round": 2, "whittle_nats": -6977276.987183634, "whittle_move_per_cell": 0.00410113117374258, "rig_converged": true, "adam_s_per_step": null, "rig_lbfgs_evals": 6, "rig_lbfgs_iters": 1, "rig_lbfgs_restart_iters": 1, "rig_s_per_eval": 1.4809289773305256, "latent_evals": 104, "latent_s_per_eval": 0.02238938441643348, "latent_cache_s": 1.1659107208251953, "latent_wall_s": 3.525329351425171, "peak_mem_mb": 1676.7763671875, "latent_peak_mem_mb": 1634.9296875, "wall_s": 15.133108615875244}, {"round": 3, "whittle_nats": -6978440.878716978, "whittle_move_per_cell": 0.0015519547028930555, "rig_converged": true, "adam_s_per_step": null, "rig_lbfgs_evals": 6, "rig_lbfgs_iters": 1, "rig_lbfgs_restart_iters": 1, "rig_s_per_eval": 1.4965516328811646, "latent_evals": 102, "latent_s_per_eval": 0.022584746865665212, "latent_cache_s": 1.1778414249420166, "latent_wall_s": 3.512593984603882, "peak_mem_mb": 1676.7763671875, "latent_peak_mem_mb": 1634.9296875, "wall_s": 15.249831914901733}, {"round": 4, "whittle_nats": -6978790.07985237, "whittle_move_per_cell": 0.00046563131425927186, "rig_converged": true, "adam_s_per_step": null, "rig_lbfgs_evals": 6, "rig_lbfgs_iters": 1, "rig_lbfgs_restart_iters": 1, "rig_s_per_eval": 1.5094327529271443, "latent_evals": 102, "latent_s_per_eval": 0.022828111461564608, "latent_cache_s": 1.1893253326416016, "latent_wall_s": 3.5487494468688965, "peak_mem_mb": 1676.7763671875, "latent_peak_mem_mb": 1634.9296875, "wall_s": 15.38371467590332}, {"round": 5, "whittle_nats": -6979087.460355539, "whittle_move_per_cell": 0.00039653271565281636, "rig_converged": true, "adam_s_per_step": null, "rig_lbfgs_evals": 6, "rig_lbfgs_iters": 1, "rig_lbfgs_restart_iters": 1, "rig_s_per_eval": 1.509603500366211, "latent_evals": 104, "latent_s_per_eval": 0.022716778975266676, "latent_cache_s": 1.1977298259735107, "latent_wall_s": 3.5921003818511963, "peak_mem_mb": 1676.7763671875, "latent_peak_mem_mb": 1634.9296875, "wall_s": 15.422611474990845}, {"round": 6, "whittle_nats": -6979164.155815606, "whittle_move_per_cell": 0.00010226715852098618, "rig_converged": true, "adam_s_per_step": null, "rig_lbfgs_evals": 6, "rig_lbfgs_iters": 1, "rig_lbfgs_restart_iters": 1, "rig_s_per_eval": 1.4958634773890178, "latent_evals": 106, "latent_s_per_eval": 0.0225144624710083, "latent_cache_s": 1.1895861625671387, "latent_wall_s": 3.606935739517212, "peak_mem_mb": 1676.7763671875, "latent_peak_mem_mb": 1634.9296875, "wall_s": 15.328397989273071}, {"round": 7, "whittle_nats": -6979248.755577609, "whittle_move_per_cell": 0.00011280690231233132, "rig_converged": true, "adam_s_per_step": null, "rig_lbfgs_evals": 6, "rig_lbfgs_iters": 1, "rig_lbfgs_restart_iters": 1, "rig_s_per_eval": 1.4914861917495728, "latent_evals": 105, "latent_s_per_eval": 0.022570153645106724, "latent_cache_s": 1.1823434829711914, "latent_wall_s": 3.5830867290496826, "peak_mem_mb": 1676.7763671875, "latent_peak_mem_mb": 1634.9296875, "wall_s": 15.274574041366577}, {"round": 8, "whittle_nats": -6979289.859420111, "whittle_move_per_cell": 5.4808631089002875e-05, "rig_converged": true, "adam_s_per_step": null, "rig_lbfgs_evals": 6, "rig_lbfgs_iters": 1, "rig_lbfgs_restart_iters": 1, "rig_s_per_eval": 1.4948111375172932, "latent_evals": 105, "latent_s_per_eval": 0.022577712649390812, "latent_cache_s": 1.181203842163086, "latent_wall_s": 3.5826661586761475, "peak_mem_mb": 1676.7763671875, "latent_peak_mem_mb": 1634.9296875, "wall_s": 15.29833197593689}], "polish": {"frames": 93, "subset_frames": 64, "loss_note": "Whittle - rig log prior on the FULL pool at the final latents", "loss_at_subset_optimum": -6974451.053280733, "loss_polished": -6974452.754840269, "gain_nats": 1.7015595361590385, "gain_per_cell": 2.2688912572525157e-06, "whittle_at_subset_optimum": -6979289.859420111, "whittle_polished": -6979291.2896336885, "rig_converged": true, "adam_s_per_step": null, "rig_lbfgs_evals": 6, "rig_lbfgs_iters": 1, "rig_lbfgs_restart_iters": 1, "rig_s_per_eval": 2.179807424545288, "peak_mem_mb": 1664.66162109375, "wall_s": 16.64897108078003}, "front_end": {"sr": 16000, "n_fft": 2048, "hop": 512, "sr_work": 32000, "n_fft_work": 4096}, "latent_fit": {"windows": 3, "n_blocks": [8, 8, 8], "line_dtype": "torch.float64", "tracks": ["d", "u", "uj", "v"], "loss_before": -6949808.85171346, "loss_after": -6949832.178289646, "evals": 105, "cache_s": 1.181203842163086, "s_per_eval": 0.022577712649390812, "wall_s": 3.5824177265167236}, "sigma_nu": 0.28997230549826764, "gamma_median": 2.660231594000421, "gamma_median_per_rotor": [1.6985, 2.6666, 4.6039, 2.3969], "gamma_max_per_rotor": [17.056, 11.708, 95.395, 13.08], "gamma_argmax_k_per_rotor": [130, 81, 128, 85], "gamma_over_50hz": 3, "gamma_shape": [4, 130], "amp_exp": 3.938206582252991, "span_pins": [], "speed_span": 1.9278266197081828, "init_from": {"source": "results/noise_v2/rounds/round3/fits/michaels_fly125_standby__flight.json", "schema": "noise-v2-fit/2", "mode": "flight", "git": "58e895fb943207db1ba5124f24329822fadf39b9", "sites": ["amp_exp", "floor_exp", "floor_shape_z", "floor_static_rel", "gamma_hz", "profile_db", "sigma_nu"], "clipped": {"sigma_nu": 0, "gamma_hz": 180, "profile_db": 0, "amp_exp": 0, "floor_exp": 0, "floor_static_rel": 1, "floor_shape_z": 0}, "prior_box_quantiles": [0.001, 0.999], "floor_start": "v2 re-expressed", "objective_at_v2_floor": -6325922.701675446, "objective_at_measured_floor": -5037953.246885765, "objective_at_measured_start": -6621819.48484148, "not_v3_sites": {"lam": 0.5, "note": "lam is pinned in v3 flight; v2 mic gains are data-normalised"}}, "batch": {"grid": {"sr": 16000, "n_fft": 2048, "hop": 512, "sr_work": 32000, "n_fft_work": 4096}, "n_frames_total": 366, "n_frames_used": 93, "frame_stride": 4, "exposure_scale": 3.935483870967742, "carrier_min_rev_s": 20.930063247680664, "carrier_max_rev_s": 40.34953308105469, "speed_span": 1.9278266197081828, "channel_gains": {"gains_db": [0.02806923749999987, -6.5042584625, 1.0624115375, 2.3590115375, 5.0315015375000005, 2.4618615375, -0.5576684625000001, -3.8809284625000005], "source": "results/noise_v2/mic_gains/mic_gains.json", "rig": "michaels", "rule": "rank-one floor gain per channel on the 1/3-octave bands >= 500 Hz (rigs.<rig>.wind.excess_db_above_500hz), re-centred on the channels used; each channel's periodogram is divided by 10^(g/10)"}}}
Error in sitecustomize; set PYTHONVERBOSE for traceback:
ModuleNotFoundError: No module named 'wrapt'
V3GPU seed=1 start
17:32:56   adam     0  loss -6.45805e+06
17:32:56   adam    50  loss -7.03141e+06
17:32:56   adam   100  loss -6.85987e+06
17:32:56   adam   150  loss -6.88453e+06
17:32:56   adam   200  loss -6.85822e+06
17:32:56   adam   250  loss -7.00788e+06
17:32:56   v3 round 0: whittle -6.92867e+06
17:32:56   v3 round 1: whittle -6.97369e+06  move/cell 0.06
17:32:56   v3 round 2: whittle -6.97732e+06  move/cell 0.00484
17:32:56   v3 round 3: whittle -6.97847e+06  move/cell 0.00153
17:32:56   v3 round 4: whittle -6.9789e+06  move/cell 0.000568
17:32:56   v3 round 5: whittle -6.97908e+06  move/cell 0.000245
17:32:56   v3 round 6: whittle -6.97921e+06  move/cell 0.00018
17:32:56   v3 round 7: whittle -6.97928e+06  move/cell 8.43e-05
17:32:56   v3 all-frames polish: whittle -6.97928e+06  gain/cell 2e-06
17:32:56 ('michaels_fly125_standby__flight_v3__s1', 'ok')
17:32:56 {
17:32:56  "n_units": 1,
17:32:56  "n_converged": 1,
17:32:56  "not_converged": [],
17:32:56  "slowest_s": 191.98718070983887,
17:32:56  "fits": [
17:32:56   "results/noise_v3/fits_r2/restarts/michaels_fly125_standby__flight_v3__s1.json"
17:32:56  ]
17:32:56 }
17:32:56 # wrote results/noise_v3/fits_r2/findings.md
V3GPU seed=1 fit exit=0 fit_wall_s=197 total_wall_s=441
Error in sitecustomize; set PYTHONVERBOSE for traceback:
ModuleNotFoundError: No module named 'wrapt'
FIT_SUMMARY {"file": "results/noise_v3/fits_r2/restarts/michaels_fly125_standby__flight_v3__s1.json", "git": "0b87c5ebee5769f78b235e62b1481eb67419fb08", "device": "cuda:0", "line_kernel": "unit_autocorr", "chunk_frames": 16, "lbfgs_rtol": 1e-05, "wall_s": 191.98718070983887, "peak_mem_mb": 1676.7763671875, "converged": true, "which_converged": "alternation+lbfgs", "alternation_converged": true, "rig_converged": true, "rounds_run": 7, "total_nats": -6945134.4921375625, "whittle_nats": -6979278.767637098, "whittle_latents_zero_nats": -6928671.283039545, "rig_neg_log_prior_nats": 4682.606318121473, "ou_neg_log_prior_nats": 29461.669181414123, "n_cells": 749952, "total_per_cell": -9.260772012258867, "first_rig": {"adam_steps": 300, "lbfgs_frames": 64, "lbfgs_frames_used": 64, "lbfgs_stratified": true, "adam_wall_s": 48.68585562705994, "lbfgs_wall_s": 9.769150257110596, "lbfgs_evals": 4, "lbfgs_restart_evals": 3, "lbfgs_iters_used": 2, "lbfgs_restart_iters_used": 1, "lbfgs_loss_before": -6924297.981670909, "lbfgs_loss_first_pass": -6925213.76316947, "lbfgs_loss_after_restart": -6925259.244751951, "lbfgs_restart_gain_per_cell": 8.812620613312786e-05, "converged": true, "peak_mem_mb": null}, "last_rig": {"adam_steps": 0, "lbfgs_frames": null, "lbfgs_frames_used": 93, "lbfgs_stratified": true, "adam_wall_s": 1.6927719116210938e-05, "lbfgs_wall_s": 13.039652585983276, "lbfgs_evals": 3, "lbfgs_restart_evals": 3, "lbfgs_iters_used": 1, "lbfgs_restart_iters_used": 1, "lbfgs_loss_before": -6974594.662617583, "lbfgs_loss_first_pass": -6974595.494286448, "lbfgs_loss_after_restart": -6974596.161318976, "lbfgs_restart_gain_per_cell": 8.89433628643756e-07, "converged": true, "peak_mem_mb": null}, "history": [{"round": 0, "whittle_nats": -6928671.283039545, "rig_converged": true, "adam_s_per_step": 0.16228618542353312, "rig_lbfgs_evals": 7, "rig_lbfgs_iters": 2, "rig_lbfgs_restart_iters": 1, "rig_s_per_eval": 1.3955928938729423, "peak_mem_mb": 1617.36181640625, "wall_s": 67.976078748703}, {"round": 1, "whittle_nats": -6973693.874248285, "whittle_move_per_cell": 0.06003396378533578, "rig_converged": true, "adam_s_per_step": null, "rig_lbfgs_evals": 6, "rig_lbfgs_iters": 1, "rig_lbfgs_restart_iters": 1, "rig_s_per_eval": 1.4911770820617676, "latent_evals": 109, "latent_s_per_eval": 0.022536284332975335, "latent_cache_s": 1.1829895973205566, "latent_wall_s": 3.6731319427490234, "peak_mem_mb": 1676.75048828125, "latent_peak_mem_mb": 1634.90380859375, "wall_s": 15.366194725036621}, {"round": 2, "whittle_nats": -6977323.203429296, "whittle_move_per_cell": 0.004839415297260138, "rig_converged": true, "adam_s_per_step": null, "rig_lbfgs_evals": 6, "rig_lbfgs_iters": 1, "rig_lbfgs_restart_iters": 1, "rig_s_per_eval": 1.4965619643529255, "latent_evals": 104, "latent_s_per_eval": 0.022875437369713418, "latent_cache_s": 1.1816389560699463, "latent_wall_s": 3.5916504859924316, "peak_mem_mb": 1676.7763671875, "latent_peak_mem_mb": 1634.9296875, "wall_s": 15.321911096572876}, {"round": 3, "whittle_nats": -6978469.769908325, "whittle_move_per_cell": 0.001528853151973905, "rig_converged": true, "adam_s_per_step": null, "rig_lbfgs_evals": 6, "rig_lbfgs_iters": 1, "rig_lbfgs_restart_iters": 1, "rig_s_per_eval": 1.5006320079167683, "latent_evals": 104, "latent_s_per_eval": 0.022605946430793174, "latent_cache_s": 1.1865997314453125, "latent_wall_s": 3.5688698291778564, "peak_mem_mb": 1676.7763671875, "latent_peak_mem_mb": 1634.9296875, "wall_s": 15.334778308868408}, {"round": 4, "whittle_nats": -6978895.872739808, "whittle_move_per_cell": 0.0005681734717460415, "rig_converged": true, "adam_s_per_step": null, "rig_lbfgs_evals": 6, "rig_lbfgs_iters": 1, "rig_lbfgs_restart_iters": 1, "rig_s_per_eval": 1.5043069124221802, "latent_evals": 105, "latent_s_per_eval": 0.022491248448689778, "latent_cache_s": 1.1929640769958496, "latent_wall_s": 3.585855722427368, "peak_mem_mb": 1676.7763671875, "latent_peak_mem_mb": 1634.9296875, "wall_s": 15.37366008758545}, {"round": 5, "whittle_nats": -6979079.535756175, "whittle_move_per_cell": 0.0002448996954041108, "rig_converged": true, "adam_s_per_step": null, "rig_lbfgs_evals": 6, "rig_lbfgs_iters": 1, "rig_lbfgs_restart_iters": 1, "rig_s_per_eval": 1.5001374085744221, "latent_evals": 104, "latent_s_per_eval": 0.022801928795300998, "latent_cache_s": 1.1906743049621582, "latent_wall_s": 3.5939440727233887, "peak_mem_mb": 1676.7763671875, "latent_peak_mem_mb": 1634.9296875, "wall_s": 15.351106405258179}, {"round": 6, "whittle_nats": -6979214.269022071, "whittle_move_per_cell": 0.00017965585250175541, "rig_converged": true, "adam_s_per_step": null, "rig_lbfgs_evals": 6, "rig_lbfgs_iters": 1, "rig_lbfgs_restart_iters": 1, "rig_s_per_eval": 1.4987287521362305, "latent_evals": 105, "latent_s_per_eval": 0.022566457021804084, "latent_cache_s": 1.1798853874206543, "latent_wall_s": 3.5804808139801025, "peak_mem_mb": 1676.7763671875, "latent_peak_mem_mb": 1634.9296875, "wall_s": 15.328000783920288}, {"round": 7, "whittle_nats": -6979277.4819720425, "whittle_move_per_cell": 8.42893278125379e-05, "rig_converged": true, "adam_s_per_step": null, "rig_lbfgs_evals": 6, "rig_lbfgs_iters": 1, "rig_lbfgs_restart_iters": 1, "rig_s_per_eval": 1.4974663654963176, "latent_evals": 106, "latent_s_per_eval": 0.02238439164071713, "latent_cache_s": 1.1822168827056885, "latent_wall_s": 3.586296558380127, "peak_mem_mb": 1676.7763671875, "latent_peak_mem_mb": 1634.9296875, "wall_s": 15.317922592163086}], "polish": {"frames": 93, "subset_frames": 64, "loss_note": "Whittle - rig log prior on the FULL pool at the final latents", "loss_at_subset_optimum": -6974594.662617583, "loss_polished": -6974596.161318976, "gain_nats": 1.4987013936042786, "gain_per_cell": 1.9983964221767243e-06, "whittle_at_subset_optimum": -6979277.4819720425, "whittle_polished": -6979278.767637098, "rig_converged": true, "adam_s_per_step": null, "rig_lbfgs_evals": 6, "rig_lbfgs_iters": 1, "rig_lbfgs_restart_iters": 1, "rig_s_per_eval": 2.173275430997213, "peak_mem_mb": 1664.66162109375, "wall_s": 16.601919889450073}, "front_end": {"sr": 16000, "n_fft": 2048, "hop": 512, "sr_work": 32000, "n_fft_work": 4096}, "latent_fit": {"windows": 3, "n_blocks": [8, 8, 8], "line_dtype": "torch.float64", "tracks": ["d", "u", "uj", "v"], "loss_before": -6949776.815644081, "loss_after": -6949816.7573447395, "evals": 106, "cache_s": 1.1822168827056885, "s_per_eval": 0.02238439164071713, "wall_s": 3.5860440731048584}, "sigma_nu": 0.3003342562659944, "gamma_median": 2.670035902658303, "gamma_median_per_rotor": [1.5841, 2.5446, 4.4924, 2.3819], "gamma_max_per_rotor": [18.191, 11.217, 89.29, 12.56], "gamma_argmax_k_per_rotor": [108, 81, 128, 85], "gamma_over_50hz": 3, "gamma_shape": [4, 130], "amp_exp": 3.9581787510633837, "span_pins": [], "speed_span": 1.9278266197081828, "init_from": {"source": "results/noise_v2/rounds/round3/fits/michaels_fly125_standby__flight.json", "schema": "noise-v2-fit/2", "mode": "flight", "git": "58e895fb943207db1ba5124f24329822fadf39b9", "sites": ["amp_exp", "floor_exp", "floor_shape_z", "floor_static_rel", "gamma_hz", "profile_db", "sigma_nu"], "clipped": {"sigma_nu": 0, "gamma_hz": 180, "profile_db": 0, "amp_exp": 0, "floor_exp": 0, "floor_static_rel": 1, "floor_shape_z": 0}, "prior_box_quantiles": [0.001, 0.999], "floor_start": "v2 re-expressed", "objective_at_v2_floor": -6325922.701675446, "objective_at_measured_floor": -5037953.246885765, "objective_at_measured_start": -6621819.48484148, "not_v3_sites": {"lam": 0.5, "note": "lam is pinned in v3 flight; v2 mic gains are data-normalised"}}, "batch": {"grid": {"sr": 16000, "n_fft": 2048, "hop": 512, "sr_work": 32000, "n_fft_work": 4096}, "n_frames_total": 366, "n_frames_used": 93, "frame_stride": 4, "exposure_scale": 3.935483870967742, "carrier_min_rev_s": 20.930063247680664, "carrier_max_rev_s": 40.34953308105469, "speed_span": 1.9278266197081828, "channel_gains": {"gains_db": [0.02806923749999987, -6.5042584625, 1.0624115375, 2.3590115375, 5.0315015375000005, 2.4618615375, -0.5576684625000001, -3.8809284625000005], "source": "results/noise_v2/mic_gains/mic_gains.json", "rig": "michaels", "rule": "rank-one floor gain per channel on the 1/3-octave bands >= 500 Hz (rigs.<rig>.wind.excess_db_above_500hz), re-centred on the channels used; each channel's periodogram is divided by 10^(g/10)"}}}
Error in sitecustomize; set PYTHONVERBOSE for traceback:
ModuleNotFoundError: No module named 'wrapt'
V3GPU seed=2 start
17:36:16   adam     0  loss -6.34592e+06
17:36:16   adam    50  loss -6.81148e+06
17:36:16   adam   100  loss -6.87026e+06
17:36:16   adam   150  loss -7.07523e+06
17:36:16   adam   200  loss -6.93223e+06
17:36:16   adam   250  loss -7.01953e+06
17:36:16   v3 round 0: whittle -6.92805e+06
17:36:16   v3 round 1: whittle -6.97389e+06  move/cell 0.0611
17:36:16   v3 round 2: whittle -6.9771e+06  move/cell 0.00428
17:36:16   v3 round 3: whittle -6.97819e+06  move/cell 0.00146
17:36:16   v3 round 4: whittle -6.97865e+06  move/cell 0.000604
17:36:16   v3 round 5: whittle -6.9789e+06  move/cell 0.000338
17:36:16   v3 round 6: whittle -6.97905e+06  move/cell 0.000203
17:36:16   v3 round 7: whittle -6.97913e+06  move/cell 9.94e-05
17:36:16   v3 all-frames polish: whittle -6.97913e+06  gain/cell 2.13e-06
17:36:16 ('michaels_fly125_standby__flight_v3__s2', 'ok')
17:36:16 {
17:36:16  "n_units": 1,
17:36:16  "n_converged": 1,
17:36:16  "not_converged": [],
17:36:16  "slowest_s": 190.9025800228119,
17:36:16  "fits": [
17:36:16   "results/noise_v3/fits_r2/restarts/michaels_fly125_standby__flight_v3__s2.json"
17:36:16  ]
17:36:16 }
17:36:16 # wrote results/noise_v3/fits_r2/findings.md
V3GPU seed=2 fit exit=0 fit_wall_s=197 total_wall_s=641
Error in sitecustomize; set PYTHONVERBOSE for traceback:
ModuleNotFoundError: No module named 'wrapt'
FIT_SUMMARY {"file": "results/noise_v3/fits_r2/restarts/michaels_fly125_standby__flight_v3__s2.json", "git": "0b87c5ebee5769f78b235e62b1481eb67419fb08", "device": "cuda:0", "line_kernel": "unit_autocorr", "chunk_frames": 16, "lbfgs_rtol": 1e-05, "wall_s": 190.9025800228119, "peak_mem_mb": 1676.7763671875, "converged": true, "which_converged": "alternation+lbfgs", "alternation_converged": true, "rig_converged": true, "rounds_run": 7, "total_nats": -6945142.428455689, "whittle_nats": -6979126.459193481, "whittle_latents_zero_nats": -6928046.934974842, "rig_neg_log_prior_nats": 4589.037478325907, "ou_neg_log_prior_nats": 29394.99325946643, "n_cells": 749952, "total_per_cell": -9.260782594693646, "first_rig": {"adam_steps": 300, "lbfgs_frames": 64, "lbfgs_frames_used": 64, "lbfgs_stratified": true, "adam_wall_s": 48.85148358345032, "lbfgs_wall_s": 8.622054815292358, "lbfgs_evals": 3, "lbfgs_restart_evals": 3, "lbfgs_iters_used": 1, "lbfgs_restart_iters_used": 1, "lbfgs_loss_before": -6924629.733139425, "lbfgs_loss_first_pass": -6924679.767598223, "lbfgs_loss_after_restart": -6924685.17637193, "lbfgs_restart_gain_per_cell": 1.0480169788616688e-05, "converged": true, "peak_mem_mb": null}, "last_rig": {"adam_steps": 0, "lbfgs_frames": null, "lbfgs_frames_used": 93, "lbfgs_stratified": true, "adam_wall_s": 1.9550323486328125e-05, "lbfgs_wall_s": 13.037734270095825, "lbfgs_evals": 3, "lbfgs_restart_evals": 3, "lbfgs_iters_used": 1, "lbfgs_restart_iters_used": 1, "lbfgs_loss_before": -6974535.824055159, "lbfgs_loss_first_pass": -6974536.781279194, "lbfgs_loss_after_restart": -6974537.421715154, "lbfgs_restart_gain_per_cell": 8.539692675581964e-07, "converged": true, "peak_mem_mb": null}, "history": [{"round": 0, "whittle_nats": -6928046.934974842, "rig_converged": true, "adam_s_per_step": 0.16283827861150105, "rig_lbfgs_evals": 6, "rig_lbfgs_iters": 1, "rig_lbfgs_restart_iters": 1, "rig_s_per_eval": 1.4370091358820598, "peak_mem_mb": 1617.35302734375, "wall_s": 66.99442887306213}, {"round": 1, "whittle_nats": -6973890.206796329, "whittle_move_per_cell": 0.061128274638225864, "rig_converged": true, "adam_s_per_step": null, "rig_lbfgs_evals": 6, "rig_lbfgs_iters": 1, "rig_lbfgs_restart_iters": 1, "rig_s_per_eval": 1.491466999053955, "latent_evals": 105, "latent_s_per_eval": 0.02254367328825451, "latent_cache_s": 1.177863597869873, "latent_wall_s": 3.5783514976501465, "peak_mem_mb": 1676.75048828125, "latent_peak_mem_mb": 1634.90380859375, "wall_s": 15.273256778717041}, {"round": 2, "whittle_nats": -6977099.274391919, "whittle_move_per_cell": 0.00427903065208285, "rig_converged": true, "adam_s_per_step": null, "rig_lbfgs_evals": 6, "rig_lbfgs_iters": 1, "rig_lbfgs_restart_iters": 1, "rig_s_per_eval": 1.4936933914820354, "latent_evals": 106, "latent_s_per_eval": 0.022888140858344314, "latent_cache_s": 1.1783976554870605, "latent_wall_s": 3.635347843170166, "peak_mem_mb": 1676.7763671875, "latent_peak_mem_mb": 1634.9296875, "wall_s": 15.343240737915039}, {"round": 3, "whittle_nats": -6978192.349896254, "whittle_move_per_cell": 0.0014575272875259264, "rig_converged": true, "adam_s_per_step": null, "rig_lbfgs_evals": 6, "rig_lbfgs_iters": 1, "rig_lbfgs_restart_iters": 1, "rig_s_per_eval": 1.4998457829157512, "latent_evals": 103, "latent_s_per_eval": 0.022685921307906365, "latent_cache_s": 1.1849949359893799, "latent_wall_s": 3.5530173778533936, "peak_mem_mb": 1676.7763671875, "latent_peak_mem_mb": 1634.9296875, "wall_s": 15.308510541915894}, {"round": 4, "whittle_nats": -6978645.209335863, "whittle_move_per_cell": 0.0006038512326237425, "rig_converged": true, "adam_s_per_step": null, "rig_lbfgs_evals": 6, "rig_lbfgs_iters": 1, "rig_lbfgs_restart_iters": 1, "rig_s_per_eval": 1.5014952818552654, "latent_evals": 105, "latent_s_per_eval": 0.022915065856206986, "latent_cache_s": 1.1833322048187256, "latent_wall_s": 3.62485671043396, "peak_mem_mb": 1676.7763671875, "latent_peak_mem_mb": 1634.9296875, "wall_s": 15.39188027381897}, {"round": 5, "whittle_nats": -6978898.372088763, "whittle_move_per_cell": 0.000337571941804639, "rig_converged": true, "adam_s_per_step": null, "rig_lbfgs_evals": 6, "rig_lbfgs_iters": 1, "rig_lbfgs_restart_iters": 1, "rig_s_per_eval": 1.4986403783162434, "latent_evals": 106, "latent_s_per_eval": 0.022754509493989765, "latent_cache_s": 1.1864924430847168, "latent_wall_s": 3.629777431488037, "peak_mem_mb": 1676.7763671875, "latent_peak_mem_mb": 1634.9296875, "wall_s": 15.371205806732178}, {"round": 6, "whittle_nats": -6979050.514230075, "whittle_move_per_cell": 0.0002028691720434918, "rig_converged": true, "adam_s_per_step": null, "rig_lbfgs_evals": 6, "rig_lbfgs_iters": 1, "rig_lbfgs_restart_iters": 1, "rig_s_per_eval": 1.496031681696574, "latent_evals": 104, "latent_s_per_eval": 0.022711125703958366, "latent_cache_s": 1.18155837059021, "latent_wall_s": 3.5748183727264404, "peak_mem_mb": 1676.7763671875, "latent_peak_mem_mb": 1634.9296875, "wall_s": 15.298640727996826}, {"round": 7, "whittle_nats": -6979125.07230735, "whittle_move_per_cell": 9.941713239623562e-05, "rig_converged": true, "adam_s_per_step": null, "rig_lbfgs_evals": 6, "rig_lbfgs_iters": 1, "rig_lbfgs_restart_iters": 1, "rig_s_per_eval": 1.4980143706003826, "latent_evals": 104, "latent_s_per_eval": 0.0226843563409952, "latent_cache_s": 1.1842892169952393, "latent_wall_s": 3.574622869491577, "peak_mem_mb": 1676.7763671875, "latent_peak_mem_mb": 1634.9296875, "wall_s": 15.313336610794067}], "polish": {"frames": 93, "subset_frames": 64, "loss_note": "Whittle - rig log prior on the FULL pool at the final latents", "loss_at_subset_optimum": -6974535.824055159, "loss_polished": -6974537.421715154, "gain_nats": 1.5976599948480725, "gain_per_cell": 2.1303496688429027e-06, "whittle_at_subset_optimum": -6979125.07230735, "whittle_polished": -6979126.459193481, "rig_converged": true, "adam_s_per_step": null, "rig_lbfgs_evals": 6, "rig_lbfgs_iters": 1, "rig_lbfgs_restart_iters": 1, "rig_s_per_eval": 2.1729557116826377, "peak_mem_mb": 1664.66162109375, "wall_s": 16.591989517211914}, "front_end": {"sr": 16000, "n_fft": 2048, "hop": 512, "sr_work": 32000, "n_fft_work": 4096}, "latent_fit": {"windows": 3, "n_blocks": [8, 8, 8], "line_dtype": "torch.float64", "tracks": ["d", "u", "uj", "v"], "loss_before": -6949687.476611295, "loss_after": -6949730.701760222, "evals": 104, "cache_s": 1.1842892169952393, "s_per_eval": 0.0226843563409952, "wall_s": 3.5743916034698486}, "sigma_nu": 0.3477387379938713, "gamma_median": 2.261693414159476, "gamma_median_per_rotor": [1.3591, 2.2597, 3.8431, 2.0361], "gamma_max_per_rotor": [17.272, 10.568, 86.394, 12.439], "gamma_argmax_k_per_rotor": [108, 51, 128, 85], "gamma_over_50hz": 3, "gamma_shape": [4, 130], "amp_exp": 3.9576237095444644, "span_pins": [], "speed_span": 1.9278266197081828, "init_from": {"source": "results/noise_v2/rounds/round3/fits/michaels_fly125_standby__flight.json", "schema": "noise-v2-fit/2", "mode": "flight", "git": "58e895fb943207db1ba5124f24329822fadf39b9", "sites": ["amp_exp", "floor_exp", "floor_shape_z", "floor_static_rel", "gamma_hz", "profile_db", "sigma_nu"], "clipped": {"sigma_nu": 0, "gamma_hz": 180, "profile_db": 0, "amp_exp": 0, "floor_exp": 0, "floor_static_rel": 1, "floor_shape_z": 0}, "prior_box_quantiles": [0.001, 0.999], "floor_start": "v2 re-expressed", "objective_at_v2_floor": -6325922.701675446, "objective_at_measured_floor": -5037953.246885765, "objective_at_measured_start": -6621819.48484148, "not_v3_sites": {"lam": 0.5, "note": "lam is pinned in v3 flight; v2 mic gains are data-normalised"}}, "batch": {"grid": {"sr": 16000, "n_fft": 2048, "hop": 512, "sr_work": 32000, "n_fft_work": 4096}, "n_frames_total": 366, "n_frames_used": 93, "frame_stride": 4, "exposure_scale": 3.935483870967742, "carrier_min_rev_s": 20.930063247680664, "carrier_max_rev_s": 40.34953308105469, "speed_span": 1.9278266197081828, "channel_gains": {"gains_db": [0.02806923749999987, -6.5042584625, 1.0624115375, 2.3590115375, 5.0315015375000005, 2.4618615375, -0.5576684625000001, -3.8809284625000005], "source": "results/noise_v2/mic_gains/mic_gains.json", "rig": "michaels", "rule": "rank-one floor gain per channel on the 1/3-octave bands >= 500 Hz (rigs.<rig>.wind.excess_db_above_500hz), re-centred on the channels used; each channel's periodogram is divided by 10^(g/10)"}}}
Error in sitecustomize; set PYTHONVERBOSE for traceback:
ModuleNotFoundError: No module named 'wrapt'
V3GPU seed=3 start
17:39:24   adam     0  loss -6.4498e+06
17:39:24   adam    50  loss -6.87484e+06
17:39:24   adam   100  loss -6.855e+06
17:39:24   adam   150  loss -6.88585e+06
17:39:24   adam   200  loss -6.87895e+06
17:39:24   adam   250  loss -6.84722e+06
17:39:24   v3 round 0: whittle -6.9286e+06
17:39:24   v3 round 1: whittle -6.97428e+06  move/cell 0.0609
17:39:24   v3 round 2: whittle -6.97722e+06  move/cell 0.00392
17:39:24   v3 round 3: whittle -6.97839e+06  move/cell 0.00155
17:39:24   v3 round 4: whittle -6.97881e+06  move/cell 0.000562
17:39:24   v3 round 5: whittle -6.97911e+06  move/cell 0.000398
17:39:24   v3 round 6: whittle -6.97918e+06  move/cell 9.49e-05
17:39:24   v3 all-frames polish: whittle -6.97918e+06  gain/cell 1.88e-06
17:39:24 ('michaels_fly125_standby__flight_v3__s3', 'ok')
17:39:24 {
17:39:24  "n_units": 1,
17:39:24  "n_converged": 1,
17:39:24  "not_converged": [],
17:39:24  "slowest_s": 180.23342871665955,
17:39:24  "fits": [
17:39:24   "results/noise_v3/fits_r2/restarts/michaels_fly125_standby__flight_v3__s3.json"
17:39:24  ]
17:39:24 }
17:39:24 # wrote results/noise_v3/fits_r2/findings.md
V3GPU seed=3 fit exit=0 fit_wall_s=185 total_wall_s=829
Error in sitecustomize; set PYTHONVERBOSE for traceback:
ModuleNotFoundError: No module named 'wrapt'
FIT_SUMMARY {"file": "results/noise_v3/fits_r2/restarts/michaels_fly125_standby__flight_v3__s3.json", "git": "0b87c5ebee5769f78b235e62b1481eb67419fb08", "device": "cuda:0", "line_kernel": "unit_autocorr", "chunk_frames": 16, "lbfgs_rtol": 1e-05, "wall_s": 180.23342871665955, "peak_mem_mb": 1676.7763671875, "converged": true, "which_converged": "alternation+lbfgs", "alternation_converged": true, "rig_converged": true, "rounds_run": 6, "total_nats": -6945041.008647048, "whittle_nats": -6979177.859840901, "whittle_latents_zero_nats": -6928602.377073426, "rig_neg_log_prior_nats": 4750.368485667426, "ou_neg_log_prior_nats": 29386.482708184918, "n_cells": 749952, "total_per_cell": -9.26064735962708, "first_rig": {"adam_steps": 300, "lbfgs_frames": 64, "lbfgs_frames_used": 64, "lbfgs_stratified": true, "adam_wall_s": 48.77035331726074, "lbfgs_wall_s": 13.238466739654541, "lbfgs_evals": 7, "lbfgs_restart_evals": 3, "lbfgs_iters_used": 3, "lbfgs_restart_iters_used": 1, "lbfgs_loss_before": -6924572.900622384, "lbfgs_loss_first_pass": -6925068.808698058, "lbfgs_loss_after_restart": -6925111.455789508, "lbfgs_restart_gain_per_cell": 8.263402826251256e-05, "converged": true, "peak_mem_mb": null}, "last_rig": {"adam_steps": 0, "lbfgs_frames": null, "lbfgs_frames_used": 93, "lbfgs_stratified": true, "adam_wall_s": 1.621246337890625e-05, "lbfgs_wall_s": 13.040525913238525, "lbfgs_evals": 3, "lbfgs_restart_evals": 3, "lbfgs_iters_used": 1, "lbfgs_restart_iters_used": 1, "lbfgs_loss_before": -6974426.083892969, "lbfgs_loss_first_pass": -6974426.956708928, "lbfgs_loss_after_restart": -6974427.491355233, "lbfgs_restart_gain_per_cell": 7.129073664122395e-07, "converged": true, "peak_mem_mb": null}, "history": [{"round": 0, "whittle_nats": -6928602.377073426, "rig_converged": true, "adam_s_per_step": 0.16256784439086913, "rig_lbfgs_evals": 10, "rig_lbfgs_iters": 3, "rig_lbfgs_restart_iters": 1, "rig_s_per_eval": 1.3238466739654542, "peak_mem_mb": 1617.37939453125, "wall_s": 71.49636459350586}, {"round": 1, "whittle_nats": -6974276.037242164, "whittle_move_per_cell": 0.06090211129344025, "rig_converged": true, "adam_s_per_step": null, "rig_lbfgs_evals": 6, "rig_lbfgs_iters": 1, "rig_lbfgs_restart_iters": 1, "rig_s_per_eval": 1.493060310681661, "latent_evals": 104, "latent_s_per_eval": 0.022951669417894803, "latent_cache_s": 1.1817803382873535, "latent_wall_s": 3.6025569438934326, "peak_mem_mb": 1676.75048828125, "latent_peak_mem_mb": 1634.90380859375, "wall_s": 15.313352584838867}, {"round": 2, "whittle_nats": -6977219.4991342, "whittle_move_per_cell": 0.003924867047538762, "rig_converged": true, "adam_s_per_step": null, "rig_lbfgs_evals": 6, "rig_lbfgs_iters": 1, "rig_lbfgs_restart_iters": 1, "rig_s_per_eval": 1.4960753917694092, "latent_evals": 105, "latent_s_per_eval": 0.022795634042649043, "latent_cache_s": 1.180297613143921, "latent_wall_s": 3.6057260036468506, "peak_mem_mb": 1676.7763671875, "latent_peak_mem_mb": 1634.9296875, "wall_s": 15.33677077293396}, {"round": 3, "whittle_nats": -6978385.270924933, "whittle_move_per_cell": 0.001554461873204633, "rig_converged": true, "adam_s_per_step": null, "rig_lbfgs_evals": 6, "rig_lbfgs_iters": 1, "rig_lbfgs_restart_iters": 1, "rig_s_per_eval": 1.5016583998998005, "latent_evals": 108, "latent_s_per_eval": 0.02299022012286716, "latent_cache_s": 1.1853001117706299, "latent_wall_s": 3.699437379837036, "peak_mem_mb": 1676.7763671875, "latent_peak_mem_mb": 1634.9296875, "wall_s": 15.469239473342896}, {"round": 4, "whittle_nats": -6978806.701294068, "whittle_move_per_cell": 0.0005619431232065417, "rig_converged": true, "adam_s_per_step": null, "rig_lbfgs_evals": 6, "rig_lbfgs_iters": 1, "rig_lbfgs_restart_iters": 1, "rig_s_per_eval": 1.5024722417195637, "latent_evals": 105, "latent_s_per_eval": 0.022633227847871328, "latent_cache_s": 1.188807487487793, "latent_wall_s": 3.5967257022857666, "peak_mem_mb": 1676.7763671875, "latent_peak_mem_mb": 1634.9296875, "wall_s": 15.371902465820312}, {"round": 5, "whittle_nats": -6979105.532277024, "whittle_move_per_cell": 0.00039846681248413763, "rig_converged": true, "adam_s_per_step": null, "rig_lbfgs_evals": 6, "rig_lbfgs_iters": 1, "rig_lbfgs_restart_iters": 1, "rig_s_per_eval": 1.4994341532389324, "latent_evals": 103, "latent_s_per_eval": 0.02279534386199655, "latent_cache_s": 1.182936191558838, "latent_wall_s": 3.56186580657959, "peak_mem_mb": 1676.7763671875, "latent_peak_mem_mb": 1634.9296875, "wall_s": 15.314918279647827}, {"round": 6, "whittle_nats": -6979176.683358542, "whittle_move_per_cell": 9.487418063734579e-05, "rig_converged": true, "adam_s_per_step": null, "rig_lbfgs_evals": 6, "rig_lbfgs_iters": 1, "rig_lbfgs_restart_iters": 1, "rig_s_per_eval": 1.4990442593892415, "latent_evals": 104, "latent_s_per_eval": 0.022652431176258966, "latent_cache_s": 1.184068202972412, "latent_wall_s": 3.5708348751068115, "peak_mem_mb": 1676.7763671875, "latent_peak_mem_mb": 1634.9296875, "wall_s": 15.317386627197266}], "polish": {"frames": 93, "subset_frames": 64, "loss_note": "Whittle - rig log prior on the FULL pool at the final latents", "loss_at_subset_optimum": -6974426.083892969, "loss_polished": -6974427.491355233, "gain_nats": 1.4074622634798288, "gain_per_cell": 1.8767364624400346e-06, "whittle_at_subset_optimum": -6979176.683358542, "whittle_polished": -6979177.859840901, "rig_converged": true, "adam_s_per_step": null, "rig_lbfgs_evals": 6, "rig_lbfgs_iters": 1, "rig_lbfgs_restart_iters": 1, "rig_s_per_eval": 2.1734209855397544, "peak_mem_mb": 1664.66162109375, "wall_s": 16.597392797470093}, "front_end": {"sr": 16000, "n_fft": 2048, "hop": 512, "sr_work": 32000, "n_fft_work": 4096}, "latent_fit": {"windows": 3, "n_blocks": [8, 8, 8], "line_dtype": "torch.float64", "tracks": ["d", "u", "uj", "v"], "loss_before": -6949721.950022181, "loss_after": -6949791.106150661, "evals": 104, "cache_s": 1.184068202972412, "s_per_eval": 0.022652431176258966, "wall_s": 3.570603370666504}, "sigma_nu": 0.3204633538542766, "gamma_median": 2.474305518662411, "gamma_median_per_rotor": [1.4677, 2.2677, 3.726, 2.2221], "gamma_max_per_rotor": [17.236, 11.228, 87.349, 11.935], "gamma_argmax_k_per_rotor": [126, 51, 128, 85], "gamma_over_50hz": 3, "gamma_shape": [4, 130], "amp_exp": 3.926108195679795, "span_pins": [], "speed_span": 1.9278266197081828, "init_from": {"source": "results/noise_v2/rounds/round3/fits/michaels_fly125_standby__flight.json", "schema": "noise-v2-fit/2", "mode": "flight", "git": "58e895fb943207db1ba5124f24329822fadf39b9", "sites": ["amp_exp", "floor_exp", "floor_shape_z", "floor_static_rel", "gamma_hz", "profile_db", "sigma_nu"], "clipped": {"sigma_nu": 0, "gamma_hz": 180, "profile_db": 0, "amp_exp": 0, "floor_exp": 0, "floor_static_rel": 1, "floor_shape_z": 0}, "prior_box_quantiles": [0.001, 0.999], "floor_start": "v2 re-expressed", "objective_at_v2_floor": -6325922.701675446, "objective_at_measured_floor": -5037953.246885765, "objective_at_measured_start": -6621819.48484148, "not_v3_sites": {"lam": 0.5, "note": "lam is pinned in v3 flight; v2 mic gains are data-normalised"}}, "batch": {"grid": {"sr": 16000, "n_fft": 2048, "hop": 512, "sr_work": 32000, "n_fft_work": 4096}, "n_frames_total": 366, "n_frames_used": 93, "frame_stride": 4, "exposure_scale": 3.935483870967742, "carrier_min_rev_s": 20.930063247680664, "carrier_max_rev_s": 40.34953308105469, "speed_span": 1.9278266197081828, "channel_gains": {"gains_db": [0.02806923749999987, -6.5042584625, 1.0624115375, 2.3590115375, 5.0315015375000005, 2.4618615375, -0.5576684625000001, -3.8809284625000005], "source": "results/noise_v2/mic_gains/mic_gains.json", "rig": "michaels", "rule": "rank-one floor gain per channel on the 1/3-octave bands >= 500 Hz (rigs.<rig>.wind.excess_db_above_500hz), re-centred on the channels used; each channel's periodogram is divided by 10^(g/10)"}}}
Error in sitecustomize; set PYTHONVERBOSE for traceback:
ModuleNotFoundError: No module named 'wrapt'
