V3GPU job=nv3c-dregon-26c719 dest=s3://omnirun-artifacts/nv3c-dregon-26c719/outputs/results/noise_v3/fits aws='uvx --quiet --from awscli aws' sha=a7a6156c3909 host=7bf4fac9f62e nproc=4
name, memory.total [MiB], driver_version
Tesla T4, 15360 MiB, 580.159.04
Tesla T4, 15360 MiB, 580.159.04
V3GPU torch 2.7.0+cu126 cuda True Tesla T4
V3GPU spec: set=dregon-floor name=dregon_room2_floor rig=dregon extra='--wind' init=results/noise_v2/rounds/round5/fits/dregon_room2_floor__flight_profile.json sched='--rounds 5 --lbfgs-frames 64 --lbfgs-iters 500'
  flight_dregon_updown_nosource_room2@1511903578.348+4_motors_command: 8x122x1025 4.000 s carriers [82.941068, 75.728556, 81.027888, 78.059711] pass=True
  flight_dregon_updown_nosource_room2@1511903584.348+8_motors_command: 8x247x1025 8.000 s carriers [84.314811, 76.688208, 81.514045, 79.685927] pass=True
built 10/10 supports; wrote /tmp/supports_dregon_room2_floor/index.json and /tmp/supports_dregon_room2_floor/findings.md
findings.md
flight_dregon_free-flight_nosource_room2@1512727397.205+4_motors_command.npz
flight_dregon_free-flight_nosource_room2@1512727403.205+8_motors_command.npz
flight_dregon_hovering_nosource_room2@1511903905.394+4_motors_command.npz
flight_dregon_hovering_nosource_room2@1511903911.394+8_motors_command.npz
flight_dregon_rectangle_nosource_room2@1511905725.953+4_motors_command.npz
flight_dregon_rectangle_nosource_room2@1511905731.953+8_motors_command.npz
flight_dregon_spinning_nosource_room2@1511905200.978+4_motors_command.npz
flight_dregon_spinning_nosource_room2@1511905206.978+8_motors_command.npz
flight_dregon_updown_nosource_room2@1511903578.348+4_motors_command.npz
flight_dregon_updown_nosource_room2@1511903584.348+8_motors_command.npz
index.json
V3GPU build exit=0 wall_s=53
V3GPU seed=0 start
14:16:53   we have :math:`ES^{*}(P,Q) \ge ES^{*}(Q,Q)` with equality holding if and only if :math:`P=Q`, i.e.
14:16:53   adam     0  loss -1.77936e+07
14:16:53   adam    50  loss -1.78582e+07
14:16:53   adam   100  loss -1.7464e+07
14:16:53   adam   150  loss -1.79901e+07
14:16:53   adam   200  loss -1.81088e+07
14:16:53   adam   250  loss -1.77364e+07
14:16:53   v3 round 0: whittle -1.78001e+07
14:16:53   v3 round 1: whittle -1.80891e+07  move/cell 0.116
14:16:53   v3 round 2: whittle -1.8104e+07  move/cell 0.00593
14:16:53   v3 round 3: whittle -1.81109e+07  move/cell 0.00277
14:16:53   v3 round 4: whittle -1.81151e+07  move/cell 0.00166
14:16:53   v3 round 5: whittle -1.81176e+07  move/cell 0.00101
14:16:53   v3 all-frames polish: whittle -1.81187e+07  gain/cell 0.000521
14:16:53 ('dregon_room2_floor__flight_v3__s0', 'ok')
14:16:53 {
14:16:53  "n_units": 1,
14:16:53  "n_converged": 0,
14:16:53  "not_converged": [
14:16:53   "dregon_room2_floor"
14:16:53  ],
14:16:53  "slowest_s": 207.04760479927063,
14:16:53  "fits": [
14:16:53   "results/noise_v3/fits/restarts/dregon_room2_floor__flight_v3__s0.json"
14:16:53  ]
14:16:53 }
14:16:53 # wrote results/noise_v3/fits/findings.md
V3GPU seed=0 fit exit=0 fit_wall_s=213 total_wall_s=266
Error in sitecustomize; set PYTHONVERBOSE for traceback:
ModuleNotFoundError: No module named 'wrapt'
FIT_SUMMARY {"file": "results/noise_v3/fits/restarts/dregon_room2_floor__flight_v3__s0.json", "git": "a7a6156c39092ce17f4a09e265dbf28c86a50787", "device": "cuda:0", "line_kernel": "unit_autocorr", "chunk_frames": 16, "lbfgs_rtol": 1e-05, "wall_s": 207.04760479927063, "peak_mem_mb": 2215.42626953125, "converged": false, "which_converged": "lbfgs", "alternation_converged": false, "rig_converged": true, "rounds_run": 5, "total_nats": -18038244.780049477, "whittle_nats": -18118721.466125075, "whittle_latents_zero_nats": -17800116.1895358, "rig_neg_log_prior_nats": 5547.697367103452, "ou_neg_log_prior_nats": 74928.98870849586, "n_cells": 2499840, "total_per_cell": -7.215759720641912, "first_rig": {"adam_steps": 300, "lbfgs_frames": 64, "lbfgs_frames_used": 64, "lbfgs_stratified": true, "adam_wall_s": 35.056275844573975, "lbfgs_wall_s": 16.88748526573181, "lbfgs_evals": 18, "lbfgs_restart_evals": 3, "lbfgs_iters_used": 14, "lbfgs_restart_iters_used": 1, "lbfgs_loss_before": -17834451.58589015, "lbfgs_loss_first_pass": -17843236.671654623, "lbfgs_loss_after_restart": -17843260.1171114, "lbfgs_restart_gain_per_cell": 4.542847992770331e-05, "converged": true, "peak_mem_mb": null}, "last_rig": {"adam_steps": 0, "lbfgs_frames": null, "lbfgs_frames_used": 310, "lbfgs_stratified": true, "adam_wall_s": 1.7881393432617188e-05, "lbfgs_wall_s": 44.558725118637085, "lbfgs_evals": 7, "lbfgs_restart_evals": 3, "lbfgs_iters_used": 5, "lbfgs_restart_iters_used": 1, "lbfgs_loss_before": -18111872.30153332, "lbfgs_loss_first_pass": -18113063.76518274, "lbfgs_loss_after_restart": -18113173.768757973, "lbfgs_restart_gain_per_cell": 4.400424636451931e-05, "converged": true, "peak_mem_mb": null}, "history": [{"round": 0, "whittle_nats": -17800116.1895358, "rig_converged": true, "adam_s_per_step": 0.11685425281524658, "rig_lbfgs_evals": 21, "rig_lbfgs_iters": 14, "rig_lbfgs_restart_iters": 1, "rig_s_per_eval": 0.8041659650348482, "peak_mem_mb": 1394.486328125, "wall_s": 70.59968590736389}, {"round": 1, "whittle_nats": -18089140.99079865, "whittle_move_per_cell": 0.1156173200136201, "rig_converged": false, "adam_s_per_step": null, "rig_lbfgs_evals": 6, "rig_lbfgs_iters": 1, "rig_lbfgs_restart_iters": 1, "rig_s_per_eval": 0.9833245674769083, "latent_evals": 106, "latent_s_per_eval": 0.04312253448198426, "latent_cache_s": 2.503669261932373, "latent_wall_s": 7.131268739700317, "peak_mem_mb": 1454.7177734375, "latent_peak_mem_mb": 2215.4052734375, "wall_s": 16.076242208480835}, {"round": 2, "whittle_nats": -18103969.688367955, "whittle_move_per_cell": 0.005931858666677443, "rig_converged": false, "adam_s_per_step": null, "rig_lbfgs_evals": 7, "rig_lbfgs_iters": 2, "rig_lbfgs_restart_iters": 1, "rig_s_per_eval": 0.9622862339019775, "latent_evals": 105, "latent_s_per_eval": 0.04342694282531738, "latent_cache_s": 2.5206403732299805, "latent_wall_s": 7.135870456695557, "peak_mem_mb": 1454.7451171875, "latent_peak_mem_mb": 2215.42626953125, "wall_s": 16.921578407287598}, {"round": 3, "whittle_nats": -18110903.832853876, "whittle_move_per_cell": 0.002773835319828736, "rig_converged": false, "adam_s_per_step": null, "rig_lbfgs_evals": 7, "rig_lbfgs_iters": 2, "rig_lbfgs_restart_iters": 1, "rig_s_per_eval": 0.9657188483646938, "latent_evals": 103, "latent_s_per_eval": 0.043467776289263974, "latent_cache_s": 2.5371222496032715, "latent_wall_s": 7.069381952285767, "peak_mem_mb": 1454.7451171875, "latent_peak_mem_mb": 2215.42626953125, "wall_s": 16.906277894973755}, {"round": 4, "whittle_nats": -18115058.224773653, "whittle_move_per_cell": 0.0016618631271508567, "rig_converged": false, "adam_s_per_step": null, "rig_lbfgs_evals": 7, "rig_lbfgs_iters": 2, "rig_lbfgs_restart_iters": 1, "rig_s_per_eval": 0.9697391986846924, "latent_evals": 107, "latent_s_per_eval": 0.043423494445943386, "latent_cache_s": 2.5500805377960205, "latent_wall_s": 7.251212120056152, "peak_mem_mb": 1454.7451171875, "latent_peak_mem_mb": 2215.42626953125, "wall_s": 17.123592376708984}, {"round": 5, "whittle_nats": -18117583.39240228, "whittle_move_per_cell": 0.0010101316998797005, "rig_converged": false, "adam_s_per_step": null, "rig_lbfgs_evals": 7, "rig_lbfgs_iters": 2, "rig_lbfgs_restart_iters": 1, "rig_s_per_eval": 0.9761850493294852, "latent_evals": 107, "latent_s_per_eval": 0.04330746926993967, "latent_cache_s": 2.5627036094665527, "latent_wall_s": 7.2520363330841064, "peak_mem_mb": 1454.7451171875, "latent_peak_mem_mb": 2215.42626953125, "wall_s": 17.17178964614868}], "polish": {"frames": 310, "subset_frames": 64, "loss_note": "Whittle - rig log prior on the FULL pool at the final latents", "loss_at_subset_optimum": -18111872.30153332, "loss_polished": -18113173.768757973, "gain_nats": 1301.4672246538103, "gain_per_cell": 0.0005206202095549356, "whittle_at_subset_optimum": -18117583.39240228, "whittle_polished": -18118721.466125075, "rig_converged": true, "adam_s_per_step": null, "rig_lbfgs_evals": 10, "rig_lbfgs_iters": 5, "rig_lbfgs_restart_iters": 1, "rig_s_per_eval": 4.455872511863708, "peak_mem_mb": 1441.22900390625, "wall_s": 52.22551989555359}, "front_end": {"sr": 16000, "n_fft": 2048, "hop": 512, "sr_work": 32000, "n_fft_work": 4096}, "latent_fit": {"windows": 5, "n_blocks": [16, 16, 16, 16, 16], "line_dtype": "torch.float64", "tracks": ["d", "u", "uj", "v"], "loss_before": -18040610.279853392, "loss_after": -18042403.21675819, "evals": 107, "cache_s": 2.5627036094665527, "s_per_eval": 0.04330746926993967, "wall_s": 7.251789569854736}, "sigma_nu": 4.726331916975195, "gamma_median": 1.667904616658147, "gamma_median_per_rotor": [1.2695, 1.6266, 1.862, 2.1246], "gamma_max_per_rotor": [19.279, 38.476, 10.363, 24.085], "gamma_argmax_k_per_rotor": [69, 26, 43, 70], "gamma_over_50hz": 0, "gamma_shape": [4, 88], "amp_exp": 0.8398088039949502, "span_pins": [], "speed_span": 1.7439177672059125, "init_from": {"source": "results/noise_v2/rounds/round5/fits/dregon_room2_floor__flight_profile.json", "schema": "noise-v2-fit/2", "mode": "flight_profile", "git": "1c6ac3372c13f9c7d457fbd70694748466c49562", "sites": ["amp_exp", "floor_exp", "floor_static_rel", "gamma_hz", "profile_db", "sigma_nu"], "clipped": {"sigma_nu": 0, "gamma_hz": 246, "profile_db": 2, "amp_exp": 0, "floor_exp": 1, "floor_static_rel": 1, "floor_shape_z": 0}, "prior_box_quantiles": [0.001, 0.999], "floor_start": "measured", "objective_at_v2_floor": -15542065.170985334, "objective_at_measured_floor": -17592338.663814772, "objective_at_measured_start": -16827997.47058473, "not_v3_sites": {"lam": 0.06080034059031183, "note": "lam is pinned in v3 flight; v2 mic gains are data-normalised"}}, "batch": {"grid": {"sr": 16000, "n_fft": 2048, "hop": 512, "sr_work": 32000, "n_fft_work": 4096}, "n_frames_total": 1235, "n_frames_used": 310, "frame_stride": 4, "exposure_scale": 3.9838709677419355, "carrier_min_rev_s": 51.609806060791016, "carrier_max_rev_s": 90.00325775146484, "speed_span": 1.7439177672059125, "channel_gains": {"gains_db": [-0.434143, 2.35016, -2.75961, 0.18454, 0.188282, 0.536058, -0.696069, 0.630782], "source": "results/noise_v2/mic_gains/mic_gains.json", "rig": "dregon", "rule": "rank-one floor gain per channel on the 1/3-octave bands >= 500 Hz (rigs.<rig>.wind.excess_db_above_500hz), re-centred on the channels used; each channel's periodogram is divided by 10^(g/10)"}}}
Error in sitecustomize; set PYTHONVERBOSE for traceback:
ModuleNotFoundError: No module named 'wrapt'
V3GPU seed=1 start
14:20:12   adam     0  loss -1.7643e+07
14:20:12   adam    50  loss -1.70737e+07
14:20:12   adam   100  loss -1.76424e+07
14:20:12   adam   150  loss -1.74544e+07
14:20:12   adam   200  loss -1.85026e+07
14:20:12   adam   250  loss -1.79011e+07
14:20:12   v3 round 0: whittle -1.77965e+07
14:20:12   v3 round 1: whittle -1.80935e+07  move/cell 0.119
14:20:12   v3 round 2: whittle -1.81078e+07  move/cell 0.00574
14:20:12   v3 round 3: whittle -1.8115e+07  move/cell 0.00287
14:20:12   v3 round 4: whittle -1.8119e+07  move/cell 0.0016
14:20:12   v3 round 5: whittle -1.81216e+07  move/cell 0.00103
14:20:12   v3 all-frames polish: whittle -1.81222e+07  gain/cell 0.000238
14:20:12 ('dregon_room2_floor__flight_v3__s1', 'ok')
14:20:12 {
14:20:12  "n_units": 1,
14:20:12  "n_converged": 0,
14:20:12  "not_converged": [
14:20:12   "dregon_room2_floor"
14:20:12  ],
14:20:12  "slowest_s": 187.21892881393433,
14:20:12  "fits": [
14:20:12   "results/noise_v3/fits/restarts/dregon_room2_floor__flight_v3__s1.json"
14:20:12  ]
14:20:12 }
14:20:12 # wrote results/noise_v3/fits/findings.md
V3GPU seed=1 fit exit=0 fit_wall_s=192 total_wall_s=465
Error in sitecustomize; set PYTHONVERBOSE for traceback:
ModuleNotFoundError: No module named 'wrapt'
FIT_SUMMARY {"file": "results/noise_v3/fits/restarts/dregon_room2_floor__flight_v3__s1.json", "git": "a7a6156c39092ce17f4a09e265dbf28c86a50787", "device": "cuda:0", "line_kernel": "unit_autocorr", "chunk_frames": 16, "lbfgs_rtol": 1e-05, "wall_s": 187.21892881393433, "peak_mem_mb": 2215.42626953125, "converged": false, "which_converged": "lbfgs", "alternation_converged": false, "rig_converged": true, "rounds_run": 5, "total_nats": -18041276.807149287, "whittle_nats": -18122159.501998015, "whittle_latents_zero_nats": -17796518.15375494, "rig_neg_log_prior_nats": 5806.820588804953, "ou_neg_log_prior_nats": 75075.87425992318, "n_cells": 2499840, "total_per_cell": -7.216972609106698, "first_rig": {"adam_steps": 300, "lbfgs_frames": 64, "lbfgs_frames_used": 64, "lbfgs_stratified": true, "adam_wall_s": 34.0914785861969, "lbfgs_wall_s": 7.3338401317596436, "lbfgs_evals": 5, "lbfgs_restart_evals": 3, "lbfgs_iters_used": 3, "lbfgs_restart_iters_used": 1, "lbfgs_loss_before": -17833418.402686246, "lbfgs_loss_first_pass": -17836307.39660464, "lbfgs_loss_after_restart": -17836463.135588657, "lbfgs_restart_gain_per_cell": 0.0003017635944060102, "converged": false, "peak_mem_mb": null}, "last_rig": {"adam_steps": 0, "lbfgs_frames": null, "lbfgs_frames_used": 310, "lbfgs_stratified": true, "adam_wall_s": 1.7881393432617188e-05, "lbfgs_wall_s": 33.25528597831726, "lbfgs_evals": 4, "lbfgs_restart_evals": 3, "lbfgs_iters_used": 2, "lbfgs_restart_iters_used": 1, "lbfgs_loss_before": -18115758.908926014, "lbfgs_loss_first_pass": -18116177.019812617, "lbfgs_loss_after_restart": -18116352.68140921, "lbfgs_restart_gain_per_cell": 7.026913586170143e-05, "converged": true, "peak_mem_mb": null}, "history": [{"round": 0, "whittle_nats": -17796518.15375494, "rig_converged": false, "adam_s_per_step": 0.11363826195398967, "rig_lbfgs_evals": 8, "rig_lbfgs_iters": 3, "rig_lbfgs_restart_iters": 1, "rig_s_per_eval": 0.9167300164699554, "peak_mem_mb": 1394.486328125, "wall_s": 60.012046813964844}, {"round": 1, "whittle_nats": -18093469.93606601, "whittle_move_per_cell": 0.11878831537661239, "rig_converged": true, "adam_s_per_step": null, "rig_lbfgs_evals": 7, "rig_lbfgs_iters": 2, "rig_lbfgs_restart_iters": 1, "rig_s_per_eval": 0.9806413309914725, "latent_evals": 105, "latent_s_per_eval": 0.04331177075703939, "latent_cache_s": 2.5947251319885254, "latent_wall_s": 7.199692726135254, "peak_mem_mb": 1454.72412109375, "latent_peak_mem_mb": 2215.4052734375, "wall_s": 17.19609761238098}, {"round": 2, "whittle_nats": -18107826.853402242, "whittle_move_per_cell": 0.0057431344951008705, "rig_converged": false, "adam_s_per_step": null, "rig_lbfgs_evals": 7, "rig_lbfgs_iters": 2, "rig_lbfgs_restart_iters": 1, "rig_s_per_eval": 0.983386584690639, "latent_evals": 105, "latent_s_per_eval": 0.04342484020051502, "latent_cache_s": 2.599721670150757, "latent_wall_s": 7.214532375335693, "peak_mem_mb": 1454.7451171875, "latent_peak_mem_mb": 2215.42626953125, "wall_s": 17.23167848587036}, {"round": 3, "whittle_nats": -18115013.01674213, "whittle_move_per_cell": 0.0028746493135107906, "rig_converged": false, "adam_s_per_step": null, "rig_lbfgs_evals": 7, "rig_lbfgs_iters": 2, "rig_lbfgs_restart_iters": 1, "rig_s_per_eval": 0.9832513672964913, "latent_evals": 103, "latent_s_per_eval": 0.04344013130780563, "latent_cache_s": 2.6103098392486572, "latent_wall_s": 7.138915061950684, "peak_mem_mb": 1454.7451171875, "latent_peak_mem_mb": 2215.42626953125, "wall_s": 17.15667414665222}, {"round": 4, "whittle_nats": -18119013.185424216, "whittle_move_per_cell": 0.0016001698837074423, "rig_converged": false, "adam_s_per_step": null, "rig_lbfgs_evals": 7, "rig_lbfgs_iters": 2, "rig_lbfgs_restart_iters": 1, "rig_s_per_eval": 0.9852724075317383, "latent_evals": 107, "latent_s_per_eval": 0.04334104395358362, "latent_cache_s": 2.612464427947998, "latent_wall_s": 7.305084705352783, "peak_mem_mb": 1454.7451171875, "latent_peak_mem_mb": 2215.42626953125, "wall_s": 17.34158492088318}, {"round": 5, "whittle_nats": -18121593.155144878, "whittle_move_per_cell": 0.0010320539397167979, "rig_converged": false, "adam_s_per_step": null, "rig_lbfgs_evals": 7, "rig_lbfgs_iters": 2, "rig_lbfgs_restart_iters": 1, "rig_s_per_eval": 0.9872922897338867, "latent_evals": 104, "latent_s_per_eval": 0.04363267238323505, "latent_cache_s": 2.6149110794067383, "latent_wall_s": 7.208468675613403, "peak_mem_mb": 1454.7451171875, "latent_peak_mem_mb": 2215.42626953125, "wall_s": 17.263630151748657}], "polish": {"frames": 310, "subset_frames": 64, "loss_note": "Whittle - rig log prior on the FULL pool at the final latents", "loss_at_subset_optimum": -18115758.908926014, "loss_polished": -18116352.68140921, "gain_nats": 593.7724831961095, "gain_per_cell": 0.00023752419482691274, "whittle_at_subset_optimum": -18121593.155144878, "whittle_polished": -18122159.501998015, "rig_converged": true, "adam_s_per_step": null, "rig_lbfgs_evals": 7, "rig_lbfgs_iters": 2, "rig_lbfgs_restart_iters": 1, "rig_s_per_eval": 4.750755139759609, "peak_mem_mb": 1441.19091796875, "wall_s": 40.99540328979492}, "front_end": {"sr": 16000, "n_fft": 2048, "hop": 512, "sr_work": 32000, "n_fft_work": 4096}, "latent_fit": {"windows": 5, "n_blocks": [16, 16, 16, 16, 16], "line_dtype": "torch.float64", "tracks": ["d", "u", "uj", "v"], "loss_before": -18044510.788058244, "loss_after": -18046457.27034499, "evals": 104, "cache_s": 2.6149110794067383, "s_per_eval": 0.04363267238323505, "wall_s": 7.208213567733765}, "sigma_nu": 4.560530499994818, "gamma_median": 1.5669929747747213, "gamma_median_per_rotor": [1.2997, 1.4878, 1.646, 1.9702], "gamma_max_per_rotor": [21.559, 43.541, 13.077, 23.947], "gamma_argmax_k_per_rotor": [69, 26, 55, 70], "gamma_over_50hz": 0, "gamma_shape": [4, 88], "amp_exp": 0.7274865490334776, "span_pins": [], "speed_span": 1.7439177672059125, "init_from": {"source": "results/noise_v2/rounds/round5/fits/dregon_room2_floor__flight_profile.json", "schema": "noise-v2-fit/2", "mode": "flight_profile", "git": "1c6ac3372c13f9c7d457fbd70694748466c49562", "sites": ["amp_exp", "floor_exp", "floor_static_rel", "gamma_hz", "profile_db", "sigma_nu"], "clipped": {"sigma_nu": 0, "gamma_hz": 246, "profile_db": 2, "amp_exp": 0, "floor_exp": 1, "floor_static_rel": 1, "floor_shape_z": 0}, "prior_box_quantiles": [0.001, 0.999], "floor_start": "measured", "objective_at_v2_floor": -15542065.170985334, "objective_at_measured_floor": -17592338.663814772, "objective_at_measured_start": -16827997.47058473, "not_v3_sites": {"lam": 0.06080034059031183, "note": "lam is pinned in v3 flight; v2 mic gains are data-normalised"}}, "batch": {"grid": {"sr": 16000, "n_fft": 2048, "hop": 512, "sr_work": 32000, "n_fft_work": 4096}, "n_frames_total": 1235, "n_frames_used": 310, "frame_stride": 4, "exposure_scale": 3.9838709677419355, "carrier_min_rev_s": 51.609806060791016, "carrier_max_rev_s": 90.00325775146484, "speed_span": 1.7439177672059125, "channel_gains": {"gains_db": [-0.434143, 2.35016, -2.75961, 0.18454, 0.188282, 0.536058, -0.696069, 0.630782], "source": "results/noise_v2/mic_gains/mic_gains.json", "rig": "dregon", "rule": "rank-one floor gain per channel on the 1/3-octave bands >= 500 Hz (rigs.<rig>.wind.excess_db_above_500hz), re-centred on the channels used; each channel's periodogram is divided by 10^(g/10)"}}}
Error in sitecustomize; set PYTHONVERBOSE for traceback:
ModuleNotFoundError: No module named 'wrapt'
V3GPU seed=2 start
14:23:30   adam     0  loss -1.79491e+07
14:23:30   adam    50  loss -1.80344e+07
14:23:30   adam   100  loss -1.78019e+07
14:23:30   adam   150  loss -1.78969e+07
14:23:30   adam   200  loss -1.796e+07
14:23:30   adam   250  loss -1.68324e+07
14:23:30   v3 round 0: whittle -1.7795e+07
14:23:30   v3 round 1: whittle -1.80936e+07  move/cell 0.119
14:23:30   v3 round 2: whittle -1.81078e+07  move/cell 0.00567
14:23:30   v3 round 3: whittle -1.81153e+07  move/cell 0.003
14:23:30   v3 round 4: whittle -1.81194e+07  move/cell 0.00167
14:23:30   v3 round 5: whittle -1.81217e+07  move/cell 0.000917
14:23:30   v3 all-frames polish: whittle -1.81223e+07  gain/cell 0.000232
14:23:30 ('dregon_room2_floor__flight_v3__s2', 'ok')
14:23:30 {
14:23:30  "n_units": 1,
14:23:30  "n_converged": 0,
14:23:30  "not_converged": [
14:23:30   "dregon_room2_floor"
14:23:30  ],
14:23:30  "slowest_s": 188.98555850982666,
14:23:30  "fits": [
14:23:30   "results/noise_v3/fits/restarts/dregon_room2_floor__flight_v3__s2.json"
14:23:30  ]
14:23:30 }
14:23:30 # wrote results/noise_v3/fits/findings.md
V3GPU seed=2 fit exit=0 fit_wall_s=195 total_wall_s=663
Error in sitecustomize; set PYTHONVERBOSE for traceback:
ModuleNotFoundError: No module named 'wrapt'
FIT_SUMMARY {"file": "results/noise_v3/fits/restarts/dregon_room2_floor__flight_v3__s2.json", "git": "a7a6156c39092ce17f4a09e265dbf28c86a50787", "device": "cuda:0", "line_kernel": "unit_autocorr", "chunk_frames": 16, "lbfgs_rtol": 1e-05, "wall_s": 188.98555850982666, "peak_mem_mb": 2215.42626953125, "converged": false, "which_converged": "lbfgs", "alternation_converged": false, "rig_converged": true, "rounds_run": 5, "total_nats": -18041310.570407927, "whittle_nats": -18122294.654762965, "whittle_latents_zero_nats": -17795034.976352274, "rig_neg_log_prior_nats": 5847.677684960489, "ou_neg_log_prior_nats": 75136.4066700792, "n_cells": 2499840, "total_per_cell": -7.2169861152745485, "first_rig": {"adam_steps": 300, "lbfgs_frames": 64, "lbfgs_frames_used": 64, "lbfgs_stratified": true, "adam_wall_s": 34.116501569747925, "lbfgs_wall_s": 8.163733720779419, "lbfgs_evals": 6, "lbfgs_restart_evals": 3, "lbfgs_iters_used": 4, "lbfgs_restart_iters_used": 1, "lbfgs_loss_before": -17825399.20403076, "lbfgs_loss_first_pass": -17834211.338983867, "lbfgs_loss_after_restart": -17834309.45258339, "lbfgs_restart_gain_per_cell": 0.00019010726594258034, "converged": false, "peak_mem_mb": null}, "last_rig": {"adam_steps": 0, "lbfgs_frames": null, "lbfgs_frames_used": 310, "lbfgs_stratified": true, "adam_wall_s": 1.811981201171875e-05, "lbfgs_wall_s": 33.296262979507446, "lbfgs_evals": 4, "lbfgs_restart_evals": 3, "lbfgs_iters_used": 2, "lbfgs_restart_iters_used": 1, "lbfgs_loss_before": -18115866.61534267, "lbfgs_loss_first_pass": -18116293.706944466, "lbfgs_loss_after_restart": -18116446.977078006, "lbfgs_restart_gain_per_cell": 6.131197738256621e-05, "converged": true, "peak_mem_mb": null}, "history": [{"round": 0, "whittle_nats": -17795034.976352274, "rig_converged": false, "adam_s_per_step": 0.11372167189915974, "rig_lbfgs_evals": 9, "rig_lbfgs_iters": 4, "rig_lbfgs_restart_iters": 1, "rig_s_per_eval": 0.9070815245310465, "peak_mem_mb": 1394.486328125, "wall_s": 61.03843450546265}, {"round": 1, "whittle_nats": -18093595.528373726, "whittle_move_per_cell": 0.11943186444790518, "rig_converged": true, "adam_s_per_step": null, "rig_lbfgs_evals": 7, "rig_lbfgs_iters": 2, "rig_lbfgs_restart_iters": 1, "rig_s_per_eval": 0.9880010059901646, "latent_evals": 105, "latent_s_per_eval": 0.04361503691900344, "latent_cache_s": 2.615420341491699, "latent_wall_s": 7.2567362785339355, "peak_mem_mb": 1454.72412109375, "latent_peak_mem_mb": 2215.4052734375, "wall_s": 17.321995735168457}, {"round": 2, "whittle_nats": -18107761.234788746, "whittle_move_per_cell": 0.005666645231302775, "rig_converged": false, "adam_s_per_step": null, "rig_lbfgs_evals": 7, "rig_lbfgs_iters": 2, "rig_lbfgs_restart_iters": 1, "rig_s_per_eval": 0.9860269001552037, "latent_evals": 106, "latent_s_per_eval": 0.04378746815447537, "latent_cache_s": 2.6143083572387695, "latent_wall_s": 7.311627626419067, "peak_mem_mb": 1454.7451171875, "latent_peak_mem_mb": 2215.42626953125, "wall_s": 17.364609956741333}, {"round": 3, "whittle_nats": -18115270.563530974, "whittle_move_per_cell": 0.0030039237480112523, "rig_converged": false, "adam_s_per_step": null, "rig_lbfgs_evals": 7, "rig_lbfgs_iters": 2, "rig_lbfgs_restart_iters": 1, "rig_s_per_eval": 0.991694552557809, "latent_evals": 106, "latent_s_per_eval": 0.043647363500775034, "latent_cache_s": 2.6205573081970215, "latent_wall_s": 7.301103830337524, "peak_mem_mb": 1454.7451171875, "latent_peak_mem_mb": 2215.42626953125, "wall_s": 17.387085437774658}, {"round": 4, "whittle_nats": -18119448.592543602, "whittle_move_per_cell": 0.001671318569439604, "rig_converged": false, "adam_s_per_step": null, "rig_lbfgs_evals": 7, "rig_lbfgs_iters": 2, "rig_lbfgs_restart_iters": 1, "rig_s_per_eval": 0.9917029993874686, "latent_evals": 105, "latent_s_per_eval": 0.04358037312825521, "latent_cache_s": 2.6250104904174805, "latent_wall_s": 7.255920886993408, "peak_mem_mb": 1454.7451171875, "latent_peak_mem_mb": 2215.42626953125, "wall_s": 17.343015909194946}, {"round": 5, "whittle_nats": -18121741.74236751, "whittle_move_per_cell": 0.0009173186379559343, "rig_converged": false, "adam_s_per_step": null, "rig_lbfgs_evals": 7, "rig_lbfgs_iters": 2, "rig_lbfgs_restart_iters": 1, "rig_s_per_eval": 0.9915776593344552, "latent_evals": 106, "latent_s_per_eval": 0.043989138783149, "latent_cache_s": 2.6249265670776367, "latent_wall_s": 7.343002796173096, "peak_mem_mb": 1454.7451171875, "latent_peak_mem_mb": 2215.42626953125, "wall_s": 17.437825679779053}], "polish": {"frames": 310, "subset_frames": 64, "loss_note": "Whittle - rig log prior on the FULL pool at the final latents", "loss_at_subset_optimum": -18115866.61534267, "loss_polished": -18116446.977078006, "gain_nats": 580.3617353364825, "gain_per_cell": 0.00023215955234594314, "whittle_at_subset_optimum": -18121741.74236751, "whittle_polished": -18122294.654762965, "rig_converged": true, "adam_s_per_step": null, "rig_lbfgs_evals": 7, "rig_lbfgs_iters": 2, "rig_lbfgs_restart_iters": 1, "rig_s_per_eval": 4.756608997072492, "peak_mem_mb": 1441.19091796875, "wall_s": 41.06964874267578}, "front_end": {"sr": 16000, "n_fft": 2048, "hop": 512, "sr_work": 32000, "n_fft_work": 4096}, "latent_fit": {"windows": 5, "n_blocks": [16, 16, 16, 16, 16], "line_dtype": "torch.float64", "tracks": ["d", "u", "uj", "v"], "loss_before": -18044825.39991522, "loss_after": -18046498.618329972, "evals": 106, "cache_s": 2.6249265670776367, "s_per_eval": 0.043989138783149, "wall_s": 7.342716217041016}, "sigma_nu": 4.573437338427926, "gamma_median": 1.615394032607246, "gamma_median_per_rotor": [1.3284, 1.5062, 1.6753, 2.1173], "gamma_max_per_rotor": [22.819, 44.673, 17.603, 24.265], "gamma_argmax_k_per_rotor": [69, 26, 55, 70], "gamma_over_50hz": 0, "gamma_shape": [4, 88], "amp_exp": 0.5234840587091043, "span_pins": [], "speed_span": 1.7439177672059125, "init_from": {"source": "results/noise_v2/rounds/round5/fits/dregon_room2_floor__flight_profile.json", "schema": "noise-v2-fit/2", "mode": "flight_profile", "git": "1c6ac3372c13f9c7d457fbd70694748466c49562", "sites": ["amp_exp", "floor_exp", "floor_static_rel", "gamma_hz", "profile_db", "sigma_nu"], "clipped": {"sigma_nu": 0, "gamma_hz": 246, "profile_db": 2, "amp_exp": 0, "floor_exp": 1, "floor_static_rel": 1, "floor_shape_z": 0}, "prior_box_quantiles": [0.001, 0.999], "floor_start": "measured", "objective_at_v2_floor": -15542065.170985334, "objective_at_measured_floor": -17592338.663814772, "objective_at_measured_start": -16827997.47058473, "not_v3_sites": {"lam": 0.06080034059031183, "note": "lam is pinned in v3 flight; v2 mic gains are data-normalised"}}, "batch": {"grid": {"sr": 16000, "n_fft": 2048, "hop": 512, "sr_work": 32000, "n_fft_work": 4096}, "n_frames_total": 1235, "n_frames_used": 310, "frame_stride": 4, "exposure_scale": 3.9838709677419355, "carrier_min_rev_s": 51.609806060791016, "carrier_max_rev_s": 90.00325775146484, "speed_span": 1.7439177672059125, "channel_gains": {"gains_db": [-0.434143, 2.35016, -2.75961, 0.18454, 0.188282, 0.536058, -0.696069, 0.630782], "source": "results/noise_v2/mic_gains/mic_gains.json", "rig": "dregon", "rule": "rank-one floor gain per channel on the 1/3-octave bands >= 500 Hz (rigs.<rig>.wind.excess_db_above_500hz), re-centred on the channels used; each channel's periodogram is divided by 10^(g/10)"}}}
Error in sitecustomize; set PYTHONVERBOSE for traceback:
ModuleNotFoundError: No module named 'wrapt'
V3GPU seed=3 start
14:26:58   adam     0  loss -1.7458e+07
14:26:58   adam    50  loss -1.71694e+07
14:26:58   adam   100  loss -1.8222e+07
14:26:58   adam   150  loss -1.77606e+07
14:26:58   adam   200  loss -1.74936e+07
14:26:58   adam   250  loss -1.75544e+07
14:26:58   v3 round 0: whittle -1.77961e+07
14:26:58   v3 round 1: whittle -1.80925e+07  move/cell 0.119
14:26:58   v3 round 2: whittle -1.81063e+07  move/cell 0.00553
14:26:58   v3 round 3: whittle -1.8113e+07  move/cell 0.00267
14:26:58   v3 round 4: whittle -1.81171e+07  move/cell 0.00166
14:26:58   v3 round 5: whittle -1.81199e+07  move/cell 0.0011
14:26:58   v3 all-frames polish: whittle -1.81208e+07  gain/cell 0.000477
14:26:58 ('dregon_room2_floor__flight_v3__s3', 'ok')
14:26:58 {
14:26:58  "n_units": 1,
14:26:58  "n_converged": 0,
14:26:58  "not_converged": [
14:26:58   "dregon_room2_floor"
14:26:58  ],
14:26:58  "slowest_s": 200.13785886764526,
14:26:58  "fits": [
14:26:58   "results/noise_v3/fits/restarts/dregon_room2_floor__flight_v3__s3.json"
14:26:58  ]
14:26:58 }
14:26:58 # wrote results/noise_v3/fits/findings.md
V3GPU seed=3 fit exit=0 fit_wall_s=205 total_wall_s=871
Error in sitecustomize; set PYTHONVERBOSE for traceback:
ModuleNotFoundError: No module named 'wrapt'
FIT_SUMMARY {"file": "results/noise_v3/fits/restarts/dregon_room2_floor__flight_v3__s3.json", "git": "a7a6156c39092ce17f4a09e265dbf28c86a50787", "device": "cuda:0", "line_kernel": "unit_autocorr", "chunk_frames": 16, "lbfgs_rtol": 1e-05, "wall_s": 200.13785886764526, "peak_mem_mb": 2215.42626953125, "converged": false, "which_converged": "lbfgs", "alternation_converged": false, "rig_converged": true, "rounds_run": 5, "total_nats": -18040823.65544568, "whittle_nats": -18120843.12561823, "whittle_latents_zero_nats": -17796079.489724055, "rig_neg_log_prior_nats": 5223.197877161975, "ou_neg_log_prior_nats": 74796.2722953894, "n_cells": 2499840, "total_per_cell": -7.216791336823829, "first_rig": {"adam_steps": 300, "lbfgs_frames": 64, "lbfgs_frames_used": 64, "lbfgs_stratified": true, "adam_wall_s": 34.14623808860779, "lbfgs_wall_s": 7.397595167160034, "lbfgs_evals": 4, "lbfgs_restart_evals": 4, "lbfgs_iters_used": 2, "lbfgs_restart_iters_used": 2, "lbfgs_loss_before": -17834544.34891112, "lbfgs_loss_first_pass": -17836887.224965237, "lbfgs_loss_after_restart": -17837209.03553779, "lbfgs_restart_gain_per_cell": 0.0006235478913873117, "converged": false, "peak_mem_mb": null}, "last_rig": {"adam_steps": 0, "lbfgs_frames": null, "lbfgs_frames_used": 310, "lbfgs_stratified": true, "adam_wall_s": 1.5974044799804688e-05, "lbfgs_wall_s": 45.16481971740723, "lbfgs_evals": 7, "lbfgs_restart_evals": 3, "lbfgs_iters_used": 5, "lbfgs_restart_iters_used": 1, "lbfgs_loss_before": -18114427.839582503, "lbfgs_loss_first_pass": -18115497.9245591, "lbfgs_loss_after_restart": -18115619.927741066, "lbfgs_restart_gain_per_cell": 4.8804396267024696e-05, "converged": true, "peak_mem_mb": null}, "history": [{"round": 0, "whittle_nats": -17796079.489724055, "rig_converged": false, "adam_s_per_step": 0.11382079362869263, "rig_lbfgs_evals": 8, "rig_lbfgs_iters": 2, "rig_lbfgs_restart_iters": 2, "rig_s_per_eval": 0.9246993958950043, "peak_mem_mb": 1394.486328125, "wall_s": 60.2892587184906}, {"round": 1, "whittle_nats": -18092504.555671986, "whittle_move_per_cell": 0.11857761534655469, "rig_converged": false, "adam_s_per_step": null, "rig_lbfgs_evals": 7, "rig_lbfgs_iters": 2, "rig_lbfgs_restart_iters": 1, "rig_s_per_eval": 0.9885996409824916, "latent_evals": 106, "latent_s_per_eval": 0.043775122120695294, "latent_cache_s": 2.6205241680145264, "latent_wall_s": 7.3175389766693115, "peak_mem_mb": 1454.72412109375, "latent_peak_mem_mb": 2215.4052734375, "wall_s": 17.3951632976532}, {"round": 2, "whittle_nats": -18106323.64628001, "whittle_move_per_cell": 0.005527990034571455, "rig_converged": false, "adam_s_per_step": null, "rig_lbfgs_evals": 7, "rig_lbfgs_iters": 2, "rig_lbfgs_restart_iters": 1, "rig_s_per_eval": 0.9916150569915771, "latent_evals": 105, "latent_s_per_eval": 0.04357020514351981, "latent_cache_s": 2.621507406234741, "latent_wall_s": 7.253358602523804, "peak_mem_mb": 1454.7451171875, "latent_peak_mem_mb": 2215.42626953125, "wall_s": 17.343071222305298}, {"round": 3, "whittle_nats": -18113010.070744928, "whittle_move_per_cell": 0.00267474096938951, "rig_converged": false, "adam_s_per_step": null, "rig_lbfgs_evals": 7, "rig_lbfgs_iters": 2, "rig_lbfgs_restart_iters": 1, "rig_s_per_eval": 0.9899959564208984, "latent_evals": 104, "latent_s_per_eval": 0.04354932904243469, "latent_cache_s": 2.6241602897644043, "latent_wall_s": 7.207762718200684, "peak_mem_mb": 1454.7451171875, "latent_peak_mem_mb": 2215.42626953125, "wall_s": 17.289883613586426}, {"round": 4, "whittle_nats": -18117147.823991347, "whittle_move_per_cell": 0.0016552072318304898, "rig_converged": false, "adam_s_per_step": null, "rig_lbfgs_evals": 7, "rig_lbfgs_iters": 2, "rig_lbfgs_restart_iters": 1, "rig_s_per_eval": 0.9907807963235038, "latent_evals": 107, "latent_s_per_eval": 0.04405098763581748, "latent_cache_s": 2.6264264583587646, "latent_wall_s": 7.394909381866455, "peak_mem_mb": 1454.7451171875, "latent_peak_mem_mb": 2215.42626953125, "wall_s": 17.481454133987427}, {"round": 5, "whittle_nats": -18119890.962596435, "whittle_move_per_cell": 0.0010973256708781344, "rig_converged": false, "adam_s_per_step": null, "rig_lbfgs_evals": 7, "rig_lbfgs_iters": 2, "rig_lbfgs_restart_iters": 1, "rig_s_per_eval": 0.9912351540156773, "latent_evals": 105, "latent_s_per_eval": 0.043803106035505024, "latent_cache_s": 2.6287639141082764, "latent_wall_s": 7.283734560012817, "peak_mem_mb": 1454.7451171875, "latent_peak_mem_mb": 2215.42626953125, "wall_s": 17.37869930267334}], "polish": {"frames": 310, "subset_frames": 64, "loss_note": "Whittle - rig log prior on the FULL pool at the final latents", "loss_at_subset_optimum": -18114427.839582503, "loss_polished": -18115619.927741066, "gain_nats": 1192.0881585627794, "gain_per_cell": 0.00047686578283521325, "whittle_at_subset_optimum": -18119890.962596435, "whittle_polished": -18120843.12561823, "rig_converged": true, "adam_s_per_step": null, "rig_lbfgs_evals": 10, "rig_lbfgs_iters": 5, "rig_lbfgs_restart_iters": 1, "rig_s_per_eval": 4.516481971740722, "peak_mem_mb": 1441.22900390625, "wall_s": 52.93783903121948}, "front_end": {"sr": 16000, "n_fft": 2048, "hop": 512, "sr_work": 32000, "n_fft_work": 4096}, "latent_fit": {"windows": 5, "n_blocks": [16, 16, 16, 16, 16], "line_dtype": "torch.float64", "tracks": ["d", "u", "uj", "v"], "loss_before": -18042887.397087105, "loss_after": -18044824.34249942, "evals": 105, "cache_s": 2.6287639141082764, "s_per_eval": 0.043803106035505024, "wall_s": 7.283494234085083}, "sigma_nu": 4.751496838903933, "gamma_median": 1.2727400174771248, "gamma_median_per_rotor": [0.9411, 1.3437, 1.3363, 1.5394], "gamma_max_per_rotor": [18.155, 43.63, 7.204, 14.148], "gamma_argmax_k_per_rotor": [74, 26, 71, 70], "gamma_over_50hz": 0, "gamma_shape": [4, 88], "amp_exp": 0.796193564068139, "span_pins": [], "speed_span": 1.7439177672059125, "init_from": {"source": "results/noise_v2/rounds/round5/fits/dregon_room2_floor__flight_profile.json", "schema": "noise-v2-fit/2", "mode": "flight_profile", "git": "1c6ac3372c13f9c7d457fbd70694748466c49562", "sites": ["amp_exp", "floor_exp", "floor_static_rel", "gamma_hz", "profile_db", "sigma_nu"], "clipped": {"sigma_nu": 0, "gamma_hz": 246, "profile_db": 2, "amp_exp": 0, "floor_exp": 1, "floor_static_rel": 1, "floor_shape_z": 0}, "prior_box_quantiles": [0.001, 0.999], "floor_start": "measured", "objective_at_v2_floor": -15542065.170985334, "objective_at_measured_floor": -17592338.663814772, "objective_at_measured_start": -16827997.47058473, "not_v3_sites": {"lam": 0.06080034059031183, "note": "lam is pinned in v3 flight; v2 mic gains are data-normalised"}}, "batch": {"grid": {"sr": 16000, "n_fft": 2048, "hop": 512, "sr_work": 32000, "n_fft_work": 4096}, "n_frames_total": 1235, "n_frames_used": 310, "frame_stride": 4, "exposure_scale": 3.9838709677419355, "carrier_min_rev_s": 51.609806060791016, "carrier_max_rev_s": 90.00325775146484, "speed_span": 1.7439177672059125, "channel_gains": {"gains_db": [-0.434143, 2.35016, -2.75961, 0.18454, 0.188282, 0.536058, -0.696069, 0.630782], "source": "results/noise_v2/mic_gains/mic_gains.json", "rig": "dregon", "rule": "rank-one floor gain per channel on the 1/3-octave bands >= 500 Hz (rigs.<rig>.wind.excess_db_above_500hz), re-centred on the channels used; each channel's periodogram is divided by 10^(g/10)"}}}
Error in sitecustomize; set PYTHONVERBOSE for traceback:
ModuleNotFoundError: No module named 'wrapt'
