V3GPU job=nv3c-cruise-0a9885 dest=s3://omnirun-artifacts/nv3c-cruise-0a9885/outputs/results/noise_v3/fits aws='uvx --quiet --from awscli aws' sha=a7a6156c3909 host=6804427e1961 nproc=4
name, memory.total [MiB], driver_version
Tesla T4, 15360 MiB, 580.159.04
Tesla T4, 15360 MiB, 580.159.04
V3GPU torch 2.7.0+cu126 cuda True Tesla T4
V3GPU spec: set=michaels-cruise name=michaels_fly125_cruise rig=michaels extra='' init=results/noise_v2/rounds/round3/fits/michaels_fly125_cruise__flight.json sched='--rounds 5 --lbfgs-frames 64 --lbfgs-iters 500'
  flight_michaels_FLY125@128.000+8_rps_refined: 8x247x1025 8.000 s carriers [91.61422, 74.211651, 81.803559, 73.918025] pass=True
  flight_michaels_FLY125@144.000+8_rps_refined: 8x247x1025 8.000 s carriers [91.565036, 74.237875, 82.855846, 75.272913] pass=True
built 13/13 supports; wrote /tmp/supports_michaels_fly125_cruise/index.json and /tmp/supports_michaels_fly125_cruise/findings.md
findings.md
flight_michaels_FLY124@16.000+8_rps.npz
flight_michaels_FLY124@27.680+8_rps.npz
flight_michaels_FLY124@40.000+8_rps.npz
flight_michaels_FLY124@56.000+8_rps.npz
flight_michaels_FLY124@8.000+8_rps.npz
flight_michaels_FLY125@112.000+8_rps_refined.npz
flight_michaels_FLY125@128.000+8_rps_refined.npz
flight_michaels_FLY125@144.000+8_rps_refined.npz
flight_michaels_FLY125@16.000+8_rps_refined.npz
flight_michaels_FLY125@32.000+8_rps_refined.npz
flight_michaels_FLY125@48.000+8_rps_refined.npz
flight_michaels_FLY125@64.000+8_rps_refined.npz
flight_michaels_FLY125@96.000+8_rps_refined.npz
index.json
V3GPU build exit=0 wall_s=26
V3GPU seed=0 start
14:32:46   we have :math:`ES^{*}(P,Q) \ge ES^{*}(Q,Q)` with equality holding if and only if :math:`P=Q`, i.e.
14:32:46   adam     0  loss -2.40636e+07
14:32:46   adam    50  loss -2.44412e+07
14:32:46   adam   100  loss -2.47858e+07
14:32:46   adam   150  loss -2.45024e+07
14:32:46   adam   200  loss -2.27856e+07
14:32:46   adam   250  loss -2.41464e+07
14:32:46   v3 round 0: whittle -2.44278e+07
14:32:46   v3 round 1: whittle -2.48892e+07  move/cell 0.115
14:32:46   v3 round 2: whittle -2.49041e+07  move/cell 0.00372
14:32:46   v3 round 3: whittle -2.49109e+07  move/cell 0.00172
14:32:46   v3 round 4: whittle -2.49144e+07  move/cell 0.000879
14:32:46   v3 round 5: whittle -2.49168e+07  move/cell 0.000588
14:32:46   v3 all-frames polish: whittle -2.49185e+07  gain/cell 0.000439
14:32:46 ('michaels_fly125_cruise__flight_v3__s0', 'ok')
14:32:46 {
14:32:46  "n_units": 1,
14:32:46  "n_converged": 0,
14:32:46  "not_converged": [
14:32:46   "michaels_fly125_cruise"
14:32:46  ],
14:32:46  "slowest_s": 191.79234886169434,
14:32:46  "fits": [
14:32:46   "results/noise_v3/fits/restarts/michaels_fly125_cruise__flight_v3__s0.json"
14:32:46  ]
14:32:46 }
14:32:46 # wrote results/noise_v3/fits/findings.md
V3GPU seed=0 fit exit=0 fit_wall_s=200 total_wall_s=226
Error in sitecustomize; set PYTHONVERBOSE for traceback:
ModuleNotFoundError: No module named 'wrapt'
FIT_SUMMARY {"file": "results/noise_v3/fits/restarts/michaels_fly125_cruise__flight_v3__s0.json", "git": "a7a6156c39092ce17f4a09e265dbf28c86a50787", "device": "cuda:0", "line_kernel": "unit_autocorr", "chunk_frames": 16, "lbfgs_rtol": 1e-05, "wall_s": 191.79234886169434, "peak_mem_mb": 2756.0908203125, "converged": false, "which_converged": "lbfgs", "alternation_converged": false, "rig_converged": true, "rounds_run": 5, "total_nats": -24805561.27676377, "whittle_nats": -24918517.512091078, "whittle_latents_zero_nats": -24427766.718587447, "rig_neg_log_prior_nats": 4533.687297157223, "ou_neg_log_prior_nats": 108422.54803014878, "n_cells": 3999744, "total_per_cell": -6.201787233573891, "first_rig": {"adam_steps": 300, "lbfgs_frames": 64, "lbfgs_frames_used": 64, "lbfgs_stratified": true, "adam_wall_s": 19.656073808670044, "lbfgs_wall_s": 3.9719629287719727, "lbfgs_evals": 4, "lbfgs_restart_evals": 4, "lbfgs_iters_used": 2, "lbfgs_restart_iters_used": 2, "lbfgs_loss_before": -24422940.41533797, "lbfgs_loss_first_pass": -24427332.957707975, "lbfgs_loss_after_restart": -24427795.26675213, "lbfgs_restart_gain_per_cell": 0.0008957811030432779, "converged": false, "peak_mem_mb": null}, "last_rig": {"adam_steps": 0, "lbfgs_frames": null, "lbfgs_frames_used": 496, "lbfgs_stratified": true, "adam_wall_s": 1.7404556274414062e-05, "lbfgs_wall_s": 37.15264177322388, "lbfgs_evals": 6, "lbfgs_restart_evals": 3, "lbfgs_iters_used": 4, "lbfgs_restart_iters_used": 1, "lbfgs_loss_before": -24912228.33042732, "lbfgs_loss_first_pass": -24913941.236711036, "lbfgs_loss_after_restart": -24913983.824793927, "lbfgs_restart_gain_per_cell": 1.0647702175678642e-05, "converged": true, "peak_mem_mb": null}, "history": [{"round": 0, "whittle_nats": -24427766.718587447, "rig_converged": false, "adam_s_per_step": 0.06552024602890015, "rig_lbfgs_evals": 8, "rig_lbfgs_iters": 2, "rig_lbfgs_restart_iters": 2, "rig_s_per_eval": 0.4964953660964966, "peak_mem_mb": 1467.6513671875, "wall_s": 49.83054566383362}, {"round": 1, "whittle_nats": -24889168.87519892, "whittle_move_per_cell": 0.11535792205987992, "rig_converged": true, "adam_s_per_step": null, "rig_lbfgs_evals": 10, "rig_lbfgs_iters": 3, "rig_lbfgs_restart_iters": 1, "rig_s_per_eval": 0.5122010946273804, "latent_evals": 103, "latent_s_per_eval": 0.06075125296139023, "latent_cache_s": 3.7335662841796875, "latent_wall_s": 10.066564321517944, "peak_mem_mb": 1131.12939453125, "latent_peak_mem_mb": 2756.072265625, "wall_s": 18.695756912231445}, {"round": 2, "whittle_nats": -24904066.556812774, "whittle_move_per_cell": 0.00372465878162579, "rig_converged": false, "adam_s_per_step": null, "rig_lbfgs_evals": 9, "rig_lbfgs_iters": 3, "rig_lbfgs_restart_iters": 1, "rig_s_per_eval": 0.5343034002516005, "latent_evals": 104, "latent_s_per_eval": 0.06085572105187636, "latent_cache_s": 3.7980704307556152, "latent_wall_s": 10.202183723449707, "peak_mem_mb": 1131.14794921875, "latent_peak_mem_mb": 2756.0908203125, "wall_s": 18.58723521232605}, {"round": 3, "whittle_nats": -24910932.358401757, "whittle_move_per_cell": 0.0017165602571020404, "rig_converged": false, "adam_s_per_step": null, "rig_lbfgs_evals": 10, "rig_lbfgs_iters": 3, "rig_lbfgs_restart_iters": 1, "rig_s_per_eval": 0.531989312171936, "latent_evals": 107, "latent_s_per_eval": 0.06172817444132867, "latent_cache_s": 3.8842356204986572, "latent_wall_s": 10.563801527023315, "peak_mem_mb": 1131.14794921875, "latent_peak_mem_mb": 2756.0908203125, "wall_s": 19.525980234146118}, {"round": 4, "whittle_nats": -24914447.419090055, "whittle_move_per_cell": 0.0008788214166452142, "rig_converged": false, "adam_s_per_step": null, "rig_lbfgs_evals": 10, "rig_lbfgs_iters": 3, "rig_lbfgs_restart_iters": 1, "rig_s_per_eval": 0.5365242719650268, "latent_evals": 104, "latent_s_per_eval": 0.062427910474630505, "latent_cache_s": 3.972773790359497, "latent_wall_s": 10.540901184082031, "peak_mem_mb": 1131.14794921875, "latent_peak_mem_mb": 2756.0908203125, "wall_s": 19.568146228790283}, {"round": 5, "whittle_nats": -24916799.981508072, "whittle_move_per_cell": 0.0005881782479122505, "rig_converged": false, "adam_s_per_step": null, "rig_lbfgs_evals": 10, "rig_lbfgs_iters": 3, "rig_lbfgs_restart_iters": 1, "rig_s_per_eval": 0.5286588668823242, "latent_evals": 107, "latent_s_per_eval": 0.0622248315365515, "latent_cache_s": 3.9512853622436523, "latent_wall_s": 10.685883045196533, "peak_mem_mb": 1131.14794921875, "latent_peak_mem_mb": 2756.0908203125, "wall_s": 19.579151153564453}], "polish": {"frames": 496, "subset_frames": 64, "loss_note": "Whittle - rig log prior on the FULL pool at the final latents", "loss_at_subset_optimum": -24912228.33042732, "loss_polished": -24913983.824793927, "gain_nats": 1755.49436660856, "gain_per_cell": 0.00043890168135974706, "whittle_at_subset_optimum": -24916799.981508072, "whittle_polished": -24918517.512091078, "rig_converged": true, "adam_s_per_step": null, "rig_lbfgs_evals": 9, "rig_lbfgs_iters": 4, "rig_lbfgs_restart_iters": 1, "rig_s_per_eval": 4.128071308135986, "peak_mem_mb": 1119.1591796875, "wall_s": 45.97646903991699}, "front_end": {"sr": 16000, "n_fft": 2048, "hop": 512, "sr_work": 32000, "n_fft_work": 4096}, "latent_fit": {"windows": 8, "n_blocks": [16, 16, 16, 16, 16, 16, 16, 16], "line_dtype": "torch.float64", "tracks": ["d", "u", "uj", "v"], "loss_before": -24806971.283205543, "loss_after": -24809975.077254027, "evals": 107, "cache_s": 3.9512853622436523, "s_per_eval": 0.0622248315365515, "wall_s": 10.685670614242554}, "sigma_nu": 3.9223324237695176, "gamma_median": 0.8926208647987919, "gamma_median_per_rotor": [2.5352, 0.8813, 0.7614, 0.397], "gamma_max_per_rotor": [27.579, 11.93, 2.818, 3.179], "gamma_argmax_k_per_rotor": [49, 17, 15, 15], "gamma_over_50hz": 0, "gamma_shape": [4, 81], "amp_exp": 2.0, "span_pins": ["amp_exp", "floor_exp", "floor_static_rel"], "speed_span": 1.4359839537899945, "init_from": {"source": "results/noise_v2/rounds/round3/fits/michaels_fly125_cruise__flight.json", "schema": "noise-v2-fit/2", "mode": "flight", "git": "a996e5e51c514f52ba29cb0a9ed44adccd8d1f16", "sites": ["gamma_hz", "profile_db", "sigma_nu"], "clipped": {"sigma_nu": 1, "gamma_hz": 164, "profile_db": 3, "floor_shape_z": 6}, "prior_box_quantiles": [0.001, 0.999], "floor_start": "measured", "objective_at_v2_floor": -23651922.62294968, "objective_at_measured_floor": -24192501.92873785, "objective_at_measured_start": -23700296.77254031, "not_v3_sites": {"lam": 0.5, "note": "lam is pinned in v3 flight; v2 mic gains are data-normalised"}}, "batch": {"grid": {"sr": 16000, "n_fft": 2048, "hop": 512, "sr_work": 32000, "n_fft_work": 4096}, "n_frames_total": 1976, "n_frames_used": 496, "frame_stride": 4, "exposure_scale": 3.9838709677419355, "carrier_min_rev_s": 68.18343353271484, "carrier_max_rev_s": 97.91031646728516, "speed_span": 1.4359839537899945, "channel_gains": {"gains_db": [0.02806923749999987, -6.5042584625, 1.0624115375, 2.3590115375, 5.0315015375000005, 2.4618615375, -0.5576684625000001, -3.8809284625000005], "source": "results/noise_v2/mic_gains/mic_gains.json", "rig": "michaels", "rule": "rank-one floor gain per channel on the 1/3-octave bands >= 500 Hz (rigs.<rig>.wind.excess_db_above_500hz), re-centred on the channels used; each channel's periodogram is divided by 10^(g/10)"}}}
Error in sitecustomize; set PYTHONVERBOSE for traceback:
ModuleNotFoundError: No module named 'wrapt'
V3GPU seed=1 start
14:36:03   adam     0  loss -2.38009e+07
14:36:03   adam    50  loss -2.4033e+07
14:36:03   adam   100  loss -2.47386e+07
14:36:03   adam   150  loss -2.47145e+07
14:36:03   adam   200  loss -2.48661e+07
14:36:03   adam   250  loss -2.47259e+07
14:36:03   v3 round 0: whittle -2.44279e+07
14:36:03   v3 round 1: whittle -2.48897e+07  move/cell 0.115
14:36:03   v3 round 2: whittle -2.49046e+07  move/cell 0.00373
14:36:03   v3 round 3: whittle -2.49107e+07  move/cell 0.00152
14:36:03   v3 round 4: whittle -2.49147e+07  move/cell 0.001
14:36:03   v3 round 5: whittle -2.49186e+07  move/cell 0.000967
14:36:03   v3 all-frames polish: whittle -2.49188e+07  gain/cell 6.35e-05
14:36:03 ('michaels_fly125_cruise__flight_v3__s1', 'ok')
14:36:03 {
14:36:03  "n_units": 1,
14:36:03  "n_converged": 0,
14:36:03  "not_converged": [
14:36:03   "michaels_fly125_cruise"
14:36:03  ],
14:36:03  "slowest_s": 183.22650909423828,
14:36:03  "fits": [
14:36:03   "results/noise_v3/fits/restarts/michaels_fly125_cruise__flight_v3__s1.json"
14:36:03  ]
14:36:03 }
14:36:03 # wrote results/noise_v3/fits/findings.md
V3GPU seed=1 fit exit=0 fit_wall_s=189 total_wall_s=423
Error in sitecustomize; set PYTHONVERBOSE for traceback:
ModuleNotFoundError: No module named 'wrapt'
FIT_SUMMARY {"file": "results/noise_v3/fits/restarts/michaels_fly125_cruise__flight_v3__s1.json", "git": "a7a6156c39092ce17f4a09e265dbf28c86a50787", "device": "cuda:0", "line_kernel": "unit_autocorr", "chunk_frames": 16, "lbfgs_rtol": 1e-05, "wall_s": 183.22650909423828, "peak_mem_mb": 2756.0908203125, "converged": false, "which_converged": "lbfgs", "alternation_converged": false, "rig_converged": true, "rounds_run": 5, "total_nats": -24805328.517458647, "whittle_nats": -24918817.42572429, "whittle_latents_zero_nats": -24427929.637723386, "rig_neg_log_prior_nats": 4724.686586349868, "ou_neg_log_prior_nats": 108764.22167929375, "n_cells": 3999744, "total_per_cell": -6.201729040023223, "first_rig": {"adam_steps": 300, "lbfgs_frames": 64, "lbfgs_frames_used": 64, "lbfgs_stratified": true, "adam_wall_s": 18.49640679359436, "lbfgs_wall_s": 6.16796875, "lbfgs_evals": 10, "lbfgs_restart_evals": 3, "lbfgs_iters_used": 8, "lbfgs_restart_iters_used": 1, "lbfgs_loss_before": -24417822.33516165, "lbfgs_loss_first_pass": -24429155.357786957, "lbfgs_loss_after_restart": -24429228.859547168, "lbfgs_restart_gain_per_cell": 0.00014241877521011963, "converged": false, "peak_mem_mb": null}, "last_rig": {"adam_steps": 0, "lbfgs_frames": null, "lbfgs_frames_used": 496, "lbfgs_stratified": true, "adam_wall_s": 2.1219253540039062e-05, "lbfgs_wall_s": 27.582239389419556, "lbfgs_evals": 3, "lbfgs_restart_evals": 3, "lbfgs_iters_used": 1, "lbfgs_restart_iters_used": 1, "lbfgs_loss_before": -24913838.831666466, "lbfgs_loss_first_pass": -24914017.82462056, "lbfgs_loss_after_restart": -24914092.73913794, "lbfgs_restart_gain_per_cell": 1.8729828054069757e-05, "converged": true, "peak_mem_mb": null}, "history": [{"round": 0, "whittle_nats": -24427929.637723386, "rig_converged": false, "adam_s_per_step": 0.0616546893119812, "rig_lbfgs_evals": 13, "rig_lbfgs_iters": 8, "rig_lbfgs_restart_iters": 1, "rig_s_per_eval": 0.47445913461538464, "peak_mem_mb": 1467.6513671875, "wall_s": 51.78894376754761}, {"round": 1, "whittle_nats": -24889678.295819357, "whittle_move_per_cell": 0.11544455297538311, "rig_converged": false, "adam_s_per_step": null, "rig_lbfgs_evals": 10, "rig_lbfgs_iters": 3, "rig_lbfgs_restart_iters": 1, "rig_s_per_eval": 0.525705361366272, "latent_evals": 105, "latent_s_per_eval": 0.061779966808500744, "latent_cache_s": 3.928459405899048, "latent_wall_s": 10.491992712020874, "peak_mem_mb": 1131.12939453125, "latent_peak_mem_mb": 2756.072265625, "wall_s": 19.34566617012024}, {"round": 2, "whittle_nats": -24904586.333957203, "whittle_move_per_cell": 0.0037272480783384376, "rig_converged": false, "adam_s_per_step": null, "rig_lbfgs_evals": 10, "rig_lbfgs_iters": 3, "rig_lbfgs_restart_iters": 1, "rig_s_per_eval": 0.5265000343322754, "latent_evals": 104, "latent_s_per_eval": 0.06149687675329355, "latent_cache_s": 3.8914737701416016, "latent_wall_s": 10.362672328948975, "peak_mem_mb": 1131.14794921875, "latent_peak_mem_mb": 2756.0908203125, "wall_s": 19.22349786758423}, {"round": 3, "whittle_nats": -24910683.496446673, "whittle_move_per_cell": 0.0015243881832112491, "rig_converged": false, "adam_s_per_step": null, "rig_lbfgs_evals": 9, "rig_lbfgs_iters": 3, "rig_lbfgs_restart_iters": 1, "rig_s_per_eval": 0.5414601696862115, "latent_evals": 105, "latent_s_per_eval": 0.06086415790376209, "latent_cache_s": 3.9089765548706055, "latent_wall_s": 10.379066705703735, "peak_mem_mb": 1131.14794921875, "latent_peak_mem_mb": 2756.0908203125, "wall_s": 18.86789298057556}, {"round": 4, "whittle_nats": -24914702.202064946, "whittle_move_per_cell": 0.001004740707973677, "rig_converged": false, "adam_s_per_step": null, "rig_lbfgs_evals": 10, "rig_lbfgs_iters": 3, "rig_lbfgs_restart_iters": 1, "rig_s_per_eval": 0.5322503805160522, "latent_evals": 105, "latent_s_per_eval": 0.06162708373296828, "latent_cache_s": 3.938815116882324, "latent_wall_s": 10.484702587127686, "peak_mem_mb": 1131.14794921875, "latent_peak_mem_mb": 2756.0908203125, "wall_s": 19.433242321014404}, {"round": 5, "whittle_nats": -24918571.93746247, "whittle_move_per_cell": 0.000967495769110506, "rig_converged": false, "adam_s_per_step": null, "rig_lbfgs_evals": 7, "rig_lbfgs_iters": 2, "rig_lbfgs_restart_iters": 1, "rig_s_per_eval": 0.5753333227975028, "latent_evals": 105, "latent_s_per_eval": 0.06176818893069313, "latent_cache_s": 3.9312779903411865, "latent_wall_s": 10.493643283843994, "peak_mem_mb": 1131.14794921875, "latent_peak_mem_mb": 2756.0908203125, "wall_s": 18.137200117111206}], "polish": {"frames": 496, "subset_frames": 64, "loss_note": "Whittle - rig log prior on the FULL pool at the final latents", "loss_at_subset_optimum": -24913838.831666466, "loss_polished": -24914092.73913794, "gain_nats": 253.9074714742601, "gain_per_cell": 6.34809306481265e-05, "whittle_at_subset_optimum": -24918571.93746247, "whittle_polished": -24918817.42572429, "rig_converged": true, "adam_s_per_step": null, "rig_lbfgs_evals": 6, "rig_lbfgs_iters": 1, "rig_lbfgs_restart_iters": 1, "rig_s_per_eval": 4.597039898236592, "peak_mem_mb": 1119.1591796875, "wall_s": 36.400957107543945}, "front_end": {"sr": 16000, "n_fft": 2048, "hop": 512, "sr_work": 32000, "n_fft_work": 4096}, "latent_fit": {"windows": 8, "n_blocks": [16, 16, 16, 16, 16, 16, 16, 16], "line_dtype": "torch.float64", "tracks": ["d", "u", "uj", "v"], "loss_before": -24806971.142498367, "loss_after": -24810010.344168004, "evals": 105, "cache_s": 3.9312779903411865, "s_per_eval": 0.06176818893069313, "wall_s": 10.493377685546875}, "sigma_nu": 3.864578160160688, "gamma_median": 0.7787082354197796, "gamma_median_per_rotor": [2.4115, 0.7463, 0.6554, 0.5232], "gamma_max_per_rotor": [29.42, 12.776, 4.164, 4.744], "gamma_argmax_k_per_rotor": [49, 17, 7, 30], "gamma_over_50hz": 0, "gamma_shape": [4, 81], "amp_exp": 2.0, "span_pins": ["amp_exp", "floor_exp", "floor_static_rel"], "speed_span": 1.4359839537899945, "init_from": {"source": "results/noise_v2/rounds/round3/fits/michaels_fly125_cruise__flight.json", "schema": "noise-v2-fit/2", "mode": "flight", "git": "a996e5e51c514f52ba29cb0a9ed44adccd8d1f16", "sites": ["gamma_hz", "profile_db", "sigma_nu"], "clipped": {"sigma_nu": 1, "gamma_hz": 164, "profile_db": 3, "floor_shape_z": 6}, "prior_box_quantiles": [0.001, 0.999], "floor_start": "measured", "objective_at_v2_floor": -23651922.62294968, "objective_at_measured_floor": -24192501.92873785, "objective_at_measured_start": -23700296.77254031, "not_v3_sites": {"lam": 0.5, "note": "lam is pinned in v3 flight; v2 mic gains are data-normalised"}}, "batch": {"grid": {"sr": 16000, "n_fft": 2048, "hop": 512, "sr_work": 32000, "n_fft_work": 4096}, "n_frames_total": 1976, "n_frames_used": 496, "frame_stride": 4, "exposure_scale": 3.9838709677419355, "carrier_min_rev_s": 68.18343353271484, "carrier_max_rev_s": 97.91031646728516, "speed_span": 1.4359839537899945, "channel_gains": {"gains_db": [0.02806923749999987, -6.5042584625, 1.0624115375, 2.3590115375, 5.0315015375000005, 2.4618615375, -0.5576684625000001, -3.8809284625000005], "source": "results/noise_v2/mic_gains/mic_gains.json", "rig": "michaels", "rule": "rank-one floor gain per channel on the 1/3-octave bands >= 500 Hz (rigs.<rig>.wind.excess_db_above_500hz), re-centred on the channels used; each channel's periodogram is divided by 10^(g/10)"}}}
Error in sitecustomize; set PYTHONVERBOSE for traceback:
ModuleNotFoundError: No module named 'wrapt'
V3GPU seed=2 start
14:39:14   adam     0  loss -2.42343e+07
14:39:14   adam    50  loss -2.46107e+07
14:39:14   adam   100  loss -2.44302e+07
14:39:14   adam   150  loss -2.38852e+07
14:39:14   adam   200  loss -2.43654e+07
14:39:14   adam   250  loss -2.35681e+07
14:39:14   v3 round 0: whittle -2.44299e+07
14:39:14   v3 round 1: whittle -2.48899e+07  move/cell 0.115
14:39:14   v3 round 2: whittle -2.49044e+07  move/cell 0.00363
14:39:14   v3 round 3: whittle -2.49114e+07  move/cell 0.00177
14:39:14   v3 round 4: whittle -2.49151e+07  move/cell 0.000916
14:39:14   v3 round 5: whittle -2.49188e+07  move/cell 0.000925
14:39:14   v3 all-frames polish: whittle -2.4919e+07  gain/cell 5.91e-05
14:39:14 ('michaels_fly125_cruise__flight_v3__s2', 'ok')
14:39:14 {
14:39:14  "n_units": 1,
14:39:14  "n_converged": 0,
14:39:14  "not_converged": [
14:39:14   "michaels_fly125_cruise"
14:39:14  ],
14:39:14  "slowest_s": 181.31124877929688,
14:39:14  "fits": [
14:39:14   "results/noise_v3/fits/restarts/michaels_fly125_cruise__flight_v3__s2.json"
14:39:14  ]
14:39:14 }
14:39:14 # wrote results/noise_v3/fits/findings.md
V3GPU seed=2 fit exit=0 fit_wall_s=187 total_wall_s=614
Error in sitecustomize; set PYTHONVERBOSE for traceback:
ModuleNotFoundError: No module named 'wrapt'
FIT_SUMMARY {"file": "results/noise_v3/fits/restarts/michaels_fly125_cruise__flight_v3__s2.json", "git": "a7a6156c39092ce17f4a09e265dbf28c86a50787", "device": "cuda:0", "line_kernel": "unit_autocorr", "chunk_frames": 16, "lbfgs_rtol": 1e-05, "wall_s": 181.31124877929688, "peak_mem_mb": 2756.0908203125, "converged": false, "which_converged": "lbfgs", "alternation_converged": false, "rig_converged": true, "rounds_run": 5, "total_nats": -24805567.322199948, "whittle_nats": -24919012.808173347, "whittle_latents_zero_nats": -24429900.24364527, "rig_neg_log_prior_nats": 4938.107701646756, "ou_neg_log_prior_nats": 108507.37827175121, "n_cells": 3999744, "total_per_cell": -6.201788745029669, "first_rig": {"adam_steps": 300, "lbfgs_frames": 64, "lbfgs_frames_used": 64, "lbfgs_stratified": true, "adam_wall_s": 18.453834772109985, "lbfgs_wall_s": 4.607701539993286, "lbfgs_evals": 6, "lbfgs_restart_evals": 3, "lbfgs_iters_used": 4, "lbfgs_restart_iters_used": 1, "lbfgs_loss_before": -24427109.0696301, "lbfgs_loss_first_pass": -24429574.7235865, "lbfgs_loss_after_restart": -24429732.865550064, "lbfgs_restart_gain_per_cell": 0.0003064196652635546, "converged": false, "peak_mem_mb": null}, "last_rig": {"adam_steps": 0, "lbfgs_frames": null, "lbfgs_frames_used": 496, "lbfgs_stratified": true, "adam_wall_s": 3.314018249511719e-05, "lbfgs_wall_s": 27.667095184326172, "lbfgs_evals": 3, "lbfgs_restart_evals": 3, "lbfgs_iters_used": 1, "lbfgs_restart_iters_used": 1, "lbfgs_loss_before": -24913838.35209409, "lbfgs_loss_first_pass": -24914004.36399526, "lbfgs_loss_after_restart": -24914074.7004717, "lbfgs_restart_gain_per_cell": 1.7585244565089035e-05, "converged": true, "peak_mem_mb": null}, "history": [{"round": 0, "whittle_nats": -24429900.24364527, "rig_converged": false, "adam_s_per_step": 0.06151278257369995, "rig_lbfgs_evals": 9, "rig_lbfgs_iters": 4, "rig_lbfgs_restart_iters": 1, "rig_s_per_eval": 0.5119668377770318, "peak_mem_mb": 1467.6513671875, "wall_s": 50.2872474193573}, {"round": 1, "whittle_nats": -24889854.112304635, "whittle_move_per_cell": 0.11499582689776294, "rig_converged": true, "adam_s_per_step": null, "rig_lbfgs_evals": 9, "rig_lbfgs_iters": 4, "rig_lbfgs_restart_iters": 1, "rig_s_per_eval": 0.5395829147762723, "latent_evals": 105, "latent_s_per_eval": 0.0616684323265439, "latent_cache_s": 3.9330735206604004, "latent_wall_s": 10.485074520111084, "peak_mem_mb": 1131.12939453125, "latent_peak_mem_mb": 2756.072265625, "wall_s": 18.94974994659424}, {"round": 2, "whittle_nats": -24904355.37323945, "whittle_move_per_cell": 0.0036255472687289013, "rig_converged": false, "adam_s_per_step": null, "rig_lbfgs_evals": 9, "rig_lbfgs_iters": 4, "rig_lbfgs_restart_iters": 1, "rig_s_per_eval": 0.5400746928320991, "latent_evals": 104, "latent_s_per_eval": 0.061136674422484175, "latent_cache_s": 3.8936634063720703, "latent_wall_s": 10.326859951019287, "peak_mem_mb": 1131.14794921875, "latent_peak_mem_mb": 2756.0908203125, "wall_s": 18.789204835891724}, {"round": 3, "whittle_nats": -24911421.55426765, "whittle_move_per_cell": 0.0017666583231822964, "rig_converged": false, "adam_s_per_step": null, "rig_lbfgs_evals": 10, "rig_lbfgs_iters": 3, "rig_lbfgs_restart_iters": 1, "rig_s_per_eval": 0.5294360637664794, "latent_evals": 104, "latent_s_per_eval": 0.06148785352706909, "latent_cache_s": 3.9037110805511475, "latent_wall_s": 10.37384819984436, "peak_mem_mb": 1131.14794921875, "latent_peak_mem_mb": 2756.0908203125, "wall_s": 19.28498911857605}, {"round": 4, "whittle_nats": -24915087.14111958, "whittle_move_per_cell": 0.0009164553661264592, "rig_converged": false, "adam_s_per_step": null, "rig_lbfgs_evals": 10, "rig_lbfgs_iters": 3, "rig_lbfgs_restart_iters": 1, "rig_s_per_eval": 0.5308852195739746, "latent_evals": 105, "latent_s_per_eval": 0.061688384555634995, "latent_cache_s": 3.928109884262085, "latent_wall_s": 10.48045825958252, "peak_mem_mb": 1131.14794921875, "latent_peak_mem_mb": 2756.0908203125, "wall_s": 19.41885995864868}, {"round": 5, "whittle_nats": -24918786.484072767, "whittle_move_per_cell": 0.0009248949315722412, "rig_converged": false, "adam_s_per_step": null, "rig_lbfgs_evals": 7, "rig_lbfgs_iters": 2, "rig_lbfgs_restart_iters": 1, "rig_s_per_eval": 0.5763702392578125, "latent_evals": 103, "latent_s_per_eval": 0.06207652925287636, "latent_cache_s": 3.9307565689086914, "latent_wall_s": 10.400825500488281, "peak_mem_mb": 1131.14794921875, "latent_peak_mem_mb": 2756.0908203125, "wall_s": 18.04970645904541}], "polish": {"frames": 496, "subset_frames": 64, "loss_note": "Whittle - rig log prior on the FULL pool at the final latents", "loss_at_subset_optimum": -24913838.35209409, "loss_polished": -24914074.7004717, "gain_nats": 236.3483776077628, "gain_per_cell": 5.909087621801866e-05, "whittle_at_subset_optimum": -24918786.484072767, "whittle_polished": -24919012.808173347, "rig_converged": true, "adam_s_per_step": null, "rig_lbfgs_evals": 6, "rig_lbfgs_iters": 1, "rig_lbfgs_restart_iters": 1, "rig_s_per_eval": 4.611182530721028, "peak_mem_mb": 1119.1591796875, "wall_s": 36.5005989074707}, "front_end": {"sr": 16000, "n_fft": 2048, "hop": 512, "sr_work": 32000, "n_fft_work": 4096}, "latent_fit": {"windows": 8, "n_blocks": [16, 16, 16, 16, 16, 16, 16, 16], "line_dtype": "torch.float64", "tracks": ["d", "u", "uj", "v"], "loss_before": -24807496.66912628, "loss_after": -24810463.644776374, "evals": 103, "cache_s": 3.9307565689086914, "s_per_eval": 0.06207652925287636, "wall_s": 10.400597095489502}, "sigma_nu": 3.837413537027636, "gamma_median": 0.8081811278919009, "gamma_median_per_rotor": [2.341, 0.6748, 0.7089, 0.4626], "gamma_max_per_rotor": [29.976, 12.98, 3.324, 3.394], "gamma_argmax_k_per_rotor": [49, 17, 7, 14], "gamma_over_50hz": 0, "gamma_shape": [4, 81], "amp_exp": 2.0, "span_pins": ["amp_exp", "floor_exp", "floor_static_rel"], "speed_span": 1.4359839537899945, "init_from": {"source": "results/noise_v2/rounds/round3/fits/michaels_fly125_cruise__flight.json", "schema": "noise-v2-fit/2", "mode": "flight", "git": "a996e5e51c514f52ba29cb0a9ed44adccd8d1f16", "sites": ["gamma_hz", "profile_db", "sigma_nu"], "clipped": {"sigma_nu": 1, "gamma_hz": 164, "profile_db": 3, "floor_shape_z": 6}, "prior_box_quantiles": [0.001, 0.999], "floor_start": "measured", "objective_at_v2_floor": -23651922.62294968, "objective_at_measured_floor": -24192501.92873785, "objective_at_measured_start": -23700296.77254031, "not_v3_sites": {"lam": 0.5, "note": "lam is pinned in v3 flight; v2 mic gains are data-normalised"}}, "batch": {"grid": {"sr": 16000, "n_fft": 2048, "hop": 512, "sr_work": 32000, "n_fft_work": 4096}, "n_frames_total": 1976, "n_frames_used": 496, "frame_stride": 4, "exposure_scale": 3.9838709677419355, "carrier_min_rev_s": 68.18343353271484, "carrier_max_rev_s": 97.91031646728516, "speed_span": 1.4359839537899945, "channel_gains": {"gains_db": [0.02806923749999987, -6.5042584625, 1.0624115375, 2.3590115375, 5.0315015375000005, 2.4618615375, -0.5576684625000001, -3.8809284625000005], "source": "results/noise_v2/mic_gains/mic_gains.json", "rig": "michaels", "rule": "rank-one floor gain per channel on the 1/3-octave bands >= 500 Hz (rigs.<rig>.wind.excess_db_above_500hz), re-centred on the channels used; each channel's periodogram is divided by 10^(g/10)"}}}
Error in sitecustomize; set PYTHONVERBOSE for traceback:
ModuleNotFoundError: No module named 'wrapt'
V3GPU seed=3 start
14:42:25   adam     0  loss -2.4032e+07
14:42:25   adam    50  loss -2.46766e+07
14:42:25   adam   100  loss -2.42143e+07
14:42:25   adam   150  loss -2.40881e+07
14:42:25   adam   200  loss -2.41563e+07
14:42:25   adam   250  loss -2.47655e+07
14:42:25   v3 round 0: whittle -2.44276e+07
14:42:25   v3 round 1: whittle -2.48881e+07  move/cell 0.115
14:42:25   v3 round 2: whittle -2.49032e+07  move/cell 0.00377
14:42:25   v3 round 3: whittle -2.49097e+07  move/cell 0.00162
14:42:25   v3 round 4: whittle -2.49133e+07  move/cell 0.000903
14:42:25   v3 round 5: whittle -2.49173e+07  move/cell 0.00101
14:42:25   v3 all-frames polish: whittle -2.49175e+07  gain/cell 5.58e-05
14:42:25 ('michaels_fly125_cruise__flight_v3__s3', 'ok')
14:42:25 {
14:42:25  "n_units": 1,
14:42:25  "n_converged": 0,
14:42:25  "not_converged": [
14:42:25   "michaels_fly125_cruise"
14:42:25  ],
14:42:25  "slowest_s": 180.28751277923584,
14:42:25  "fits": [
14:42:25   "results/noise_v3/fits/restarts/michaels_fly125_cruise__flight_v3__s3.json"
14:42:25  ]
14:42:25 }
14:42:25 # wrote results/noise_v3/fits/findings.md
V3GPU seed=3 fit exit=0 fit_wall_s=186 total_wall_s=805
Error in sitecustomize; set PYTHONVERBOSE for traceback:
ModuleNotFoundError: No module named 'wrapt'
FIT_SUMMARY {"file": "results/noise_v3/fits/restarts/michaels_fly125_cruise__flight_v3__s3.json", "git": "a7a6156c39092ce17f4a09e265dbf28c86a50787", "device": "cuda:0", "line_kernel": "unit_autocorr", "chunk_frames": 16, "lbfgs_rtol": 1e-05, "wall_s": 180.28751277923584, "peak_mem_mb": 2756.0908203125, "converged": false, "which_converged": "lbfgs", "alternation_converged": false, "rig_converged": true, "rounds_run": 5, "total_nats": -24804482.464292135, "whittle_nats": -24917521.19741635, "whittle_latents_zero_nats": -24427551.332139798, "rig_neg_log_prior_nats": 4592.8152186691605, "ou_neg_log_prior_nats": 108445.91790554851, "n_cells": 3999744, "total_per_cell": -6.2015175131938785, "first_rig": {"adam_steps": 300, "lbfgs_frames": 64, "lbfgs_frames_used": 64, "lbfgs_stratified": true, "adam_wall_s": 18.500120401382446, "lbfgs_wall_s": 4.614635467529297, "lbfgs_evals": 6, "lbfgs_restart_evals": 3, "lbfgs_iters_used": 4, "lbfgs_restart_iters_used": 1, "lbfgs_loss_before": -24420800.080841728, "lbfgs_loss_first_pass": -24426346.103048578, "lbfgs_loss_after_restart": -24426531.546479024, "lbfgs_restart_gain_per_cell": 0.0003593196429464447, "converged": false, "peak_mem_mb": null}, "last_rig": {"adam_steps": 0, "lbfgs_frames": null, "lbfgs_frames_used": 496, "lbfgs_stratified": true, "adam_wall_s": 1.6689300537109375e-05, "lbfgs_wall_s": 27.60701036453247, "lbfgs_evals": 3, "lbfgs_restart_evals": 3, "lbfgs_iters_used": 1, "lbfgs_restart_iters_used": 1, "lbfgs_loss_before": -24912705.33742026, "lbfgs_loss_first_pass": -24912852.8962006, "lbfgs_loss_after_restart": -24912928.38219768, "lbfgs_restart_gain_per_cell": 1.887270712345663e-05, "converged": true, "peak_mem_mb": null}, "history": [{"round": 0, "whittle_nats": -24427551.332139798, "rig_converged": false, "adam_s_per_step": 0.06166706800460815, "rig_lbfgs_evals": 9, "rig_lbfgs_iters": 4, "rig_lbfgs_restart_iters": 1, "rig_s_per_eval": 0.5127372741699219, "peak_mem_mb": 1467.6513671875, "wall_s": 50.28477907180786}, {"round": 1, "whittle_nats": -24888102.016023725, "whittle_move_per_cell": 0.11514504025355816, "rig_converged": true, "adam_s_per_step": null, "rig_lbfgs_evals": 9, "rig_lbfgs_iters": 4, "rig_lbfgs_restart_iters": 1, "rig_s_per_eval": 0.5389706293741862, "latent_evals": 104, "latent_s_per_eval": 0.061636074231221125, "latent_cache_s": 3.9357428550720215, "latent_wall_s": 10.42268419265747, "peak_mem_mb": 1131.12939453125, "latent_peak_mem_mb": 2756.072265625, "wall_s": 18.875516891479492}, {"round": 2, "whittle_nats": -24903178.4546066, "whittle_move_per_cell": 0.003769350884175296, "rig_converged": true, "adam_s_per_step": null, "rig_lbfgs_evals": 9, "rig_lbfgs_iters": 4, "rig_lbfgs_restart_iters": 1, "rig_s_per_eval": 0.5376253128051758, "latent_evals": 105, "latent_s_per_eval": 0.06110439300537109, "latent_cache_s": 3.8952512741088867, "latent_wall_s": 10.38577675819397, "peak_mem_mb": 1131.14794921875, "latent_peak_mem_mb": 2756.0908203125, "wall_s": 18.820425033569336}, {"round": 3, "whittle_nats": -24909670.667843405, "whittle_move_per_cell": 0.0016231571912615037, "rig_converged": false, "adam_s_per_step": null, "rig_lbfgs_evals": 10, "rig_lbfgs_iters": 3, "rig_lbfgs_restart_iters": 1, "rig_s_per_eval": 0.5295563697814941, "latent_evals": 105, "latent_s_per_eval": 0.06128949210757301, "latent_cache_s": 3.903318405151367, "latent_wall_s": 10.413030862808228, "peak_mem_mb": 1131.14794921875, "latent_peak_mem_mb": 2756.0908203125, "wall_s": 19.326807737350464}, {"round": 4, "whittle_nats": -24913282.797016364, "whittle_move_per_cell": 0.0009030900910054327, "rig_converged": false, "adam_s_per_step": null, "rig_lbfgs_evals": 9, "rig_lbfgs_iters": 3, "rig_lbfgs_restart_iters": 1, "rig_s_per_eval": 0.5429257022009956, "latent_evals": 104, "latent_s_per_eval": 0.061650826380803034, "latent_cache_s": 3.931173086166382, "latent_wall_s": 10.41837191581726, "peak_mem_mb": 1131.14794921875, "latent_peak_mem_mb": 2756.0908203125, "wall_s": 18.93221688270569}, {"round": 5, "whittle_nats": -24917313.39571363, "whittle_move_per_cell": 0.0010077141680236218, "rig_converged": false, "adam_s_per_step": null, "rig_lbfgs_evals": 6, "rig_lbfgs_iters": 1, "rig_lbfgs_restart_iters": 1, "rig_s_per_eval": 0.6027177174886068, "latent_evals": 103, "latent_s_per_eval": 0.06159765743514867, "latent_cache_s": 3.934269666671753, "latent_wall_s": 10.354995489120483, "peak_mem_mb": 1131.14794921875, "latent_peak_mem_mb": 2756.0908203125, "wall_s": 17.586821794509888}], "polish": {"frames": 496, "subset_frames": 64, "loss_note": "Whittle - rig log prior on the FULL pool at the final latents", "loss_at_subset_optimum": -24912705.33742026, "loss_polished": -24912928.38219768, "gain_nats": 223.0447774231434, "gain_per_cell": 5.576476330063709e-05, "whittle_at_subset_optimum": -24917313.39571363, "whittle_polished": -24917521.19741635, "rig_converged": true, "adam_s_per_step": null, "rig_lbfgs_evals": 6, "rig_lbfgs_iters": 1, "rig_lbfgs_restart_iters": 1, "rig_s_per_eval": 4.601168394088745, "peak_mem_mb": 1119.1591796875, "wall_s": 36.43119430541992}, "front_end": {"sr": 16000, "n_fft": 2048, "hop": 512, "sr_work": 32000, "n_fft_work": 4096}, "latent_fit": {"windows": 8, "n_blocks": [16, 16, 16, 16, 16, 16, 16, 16], "line_dtype": "torch.float64", "tracks": ["d", "u", "uj", "v"], "loss_before": -24805720.141494054, "loss_after": -24808943.88820531, "evals": 103, "cache_s": 3.934269666671753, "s_per_eval": 0.06159765743514867, "wall_s": 10.354743719100952}, "sigma_nu": 4.0206719882790205, "gamma_median": 0.6333636598969434, "gamma_median_per_rotor": [1.6486, 0.5645, 0.4249, 0.3447], "gamma_max_per_rotor": [30.38, 14.784, 3.492, 3.647], "gamma_argmax_k_per_rotor": [49, 17, 80, 49], "gamma_over_50hz": 0, "gamma_shape": [4, 81], "amp_exp": 2.0, "span_pins": ["amp_exp", "floor_exp", "floor_static_rel"], "speed_span": 1.4359839537899945, "init_from": {"source": "results/noise_v2/rounds/round3/fits/michaels_fly125_cruise__flight.json", "schema": "noise-v2-fit/2", "mode": "flight", "git": "a996e5e51c514f52ba29cb0a9ed44adccd8d1f16", "sites": ["gamma_hz", "profile_db", "sigma_nu"], "clipped": {"sigma_nu": 1, "gamma_hz": 164, "profile_db": 3, "floor_shape_z": 6}, "prior_box_quantiles": [0.001, 0.999], "floor_start": "measured", "objective_at_v2_floor": -23651922.62294968, "objective_at_measured_floor": -24192501.92873785, "objective_at_measured_start": -23700296.77254031, "not_v3_sites": {"lam": 0.5, "note": "lam is pinned in v3 flight; v2 mic gains are data-normalised"}}, "batch": {"grid": {"sr": 16000, "n_fft": 2048, "hop": 512, "sr_work": 32000, "n_fft_work": 4096}, "n_frames_total": 1976, "n_frames_used": 496, "frame_stride": 4, "exposure_scale": 3.9838709677419355, "carrier_min_rev_s": 68.18343353271484, "carrier_max_rev_s": 97.91031646728516, "speed_span": 1.4359839537899945, "channel_gains": {"gains_db": [0.02806923749999987, -6.5042584625, 1.0624115375, 2.3590115375, 5.0315015375000005, 2.4618615375, -0.5576684625000001, -3.8809284625000005], "source": "results/noise_v2/mic_gains/mic_gains.json", "rig": "michaels", "rule": "rank-one floor gain per channel on the 1/3-octave bands >= 500 Hz (rigs.<rig>.wind.excess_db_above_500hz), re-centred on the channels used; each channel's periodogram is divided by 10^(g/10)"}}}
Error in sitecustomize; set PYTHONVERBOSE for traceback:
ModuleNotFoundError: No module named 'wrapt'
