V3GPU job=nv3c-standby-cf4505 dest=s3://omnirun-artifacts/nv3c-standby-cf4505/outputs/results/noise_v3/fits aws='uvx --quiet --from awscli aws' sha=a7a6156c3909 host=757fa2e73827 nproc=4
name, memory.total [MiB], driver_version
Tesla T4, 15360 MiB, 580.159.04
Tesla T4, 15360 MiB, 580.159.04
V3GPU torch 2.7.0+cu126 cuda True Tesla T4
V3GPU spec: set=michaels-standby name=michaels_fly125_standby rig=michaels extra='' init=results/noise_v2/rounds/round3/fits/michaels_fly125_standby__flight.json sched='--rounds 5 --lbfgs-frames 64 --lbfgs-iters 500'
  flight_michaels_FLY125@6.000+4_rps_refined: 8x122x1025 4.000 s carriers [30.922183, 34.75634, 40.203837, 36.265439] pass=True
  flight_michaels_FLY125@10.000+4_rps_refined: 8x122x1025 4.000 s carriers [30.986261, 34.543646, 40.148095, 36.542121] pass=True
built 3/3 supports; wrote /tmp/supports_michaels_fly125_standby/index.json and /tmp/supports_michaels_fly125_standby/findings.md
findings.md
flight_michaels_FLY125@10.000+4_rps_refined.npz
flight_michaels_FLY125@2.000+4_rps_refined.npz
flight_michaels_FLY125@6.000+4_rps_refined.npz
index.json
V3GPU build exit=0 wall_s=22
V3GPU seed=0 start
14:47:45   we have :math:`ES^{*}(P,Q) \ge ES^{*}(Q,Q)` with equality holding if and only if :math:`P=Q`, i.e.
14:47:45   adam     0  loss -6.50777e+06
14:47:45   adam    50  loss -6.90519e+06
14:47:45   adam   100  loss -6.81656e+06
14:47:45   adam   150  loss -6.83929e+06
14:47:45   adam   200  loss -7.0118e+06
14:47:45   adam   250  loss -7.01117e+06
14:47:45   v3 round 0: whittle -6.92845e+06
14:47:45   v3 round 1: whittle -6.97483e+06  move/cell 0.0618
14:47:45   v3 round 2: whittle -6.97809e+06  move/cell 0.00434
14:47:45   v3 round 3: whittle -6.97914e+06  move/cell 0.00141
14:47:45   v3 round 4: whittle -6.97949e+06  move/cell 0.00046
14:47:45   v3 round 5: whittle -6.97966e+06  move/cell 0.000239
14:47:45   v3 all-frames polish: whittle -6.97967e+06  gain/cell 2.2e-06
14:47:45 ('michaels_fly125_standby__flight_v3__s0', 'ok')
14:47:45 {
14:47:45  "n_units": 1,
14:47:45  "n_converged": 0,
14:47:45  "not_converged": [
14:47:45   "michaels_fly125_standby"
14:47:45  ],
14:47:45  "slowest_s": 164.01036596298218,
14:47:45  "fits": [
14:47:45   "results/noise_v3/fits/restarts/michaels_fly125_standby__flight_v3__s0.json"
14:47:45  ]
14:47:45 }
14:47:45 # wrote results/noise_v3/fits/findings.md
V3GPU seed=0 fit exit=0 fit_wall_s=170 total_wall_s=192
Error in sitecustomize; set PYTHONVERBOSE for traceback:
ModuleNotFoundError: No module named 'wrapt'
FIT_SUMMARY {"file": "results/noise_v3/fits/restarts/michaels_fly125_standby__flight_v3__s0.json", "git": "a7a6156c39092ce17f4a09e265dbf28c86a50787", "device": "cuda:0", "line_kernel": "unit_autocorr", "chunk_frames": 16, "lbfgs_rtol": 1e-05, "wall_s": 164.01036596298218, "peak_mem_mb": 1676.7763671875, "converged": false, "which_converged": "lbfgs", "alternation_converged": false, "rig_converged": true, "rounds_run": 5, "total_nats": -6943253.832030693, "whittle_nats": -6979666.191695644, "whittle_latents_zero_nats": -6928453.954910472, "rig_neg_log_prior_nats": 4839.871136308366, "ou_neg_log_prior_nats": 31572.488528641807, "n_cells": 749952, "total_per_cell": -9.258264304956441, "first_rig": {"adam_steps": 300, "lbfgs_frames": 64, "lbfgs_frames_used": 64, "lbfgs_stratified": true, "adam_wall_s": 48.743727922439575, "lbfgs_wall_s": 13.114037036895752, "lbfgs_evals": 4, "lbfgs_restart_evals": 6, "lbfgs_iters_used": 2, "lbfgs_restart_iters_used": 4, "lbfgs_loss_before": -6924464.91300208, "lbfgs_loss_first_pass": -6924624.892526895, "lbfgs_loss_after_restart": -6924966.883105299, "lbfgs_restart_gain_per_cell": 0.0006626491552048994, "converged": false, "peak_mem_mb": null}, "last_rig": {"adam_steps": 0, "lbfgs_frames": null, "lbfgs_frames_used": 93, "lbfgs_stratified": true, "adam_wall_s": 1.7404556274414062e-05, "lbfgs_wall_s": 12.880802154541016, "lbfgs_evals": 3, "lbfgs_restart_evals": 3, "lbfgs_iters_used": 1, "lbfgs_restart_iters_used": 1, "lbfgs_loss_before": -6974824.670512909, "lbfgs_loss_first_pass": -6974825.821794308, "lbfgs_loss_after_restart": -6974826.320559336, "lbfgs_restart_gain_per_cell": 6.650626014489385e-07, "converged": true, "peak_mem_mb": null}, "history": [{"round": 0, "whittle_nats": -6928453.954910472, "rig_converged": false, "adam_s_per_step": 0.16247909307479858, "rig_lbfgs_evals": 10, "rig_lbfgs_iters": 2, "rig_lbfgs_restart_iters": 4, "rig_s_per_eval": 1.3114037036895752, "peak_mem_mb": 1617.392578125, "wall_s": 71.82545256614685}, {"round": 1, "whittle_nats": -6974829.918600156, "whittle_move_per_cell": 0.06183857592177091, "rig_converged": true, "adam_s_per_step": null, "rig_lbfgs_evals": 6, "rig_lbfgs_iters": 1, "rig_lbfgs_restart_iters": 1, "rig_s_per_eval": 1.4996165037155151, "latent_evals": 108, "latent_s_per_eval": 0.022795886905105027, "latent_cache_s": 1.1809971332550049, "latent_wall_s": 3.6768858432769775, "peak_mem_mb": 1676.75048828125, "latent_peak_mem_mb": 1634.90380859375, "wall_s": 15.428088426589966}, {"round": 2, "whittle_nats": -6978086.102689757, "whittle_move_per_cell": 0.004341856664961278, "rig_converged": true, "adam_s_per_step": null, "rig_lbfgs_evals": 6, "rig_lbfgs_iters": 1, "rig_lbfgs_restart_iters": 1, "rig_s_per_eval": 1.4808139403661091, "latent_evals": 102, "latent_s_per_eval": 0.022937704535091624, "latent_cache_s": 1.1823899745941162, "latent_wall_s": 3.5529401302337646, "peak_mem_mb": 1676.7763671875, "latent_peak_mem_mb": 1634.9296875, "wall_s": 15.14621901512146}, {"round": 3, "whittle_nats": -6979141.085822319, "whittle_move_per_cell": 0.0014067342077381869, "rig_converged": true, "adam_s_per_step": null, "rig_lbfgs_evals": 6, "rig_lbfgs_iters": 1, "rig_lbfgs_restart_iters": 1, "rig_s_per_eval": 1.4665385087331135, "latent_evals": 103, "latent_s_per_eval": 0.022952445502420073, "latent_cache_s": 1.1631569862365723, "latent_wall_s": 3.5591983795166016, "peak_mem_mb": 1676.7763671875, "latent_peak_mem_mb": 1634.9296875, "wall_s": 15.046794891357422}, {"round": 4, "whittle_nats": -6979485.83227501, "whittle_move_per_cell": 0.00045969135716823675, "rig_converged": true, "adam_s_per_step": null, "rig_lbfgs_evals": 6, "rig_lbfgs_iters": 1, "rig_lbfgs_restart_iters": 1, "rig_s_per_eval": 1.4653594493865967, "latent_evals": 104, "latent_s_per_eval": 0.022817671298980713, "latent_cache_s": 1.1571946144104004, "latent_wall_s": 3.5619497299194336, "peak_mem_mb": 1676.7763671875, "latent_peak_mem_mb": 1634.9296875, "wall_s": 15.045730829238892}, {"round": 5, "whittle_nats": -6979664.816736796, "whittle_move_per_cell": 0.00023866122336659604, "rig_converged": true, "adam_s_per_step": null, "rig_lbfgs_evals": 6, "rig_lbfgs_iters": 1, "rig_lbfgs_restart_iters": 1, "rig_s_per_eval": 1.471171458562215, "latent_evals": 105, "latent_s_per_eval": 0.022645087469191777, "latent_cache_s": 1.1639435291290283, "latent_wall_s": 3.572547197341919, "peak_mem_mb": 1676.7763671875, "latent_peak_mem_mb": 1634.9296875, "wall_s": 15.104160785675049}], "polish": {"frames": 93, "subset_frames": 64, "loss_note": "Whittle - rig log prior on the FULL pool at the final latents", "loss_at_subset_optimum": -6974824.670512909, "loss_polished": -6974826.320559336, "gain_nats": 1.6500464268028736, "gain_per_cell": 2.2002027153776157e-06, "whittle_at_subset_optimum": -6979664.816736796, "whittle_polished": -6979666.191695644, "rig_converged": true, "adam_s_per_step": null, "rig_lbfgs_evals": 6, "rig_lbfgs_iters": 1, "rig_lbfgs_restart_iters": 1, "rig_s_per_eval": 2.1468003590901694, "peak_mem_mb": 1664.66162109375, "wall_s": 16.397829294204712}, "front_end": {"sr": 16000, "n_fft": 2048, "hop": 512, "sr_work": 32000, "n_fft_work": 4096}, "latent_fit": {"windows": 3, "n_blocks": [8, 8, 8], "line_dtype": "torch.float64", "tracks": ["d", "u", "uj", "v"], "loss_before": -6947982.006171699, "loss_after": -6948093.442456755, "evals": 105, "cache_s": 1.1639435291290283, "s_per_eval": 0.022645087469191777, "wall_s": 3.5723459720611572}, "sigma_nu": 0.28998529941372525, "gamma_median": 2.6602343690829717, "gamma_median_per_rotor": [1.6985, 2.6666, 4.6039, 2.3969], "gamma_max_per_rotor": [17.056, 11.708, 95.506, 13.081], "gamma_argmax_k_per_rotor": [130, 81, 128, 85], "gamma_over_50hz": 3, "gamma_shape": [4, 130], "amp_exp": 3.933998363745739, "span_pins": [], "speed_span": 1.9278266197081828, "init_from": {"source": "results/noise_v2/rounds/round3/fits/michaels_fly125_standby__flight.json", "schema": "noise-v2-fit/2", "mode": "flight", "git": "58e895fb943207db1ba5124f24329822fadf39b9", "sites": ["amp_exp", "floor_exp", "floor_shape_z", "floor_static_rel", "gamma_hz", "profile_db", "sigma_nu"], "clipped": {"sigma_nu": 0, "gamma_hz": 180, "profile_db": 0, "amp_exp": 0, "floor_exp": 0, "floor_static_rel": 1, "floor_shape_z": 0}, "prior_box_quantiles": [0.001, 0.999], "floor_start": "v2 re-expressed", "objective_at_v2_floor": -6325922.701675446, "objective_at_measured_floor": -5037953.246885765, "objective_at_measured_start": -6621819.48484148, "not_v3_sites": {"lam": 0.5, "note": "lam is pinned in v3 flight; v2 mic gains are data-normalised"}}, "batch": {"grid": {"sr": 16000, "n_fft": 2048, "hop": 512, "sr_work": 32000, "n_fft_work": 4096}, "n_frames_total": 366, "n_frames_used": 93, "frame_stride": 4, "exposure_scale": 3.935483870967742, "carrier_min_rev_s": 20.930063247680664, "carrier_max_rev_s": 40.34953308105469, "speed_span": 1.9278266197081828, "channel_gains": {"gains_db": [0.02806923749999987, -6.5042584625, 1.0624115375, 2.3590115375, 5.0315015375000005, 2.4618615375, -0.5576684625000001, -3.8809284625000005], "source": "results/noise_v2/mic_gains/mic_gains.json", "rig": "michaels", "rule": "rank-one floor gain per channel on the 1/3-octave bands >= 500 Hz (rigs.<rig>.wind.excess_db_above_500hz), re-centred on the channels used; each channel's periodogram is divided by 10^(g/10)"}}}
Error in sitecustomize; set PYTHONVERBOSE for traceback:
ModuleNotFoundError: No module named 'wrapt'
V3GPU seed=1 start
14:50:41   adam     0  loss -6.45805e+06
14:50:41   adam    50  loss -7.03141e+06
14:50:41   adam   100  loss -6.85987e+06
14:50:41   adam   150  loss -6.88453e+06
14:50:41   adam   200  loss -6.85822e+06
14:50:41   adam   250  loss -7.00788e+06
14:50:41   v3 round 0: whittle -6.92867e+06
14:50:41   v3 round 1: whittle -6.9746e+06  move/cell 0.0612
14:50:41   v3 round 2: whittle -6.9782e+06  move/cell 0.0048
14:50:41   v3 round 3: whittle -6.97905e+06  move/cell 0.00112
14:50:41   v3 round 4: whittle -6.97955e+06  move/cell 0.000675
14:50:41   v3 round 5: whittle -6.97966e+06  move/cell 0.000144
14:50:41   v3 all-frames polish: whittle -6.97966e+06  gain/cell 1.94e-06
14:50:41 ('michaels_fly125_standby__flight_v3__s1', 'ok')
14:50:41 {
14:50:41  "n_units": 1,
14:50:41  "n_converged": 0,
14:50:41  "not_converged": [
14:50:41   "michaels_fly125_standby"
14:50:41  ],
14:50:41  "slowest_s": 159.3803997039795,
14:50:41  "fits": [
14:50:41   "results/noise_v3/fits/restarts/michaels_fly125_standby__flight_v3__s1.json"
14:50:41  ]
14:50:41 }
14:50:41 # wrote results/noise_v3/fits/findings.md
V3GPU seed=1 fit exit=0 fit_wall_s=165 total_wall_s=368
Error in sitecustomize; set PYTHONVERBOSE for traceback:
ModuleNotFoundError: No module named 'wrapt'
FIT_SUMMARY {"file": "results/noise_v3/fits/restarts/michaels_fly125_standby__flight_v3__s1.json", "git": "a7a6156c39092ce17f4a09e265dbf28c86a50787", "device": "cuda:0", "line_kernel": "unit_autocorr", "chunk_frames": 16, "lbfgs_rtol": 1e-05, "wall_s": 159.3803997039795, "peak_mem_mb": 1676.7763671875, "converged": false, "which_converged": "lbfgs", "alternation_converged": false, "rig_converged": true, "rounds_run": 5, "total_nats": -6943419.366832398, "whittle_nats": -6979661.374127995, "whittle_latents_zero_nats": -6928671.283039545, "rig_neg_log_prior_nats": 4683.178513644532, "ou_neg_log_prior_nats": 31558.828781953336, "n_cells": 749952, "total_per_cell": -9.258485032151922, "first_rig": {"adam_steps": 300, "lbfgs_frames": 64, "lbfgs_frames_used": 64, "lbfgs_stratified": true, "adam_wall_s": 48.16817021369934, "lbfgs_wall_s": 9.608670949935913, "lbfgs_evals": 4, "lbfgs_restart_evals": 3, "lbfgs_iters_used": 2, "lbfgs_restart_iters_used": 1, "lbfgs_loss_before": -6924297.981670909, "lbfgs_loss_first_pass": -6925213.76316947, "lbfgs_loss_after_restart": -6925259.244751951, "lbfgs_restart_gain_per_cell": 8.812620613312786e-05, "converged": true, "peak_mem_mb": null}, "last_rig": {"adam_steps": 0, "lbfgs_frames": null, "lbfgs_frames_used": 93, "lbfgs_stratified": true, "adam_wall_s": 1.9550323486328125e-05, "lbfgs_wall_s": 12.818752527236938, "lbfgs_evals": 3, "lbfgs_restart_evals": 3, "lbfgs_iters_used": 1, "lbfgs_restart_iters_used": 1, "lbfgs_loss_before": -6974976.742839336, "lbfgs_loss_first_pass": -6974977.632113435, "lbfgs_loss_after_restart": -6974978.195614351, "lbfgs_restart_gain_per_cell": 7.513826426944706e-07, "converged": true, "peak_mem_mb": null}, "history": [{"round": 0, "whittle_nats": -6928671.283039545, "rig_converged": true, "adam_s_per_step": 0.1605605673789978, "rig_lbfgs_evals": 7, "rig_lbfgs_iters": 2, "rig_lbfgs_restart_iters": 1, "rig_s_per_eval": 1.3726672785622733, "peak_mem_mb": 1617.36181640625, "wall_s": 67.16393423080444}, {"round": 1, "whittle_nats": -6974601.947674209, "whittle_move_per_cell": 0.06124480584712694, "rig_converged": true, "adam_s_per_step": null, "rig_lbfgs_evals": 6, "rig_lbfgs_iters": 1, "rig_lbfgs_restart_iters": 1, "rig_s_per_eval": 1.4642161130905151, "latent_evals": 109, "latent_s_per_eval": 0.022655611738152462, "latent_cache_s": 1.1546268463134766, "latent_wall_s": 3.657501697540283, "peak_mem_mb": 1676.75048828125, "latent_peak_mem_mb": 1634.90380859375, "wall_s": 15.139538049697876}, {"round": 2, "whittle_nats": -6978204.6646183515, "whittle_move_per_cell": 0.004803930043712457, "rig_converged": true, "adam_s_per_step": null, "rig_lbfgs_evals": 6, "rig_lbfgs_iters": 1, "rig_lbfgs_restart_iters": 1, "rig_s_per_eval": 1.4709099133809407, "latent_evals": 104, "latent_s_per_eval": 0.02278937055514409, "latent_cache_s": 1.1582183837890625, "latent_wall_s": 3.558776617050171, "peak_mem_mb": 1676.7763671875, "latent_peak_mem_mb": 1634.9296875, "wall_s": 15.089359998703003}, {"round": 3, "whittle_nats": -6979045.520209437, "whittle_move_per_cell": 0.0011212125457172452, "rig_converged": true, "adam_s_per_step": null, "rig_lbfgs_evals": 6, "rig_lbfgs_iters": 1, "rig_lbfgs_restart_iters": 1, "rig_s_per_eval": 1.4784857432047527, "latent_evals": 108, "latent_s_per_eval": 0.022882733080122206, "latent_cache_s": 1.1663181781768799, "latent_wall_s": 3.6685612201690674, "peak_mem_mb": 1676.7763671875, "latent_peak_mem_mb": 1634.9296875, "wall_s": 15.256855010986328}, {"round": 4, "whittle_nats": -6979552.09272763, "whittle_move_per_cell": 0.0006754732545458415, "rig_converged": true, "adam_s_per_step": null, "rig_lbfgs_evals": 6, "rig_lbfgs_iters": 1, "rig_lbfgs_restart_iters": 1, "rig_s_per_eval": 1.4799184799194336, "latent_evals": 106, "latent_s_per_eval": 0.022668928470251697, "latent_cache_s": 1.1719517707824707, "latent_wall_s": 3.6059203147888184, "peak_mem_mb": 1676.7763671875, "latent_peak_mem_mb": 1634.9296875, "wall_s": 15.20980715751648}, {"round": 5, "whittle_nats": -6979660.133331739, "whittle_move_per_cell": 0.00014406335886689352, "rig_converged": true, "adam_s_per_step": null, "rig_lbfgs_evals": 6, "rig_lbfgs_iters": 1, "rig_lbfgs_restart_iters": 1, "rig_s_per_eval": 1.475792407989502, "latent_evals": 106, "latent_s_per_eval": 0.022843055005343456, "latent_cache_s": 1.1719484329223633, "latent_wall_s": 3.6251285076141357, "peak_mem_mb": 1676.7763671875, "latent_peak_mem_mb": 1634.9296875, "wall_s": 15.18704080581665}], "polish": {"frames": 93, "subset_frames": 64, "loss_note": "Whittle - rig log prior on the FULL pool at the final latents", "loss_at_subset_optimum": -6974976.742839336, "loss_polished": -6974978.195614351, "gain_nats": 1.452775014564395, "gain_per_cell": 1.9371573308216993e-06, "whittle_at_subset_optimum": -6979660.133331739, "whittle_polished": -6979661.374127995, "rig_converged": true, "adam_s_per_step": null, "rig_lbfgs_evals": 6, "rig_lbfgs_iters": 1, "rig_lbfgs_restart_iters": 1, "rig_s_per_eval": 2.1364587545394897, "peak_mem_mb": 1664.66162109375, "wall_s": 16.318166255950928}, "front_end": {"sr": 16000, "n_fft": 2048, "hop": 512, "sr_work": 32000, "n_fft_work": 4096}, "latent_fit": {"windows": 3, "n_blocks": [8, 8, 8], "line_dtype": "torch.float64", "tracks": ["d", "u", "uj", "v"], "loss_before": -6947986.373847215, "loss_after": -6948102.149947917, "evals": 106, "cache_s": 1.1719484329223633, "s_per_eval": 0.022843055005343456, "wall_s": 3.624929189682007}, "sigma_nu": 0.30029460976378597, "gamma_median": 2.6700362439555105, "gamma_median_per_rotor": [1.5841, 2.5446, 4.4924, 2.3819], "gamma_max_per_rotor": [18.191, 11.217, 89.338, 12.56], "gamma_argmax_k_per_rotor": [108, 81, 128, 85], "gamma_over_50hz": 3, "gamma_shape": [4, 130], "amp_exp": 3.9552309739086273, "span_pins": [], "speed_span": 1.9278266197081828, "init_from": {"source": "results/noise_v2/rounds/round3/fits/michaels_fly125_standby__flight.json", "schema": "noise-v2-fit/2", "mode": "flight", "git": "58e895fb943207db1ba5124f24329822fadf39b9", "sites": ["amp_exp", "floor_exp", "floor_shape_z", "floor_static_rel", "gamma_hz", "profile_db", "sigma_nu"], "clipped": {"sigma_nu": 0, "gamma_hz": 180, "profile_db": 0, "amp_exp": 0, "floor_exp": 0, "floor_static_rel": 1, "floor_shape_z": 0}, "prior_box_quantiles": [0.001, 0.999], "floor_start": "v2 re-expressed", "objective_at_v2_floor": -6325922.701675446, "objective_at_measured_floor": -5037953.246885765, "objective_at_measured_start": -6621819.48484148, "not_v3_sites": {"lam": 0.5, "note": "lam is pinned in v3 flight; v2 mic gains are data-normalised"}}, "batch": {"grid": {"sr": 16000, "n_fft": 2048, "hop": 512, "sr_work": 32000, "n_fft_work": 4096}, "n_frames_total": 366, "n_frames_used": 93, "frame_stride": 4, "exposure_scale": 3.935483870967742, "carrier_min_rev_s": 20.930063247680664, "carrier_max_rev_s": 40.34953308105469, "speed_span": 1.9278266197081828, "channel_gains": {"gains_db": [0.02806923749999987, -6.5042584625, 1.0624115375, 2.3590115375, 5.0315015375000005, 2.4618615375, -0.5576684625000001, -3.8809284625000005], "source": "results/noise_v2/mic_gains/mic_gains.json", "rig": "michaels", "rule": "rank-one floor gain per channel on the 1/3-octave bands >= 500 Hz (rigs.<rig>.wind.excess_db_above_500hz), re-centred on the channels used; each channel's periodogram is divided by 10^(g/10)"}}}
Error in sitecustomize; set PYTHONVERBOSE for traceback:
ModuleNotFoundError: No module named 'wrapt'
V3GPU seed=2 start
14:53:31   adam     0  loss -6.34592e+06
14:53:31   adam    50  loss -6.81148e+06
14:53:31   adam   100  loss -6.87026e+06
14:53:31   adam   150  loss -7.07523e+06
14:53:31   adam   200  loss -6.93223e+06
14:53:31   adam   250  loss -7.01953e+06
14:53:31   v3 round 0: whittle -6.92805e+06
14:53:31   v3 round 1: whittle -6.97456e+06  move/cell 0.062
14:53:31   v3 round 2: whittle -6.97785e+06  move/cell 0.00439
14:53:31   v3 round 3: whittle -6.97905e+06  move/cell 0.00159
14:53:31   v3 round 4: whittle -6.97936e+06  move/cell 0.000416
14:53:31   v3 round 5: whittle -6.97957e+06  move/cell 0.000285
14:53:31   v3 all-frames polish: whittle -6.97957e+06  gain/cell 1.95e-06
14:53:31 ('michaels_fly125_standby__flight_v3__s2', 'ok')
14:53:31 {
14:53:31  "n_units": 1,
14:53:31  "n_converged": 0,
14:53:31  "not_converged": [
14:53:31   "michaels_fly125_standby"
14:53:31  ],
14:53:31  "slowest_s": 158.16920852661133,
14:53:31  "fits": [
14:53:31   "results/noise_v3/fits/restarts/michaels_fly125_standby__flight_v3__s2.json"
14:53:31  ]
14:53:31 }
14:53:31 # wrote results/noise_v3/fits/findings.md
V3GPU seed=2 fit exit=0 fit_wall_s=164 total_wall_s=538
Error in sitecustomize; set PYTHONVERBOSE for traceback:
ModuleNotFoundError: No module named 'wrapt'
FIT_SUMMARY {"file": "results/noise_v3/fits/restarts/michaels_fly125_standby__flight_v3__s2.json", "git": "a7a6156c39092ce17f4a09e265dbf28c86a50787", "device": "cuda:0", "line_kernel": "unit_autocorr", "chunk_frames": 16, "lbfgs_rtol": 1e-05, "wall_s": 158.16920852661133, "peak_mem_mb": 1676.7763671875, "converged": false, "which_converged": "lbfgs", "alternation_converged": false, "rig_converged": true, "rounds_run": 5, "total_nats": -6943448.212079936, "whittle_nats": -6979574.387325643, "whittle_latents_zero_nats": -6928046.934974842, "rig_neg_log_prior_nats": 4589.635612040424, "ou_neg_log_prior_nats": 31536.539633665987, "n_cells": 749952, "total_per_cell": -9.25852349494359, "first_rig": {"adam_steps": 300, "lbfgs_frames": 64, "lbfgs_frames_used": 64, "lbfgs_stratified": true, "adam_wall_s": 48.21196389198303, "lbfgs_wall_s": 8.486193418502808, "lbfgs_evals": 3, "lbfgs_restart_evals": 3, "lbfgs_iters_used": 1, "lbfgs_restart_iters_used": 1, "lbfgs_loss_before": -6924629.733139425, "lbfgs_loss_first_pass": -6924679.767598223, "lbfgs_loss_after_restart": -6924685.17637193, "lbfgs_restart_gain_per_cell": 1.0480169788616688e-05, "converged": true, "peak_mem_mb": null}, "last_rig": {"adam_steps": 0, "lbfgs_frames": null, "lbfgs_frames_used": 93, "lbfgs_stratified": true, "adam_wall_s": 1.5974044799804688e-05, "lbfgs_wall_s": 12.857452392578125, "lbfgs_evals": 3, "lbfgs_restart_evals": 3, "lbfgs_iters_used": 1, "lbfgs_restart_iters_used": 1, "lbfgs_loss_before": -6974983.287170497, "lbfgs_loss_first_pass": -6974984.191657065, "lbfgs_loss_after_restart": -6974984.751713603, "lbfgs_restart_gain_per_cell": 7.467898444030488e-07, "converged": true, "peak_mem_mb": null}, "history": [{"round": 0, "whittle_nats": -6928046.934974842, "rig_converged": true, "adam_s_per_step": 0.1607065463066101, "rig_lbfgs_evals": 6, "rig_lbfgs_iters": 1, "rig_lbfgs_restart_iters": 1, "rig_s_per_eval": 1.414365569750468, "peak_mem_mb": 1617.35302734375, "wall_s": 66.06776762008667}, {"round": 1, "whittle_nats": -6974564.27382648, "whittle_move_per_cell": 0.06202708820249581, "rig_converged": true, "adam_s_per_step": null, "rig_lbfgs_evals": 6, "rig_lbfgs_iters": 1, "rig_lbfgs_restart_iters": 1, "rig_s_per_eval": 1.465563217798869, "latent_evals": 106, "latent_s_per_eval": 0.022845542655800872, "latent_cache_s": 1.1590368747711182, "latent_wall_s": 3.6142823696136475, "peak_mem_mb": 1676.75048828125, "latent_peak_mem_mb": 1634.90380859375, "wall_s": 15.105288743972778}, {"round": 2, "whittle_nats": -6977853.973342157, "whittle_move_per_cell": 0.0043865467598953765, "rig_converged": true, "adam_s_per_step": null, "rig_lbfgs_evals": 6, "rig_lbfgs_iters": 1, "rig_lbfgs_restart_iters": 1, "rig_s_per_eval": 1.468481421470642, "latent_evals": 102, "latent_s_per_eval": 0.022902540132111193, "latent_cache_s": 1.1597239971160889, "latent_wall_s": 3.5271549224853516, "peak_mem_mb": 1676.7763671875, "latent_peak_mem_mb": 1634.9296875, "wall_s": 15.04061770439148}, {"round": 3, "whittle_nats": -6979047.65550342, "whittle_move_per_cell": 0.0015916780824148614, "rig_converged": true, "adam_s_per_step": null, "rig_lbfgs_evals": 6, "rig_lbfgs_iters": 1, "rig_lbfgs_restart_iters": 1, "rig_s_per_eval": 1.48102871576945, "latent_evals": 105, "latent_s_per_eval": 0.022683502378917877, "latent_cache_s": 1.1645708084106445, "latent_wall_s": 3.57863187789917, "peak_mem_mb": 1676.7763671875, "latent_peak_mem_mb": 1634.9296875, "wall_s": 15.183139324188232}, {"round": 4, "whittle_nats": -6979359.742301042, "whittle_move_per_cell": 0.00041614236327395946, "rig_converged": true, "adam_s_per_step": null, "rig_lbfgs_evals": 6, "rig_lbfgs_iters": 1, "rig_lbfgs_restart_iters": 1, "rig_s_per_eval": 1.4819424947102864, "latent_evals": 105, "latent_s_per_eval": 0.022745636531284877, "latent_cache_s": 1.169297695159912, "latent_wall_s": 3.589317560195923, "peak_mem_mb": 1676.7763671875, "latent_peak_mem_mb": 1634.9296875, "wall_s": 15.20560884475708}, {"round": 5, "whittle_nats": -6979573.139947783, "whittle_move_per_cell": 0.0002845484067527125, "rig_converged": true, "adam_s_per_step": null, "rig_lbfgs_evals": 6, "rig_lbfgs_iters": 1, "rig_lbfgs_restart_iters": 1, "rig_s_per_eval": 1.4798158009847004, "latent_evals": 106, "latent_s_per_eval": 0.02254203130614083, "latent_cache_s": 1.1712899208068848, "latent_wall_s": 3.5919957160949707, "peak_mem_mb": 1676.7763671875, "latent_peak_mem_mb": 1634.9296875, "wall_s": 15.188339233398438}], "polish": {"frames": 93, "subset_frames": 64, "loss_note": "Whittle - rig log prior on the FULL pool at the final latents", "loss_at_subset_optimum": -6974983.287170497, "loss_polished": -6974984.751713603, "gain_nats": 1.464543106034398, "gain_per_cell": 1.9528491237231156e-06, "whittle_at_subset_optimum": -6979573.139947783, "whittle_polished": -6979574.387325643, "rig_converged": true, "adam_s_per_step": null, "rig_lbfgs_evals": 6, "rig_lbfgs_iters": 1, "rig_lbfgs_restart_iters": 1, "rig_s_per_eval": 2.142908732096354, "peak_mem_mb": 1664.66162109375, "wall_s": 16.362346172332764}, "front_end": {"sr": 16000, "n_fft": 2048, "hop": 512, "sr_work": 32000, "n_fft_work": 4096}, "latent_fit": {"windows": 3, "n_blocks": [8, 8, 8], "line_dtype": "torch.float64", "tracks": ["d", "u", "uj", "v"], "loss_before": -6947915.278436255, "loss_after": -6948036.447665361, "evals": 106, "cache_s": 1.1712899208068848, "s_per_eval": 0.02254203130614083, "wall_s": 3.591745615005493}, "sigma_nu": 0.34782734886755745, "gamma_median": 2.261692220675531, "gamma_median_per_rotor": [1.3591, 2.2597, 3.8432, 2.0361], "gamma_max_per_rotor": [17.273, 10.568, 86.44, 12.439], "gamma_argmax_k_per_rotor": [108, 51, 128, 85], "gamma_over_50hz": 3, "gamma_shape": [4, 130], "amp_exp": 3.9552112833668653, "span_pins": [], "speed_span": 1.9278266197081828, "init_from": {"source": "results/noise_v2/rounds/round3/fits/michaels_fly125_standby__flight.json", "schema": "noise-v2-fit/2", "mode": "flight", "git": "58e895fb943207db1ba5124f24329822fadf39b9", "sites": ["amp_exp", "floor_exp", "floor_shape_z", "floor_static_rel", "gamma_hz", "profile_db", "sigma_nu"], "clipped": {"sigma_nu": 0, "gamma_hz": 180, "profile_db": 0, "amp_exp": 0, "floor_exp": 0, "floor_static_rel": 1, "floor_shape_z": 0}, "prior_box_quantiles": [0.001, 0.999], "floor_start": "v2 re-expressed", "objective_at_v2_floor": -6325922.701675446, "objective_at_measured_floor": -5037953.246885765, "objective_at_measured_start": -6621819.48484148, "not_v3_sites": {"lam": 0.5, "note": "lam is pinned in v3 flight; v2 mic gains are data-normalised"}}, "batch": {"grid": {"sr": 16000, "n_fft": 2048, "hop": 512, "sr_work": 32000, "n_fft_work": 4096}, "n_frames_total": 366, "n_frames_used": 93, "frame_stride": 4, "exposure_scale": 3.935483870967742, "carrier_min_rev_s": 20.930063247680664, "carrier_max_rev_s": 40.34953308105469, "speed_span": 1.9278266197081828, "channel_gains": {"gains_db": [0.02806923749999987, -6.5042584625, 1.0624115375, 2.3590115375, 5.0315015375000005, 2.4618615375, -0.5576684625000001, -3.8809284625000005], "source": "results/noise_v2/mic_gains/mic_gains.json", "rig": "michaels", "rule": "rank-one floor gain per channel on the 1/3-octave bands >= 500 Hz (rigs.<rig>.wind.excess_db_above_500hz), re-centred on the channels used; each channel's periodogram is divided by 10^(g/10)"}}}
Error in sitecustomize; set PYTHONVERBOSE for traceback:
ModuleNotFoundError: No module named 'wrapt'
V3GPU seed=3 start
14:56:24   adam     0  loss -6.4498e+06
14:56:24   adam    50  loss -6.87484e+06
14:56:24   adam   100  loss -6.855e+06
14:56:24   adam   150  loss -6.88585e+06
14:56:24   adam   200  loss -6.87895e+06
14:56:24   adam   250  loss -6.84722e+06
14:56:24   v3 round 0: whittle -6.9286e+06
14:56:24   v3 round 1: whittle -6.97477e+06  move/cell 0.0616
14:56:24   v3 round 2: whittle -6.97815e+06  move/cell 0.00451
14:56:24   v3 round 3: whittle -6.97906e+06  move/cell 0.00122
14:56:24   v3 round 4: whittle -6.9795e+06  move/cell 0.00058
14:56:24   v3 round 5: whittle -6.97965e+06  move/cell 0.000205
14:56:24   v3 all-frames polish: whittle -6.97965e+06  gain/cell 1.61e-06
14:56:24 ('michaels_fly125_standby__flight_v3__s3', 'ok')
14:56:24 {
14:56:24  "n_units": 1,
14:56:24  "n_converged": 0,
14:56:24  "not_converged": [
14:56:24   "michaels_fly125_standby"
14:56:24  ],
14:56:24  "slowest_s": 162.67162823677063,
14:56:24  "fits": [
14:56:24   "results/noise_v3/fits/restarts/michaels_fly125_standby__flight_v3__s3.json"
14:56:24  ]
14:56:24 }
14:56:24 # wrote results/noise_v3/fits/findings.md
V3GPU seed=3 fit exit=0 fit_wall_s=168 total_wall_s=711
Error in sitecustomize; set PYTHONVERBOSE for traceback:
ModuleNotFoundError: No module named 'wrapt'
FIT_SUMMARY {"file": "results/noise_v3/fits/restarts/michaels_fly125_standby__flight_v3__s3.json", "git": "a7a6156c39092ce17f4a09e265dbf28c86a50787", "device": "cuda:0", "line_kernel": "unit_autocorr", "chunk_frames": 16, "lbfgs_rtol": 1e-05, "wall_s": 162.67162823677063, "peak_mem_mb": 1676.7763671875, "converged": false, "which_converged": "lbfgs", "alternation_converged": false, "rig_converged": true, "rounds_run": 5, "total_nats": -6943361.745998064, "whittle_nats": -6979650.865984626, "whittle_latents_zero_nats": -6928602.377073426, "rig_neg_log_prior_nats": 4750.734475459846, "ou_neg_log_prior_nats": 31538.38551110181, "n_cells": 749952, "total_per_cell": -9.258408199455518, "first_rig": {"adam_steps": 300, "lbfgs_frames": 64, "lbfgs_frames_used": 64, "lbfgs_stratified": true, "adam_wall_s": 48.18717312812805, "lbfgs_wall_s": 13.022350788116455, "lbfgs_evals": 7, "lbfgs_restart_evals": 3, "lbfgs_iters_used": 3, "lbfgs_restart_iters_used": 1, "lbfgs_loss_before": -6924572.900622384, "lbfgs_loss_first_pass": -6925068.808698058, "lbfgs_loss_after_restart": -6925111.455789508, "lbfgs_restart_gain_per_cell": 8.263402826251256e-05, "converged": true, "peak_mem_mb": null}, "last_rig": {"adam_steps": 0, "lbfgs_frames": null, "lbfgs_frames_used": 93, "lbfgs_stratified": true, "adam_wall_s": 1.7642974853515625e-05, "lbfgs_wall_s": 12.86347484588623, "lbfgs_evals": 3, "lbfgs_restart_evals": 3, "lbfgs_iters_used": 1, "lbfgs_restart_iters_used": 1, "lbfgs_loss_before": -6974898.922901987, "lbfgs_loss_first_pass": -6974899.705436314, "lbfgs_loss_after_restart": -6974900.131509166, "lbfgs_restart_gain_per_cell": 5.681334962167245e-07, "converged": true, "peak_mem_mb": null}, "history": [{"round": 0, "whittle_nats": -6928602.377073426, "rig_converged": true, "adam_s_per_step": 0.1606239104270935, "rig_lbfgs_evals": 10, "rig_lbfgs_iters": 3, "rig_lbfgs_restart_iters": 1, "rig_s_per_eval": 1.3022350788116455, "peak_mem_mb": 1617.37939453125, "wall_s": 70.60246348381042}, {"round": 1, "whittle_nats": -6974769.621790661, "whittle_move_per_cell": 0.06156026614667971, "rig_converged": true, "adam_s_per_step": null, "rig_lbfgs_evals": 6, "rig_lbfgs_iters": 1, "rig_lbfgs_restart_iters": 1, "rig_s_per_eval": 1.4654398361841838, "latent_evals": 107, "latent_s_per_eval": 0.022627387091378185, "latent_cache_s": 1.1563265323638916, "latent_wall_s": 3.611355781555176, "peak_mem_mb": 1676.75048828125, "latent_peak_mem_mb": 1634.90380859375, "wall_s": 15.097402572631836}, {"round": 2, "whittle_nats": -6978148.86037216, "whittle_move_per_cell": 0.0045059398221473975, "rig_converged": true, "adam_s_per_step": null, "rig_lbfgs_evals": 6, "rig_lbfgs_iters": 1, "rig_lbfgs_restart_iters": 1, "rig_s_per_eval": 1.4711602131525676, "latent_evals": 103, "latent_s_per_eval": 0.023069189590157815, "latent_cache_s": 1.1574475765228271, "latent_wall_s": 3.565209150314331, "peak_mem_mb": 1676.7763671875, "latent_peak_mem_mb": 1634.9296875, "wall_s": 15.1002197265625}, {"round": 3, "whittle_nats": -6979061.105765369, "whittle_move_per_cell": 0.0012164050408681613, "rig_converged": true, "adam_s_per_step": null, "rig_lbfgs_evals": 6, "rig_lbfgs_iters": 1, "rig_lbfgs_restart_iters": 1, "rig_s_per_eval": 1.4788987239201863, "latent_evals": 104, "latent_s_per_eval": 0.022732840134547308, "latent_cache_s": 1.1657545566558838, "latent_wall_s": 3.5621516704559326, "peak_mem_mb": 1676.7763671875, "latent_peak_mem_mb": 1634.9296875, "wall_s": 15.162340641021729}, {"round": 4, "whittle_nats": -6979496.228234788, "whittle_move_per_cell": 0.0005802004253867094, "rig_converged": true, "adam_s_per_step": null, "rig_lbfgs_evals": 6, "rig_lbfgs_iters": 1, "rig_lbfgs_restart_iters": 1, "rig_s_per_eval": 1.482730229695638, "latent_evals": 103, "latent_s_per_eval": 0.02293305489623431, "latent_cache_s": 1.172243356704712, "latent_wall_s": 3.5661284923553467, "peak_mem_mb": 1676.7763671875, "latent_peak_mem_mb": 1634.9296875, "wall_s": 15.185290813446045}, {"round": 5, "whittle_nats": -6979649.891703253, "whittle_move_per_cell": 0.00020489773807427365, "rig_converged": true, "adam_s_per_step": null, "rig_lbfgs_evals": 6, "rig_lbfgs_iters": 1, "rig_lbfgs_restart_iters": 1, "rig_s_per_eval": 1.4782159725824993, "latent_evals": 103, "latent_s_per_eval": 0.022871228097711954, "latent_cache_s": 1.1699633598327637, "latent_wall_s": 3.5568723678588867, "peak_mem_mb": 1676.7763671875, "latent_peak_mem_mb": 1634.9296875, "wall_s": 15.14530062675476}], "polish": {"frames": 93, "subset_frames": 64, "loss_note": "Whittle - rig log prior on the FULL pool at the final latents", "loss_at_subset_optimum": -6974898.922901987, "loss_polished": -6974900.131509166, "gain_nats": 1.2086071791127324, "gain_per_cell": 1.61157937989729e-06, "whittle_at_subset_optimum": -6979649.891703253, "whittle_polished": -6979650.865984626, "rig_converged": true, "adam_s_per_step": null, "rig_lbfgs_evals": 6, "rig_lbfgs_iters": 1, "rig_lbfgs_restart_iters": 1, "rig_s_per_eval": 2.1439124743143716, "peak_mem_mb": 1664.66162109375, "wall_s": 16.36223268508911}, "front_end": {"sr": 16000, "n_fft": 2048, "hop": 512, "sr_work": 32000, "n_fft_work": 4096}, "latent_fit": {"windows": 3, "n_blocks": [8, 8, 8], "line_dtype": "torch.float64", "tracks": ["d", "u", "uj", "v"], "loss_before": -6947994.59922027, "loss_after": -6948111.513625076, "evals": 103, "cache_s": 1.1699633598327637, "s_per_eval": 0.022871228097711954, "wall_s": 3.556657075881958}, "sigma_nu": 0.3204359097218585, "gamma_median": 2.474308269648419, "gamma_median_per_rotor": [1.4677, 2.2677, 3.726, 2.2221], "gamma_max_per_rotor": [17.236, 11.228, 87.374, 11.935], "gamma_argmax_k_per_rotor": [126, 51, 128, 85], "gamma_over_50hz": 3, "gamma_shape": [4, 130], "amp_exp": 3.9251059590864585, "span_pins": [], "speed_span": 1.9278266197081828, "init_from": {"source": "results/noise_v2/rounds/round3/fits/michaels_fly125_standby__flight.json", "schema": "noise-v2-fit/2", "mode": "flight", "git": "58e895fb943207db1ba5124f24329822fadf39b9", "sites": ["amp_exp", "floor_exp", "floor_shape_z", "floor_static_rel", "gamma_hz", "profile_db", "sigma_nu"], "clipped": {"sigma_nu": 0, "gamma_hz": 180, "profile_db": 0, "amp_exp": 0, "floor_exp": 0, "floor_static_rel": 1, "floor_shape_z": 0}, "prior_box_quantiles": [0.001, 0.999], "floor_start": "v2 re-expressed", "objective_at_v2_floor": -6325922.701675446, "objective_at_measured_floor": -5037953.246885765, "objective_at_measured_start": -6621819.48484148, "not_v3_sites": {"lam": 0.5, "note": "lam is pinned in v3 flight; v2 mic gains are data-normalised"}}, "batch": {"grid": {"sr": 16000, "n_fft": 2048, "hop": 512, "sr_work": 32000, "n_fft_work": 4096}, "n_frames_total": 366, "n_frames_used": 93, "frame_stride": 4, "exposure_scale": 3.935483870967742, "carrier_min_rev_s": 20.930063247680664, "carrier_max_rev_s": 40.34953308105469, "speed_span": 1.9278266197081828, "channel_gains": {"gains_db": [0.02806923749999987, -6.5042584625, 1.0624115375, 2.3590115375, 5.0315015375000005, 2.4618615375, -0.5576684625000001, -3.8809284625000005], "source": "results/noise_v2/mic_gains/mic_gains.json", "rig": "michaels", "rule": "rank-one floor gain per channel on the 1/3-octave bands >= 500 Hz (rigs.<rig>.wind.excess_db_above_500hz), re-centred on the channels used; each channel's periodogram is divided by 10^(g/10)"}}}
Error in sitecustomize; set PYTHONVERBOSE for traceback:
ModuleNotFoundError: No module named 'wrapt'
