  rendered dregon dregon_cruise_narrow v3 s2001 (10 s)
  rendered dregon dregon_cruise_narrow v3 s2002 (10 s)
  rendered dregon dregon_cruise_narrow v3 s2003 (10 s)
  rendered dregon dregon_cruise_narrow v3 s2004 (10 s)
  rendered dregon dregon_cruise_narrow v2 s2001 (17 s)
  rendered dregon dregon_cruise_narrow v2 s2002 (17 s)
  rendered dregon dregon_cruise_narrow v2 s2003 (17 s)
  rendered dregon dregon_cruise_narrow v2 s2004 (17 s)
  rendered dregon dregon_cruise_wide v3 s2001 (10 s)
  rendered dregon dregon_cruise_wide v3 s2002 (10 s)
  rendered dregon dregon_cruise_wide v3 s2003 (10 s)
  rendered dregon dregon_cruise_wide v3 s2004 (10 s)
  rendered dregon dregon_cruise_wide v2 s2001 (16 s)
  rendered dregon dregon_cruise_wide v2 s2002 (16 s)
  rendered dregon dregon_cruise_wide v2 s2003 (16 s)
  rendered dregon dregon_cruise_wide v2 s2004 (16 s)
  rendered michaels_cruise michaels_cruise_narrow v3 s2001 (9 s)
  rendered michaels_cruise michaels_cruise_narrow v3 s2002 (10 s)
  rendered michaels_cruise michaels_cruise_narrow v3 s2003 (9 s)
  rendered michaels_cruise michaels_cruise_narrow v3 s2004 (9 s)
  rendered michaels_cruise michaels_cruise_narrow v2 s2001 (15 s)
  rendered michaels_cruise michaels_cruise_narrow v2 s2002 (15 s)
  rendered michaels_cruise michaels_cruise_narrow v2 s2003 (16 s)
  rendered michaels_cruise michaels_cruise_narrow v2 s2004 (15 s)
  rendered michaels_cruise michaels_cruise_wide v3 s2001 (9 s)
  rendered michaels_cruise michaels_cruise_wide v3 s2002 (9 s)
  rendered michaels_cruise michaels_cruise_wide v3 s2003 (9 s)
  rendered michaels_cruise michaels_cruise_wide v3 s2004 (9 s)
  rendered michaels_cruise michaels_cruise_wide v2 s2001 (15 s)
  rendered michaels_cruise michaels_cruise_wide v2 s2002 (14 s)
  rendered michaels_cruise michaels_cruise_wide v2 s2003 (14 s)
  rendered michaels_cruise michaels_cruise_wide v2 s2004 (14 s)
  rendered michaels_standby michaels_standby_narrow v3 s2001 (6 s)
  rendered michaels_standby michaels_standby_narrow v3 s2002 (6 s)
  rendered michaels_standby michaels_standby_narrow v3 s2003 (7 s)
  rendered michaels_standby michaels_standby_narrow v3 s2004 (7 s)
  rendered michaels_standby michaels_standby_narrow v2 s2001 (10 s)
  rendered michaels_standby michaels_standby_narrow v2 s2002 (10 s)
  rendered michaels_standby michaels_standby_narrow v2 s2003 (10 s)
  rendered michaels_standby michaels_standby_narrow v2 s2004 (11 s)
  rendered michaels_standby michaels_standby_wide v3 s2001 (6 s)
  rendered michaels_standby michaels_standby_wide v3 s2002 (7 s)
  rendered michaels_standby michaels_standby_wide v3 s2003 (7 s)
  rendered michaels_standby michaels_standby_wide v3 s2004 (7 s)
  rendered michaels_standby michaels_standby_wide v2 s2001 (11 s)
  rendered michaels_standby michaels_standby_wide v2 s2002 (11 s)
  rendered michaels_standby michaels_standby_wide v2 s2003 (11 s)
  rendered michaels_standby michaels_standby_wide v2 s2004 (11 s)
/gpfs/scratch/acw592/omnirun/projects/harmonic-noise-suppression/.trees/ffb61244a092/scripts/noise_v3_checks.py:1259: RuntimeWarning: All-NaN slice encountered
  wmed = np.nanmedian(np.asarray(ws, dtype=np.float64), axis=0)
/gpfs/scratch/acw592/omnirun/projects/harmonic-noise-suppression/.trees/ffb61244a092/scripts/noise_v3_checks.py:1260: RuntimeWarning: All-NaN slice encountered
  pmed = np.nanmedian(np.asarray(pk, dtype=np.float64), axis=0)
# rendered done in 570 s; wrote results/noise_v3/checks_r3b/findings.md
