NV3R4PLAINBANK preset=hard sha=8638252fe285 host=ddy81 nproc=1
building the v3r4plain hard bank: 2048 draws at strength 3 (the first ladder setting reaching 90% above 300 Hz), seed 20260921
  128/2048 draws
  256/2048 draws
  384/2048 draws
  512/2048 draws
  640/2048 draws
  768/2048 draws
  896/2048 draws
  1024/2048 draws
  1152/2048 draws
  1280/2048 draws
  1408/2048 draws
  1536/2048 draws
  1664/2048 draws
  1792/2048 draws
  1920/2048 draws
  2048/2048 draws

results/noise_v3r4plain/rig_sampler/banks/noise_v3r4plain_hard_n2048.json  (30.0 MB, sha256 f084a3993d986b4a)
  preset hard / mode path, strength 3, 2048 entries, seed 20260921
  digest 40fdbaa2468e77a2
  acceptance: 1.754 attempts per entry, 57.6% first try, 1545 draws rejected (43.0%)
  guards fired: {'gamma_excursion': 723, 'ltas': 867, 'trend_falls': 196}
  mixing coordinate: mean 0.501, KS 0.0166 against the 95% threshold 0.0300 (passes); deciles [233, 194, 186, 214, 196, 197, 191, 213, 192, 232]
  standby slot carried by 50.2% of entries
  orders dropped: dregon 7, michaels 0
  coverage of the real windows: dregon 98.5% above 300 Hz (98.1% all bands), michaels 99.0% above 300 Hz (98.8% all bands)
  self-check: 8 entries rendered one at a time for 2 s, 4 of them also on a standby-speed window; cruise RMS 0.0297-0.1063; 1028 per-regime entries in the bank, traj rigs ['None']
    [  455] v3r4plain_path_s3_00455 t=0.000 cruise-only: cruise 67.3-86.9 rev/s, RMS 0.0319
    [ 1271] v3r4plain_path_s3_01271 t=0.130 cruise-only: cruise 67.3-86.9 rev/s, RMS 0.0315
    [ 1974] v3r4plain_path_s3_01974 t=0.284 cruise-only: cruise 67.3-86.9 rev/s, RMS 0.0335
    [ 1541] v3r4plain_path_s3_01541 t=0.420 cruise-only: cruise 67.3-86.9 rev/s, RMS 0.0297
    [ 1072] v3r4plain_path_s3_01072 t=0.577 per-regime: cruise 67.3-86.9 rev/s, RMS 0.0475 | standby 23.6-30.4 rev/s, blend 0.00, RMS 0.0253
    [ 1727] v3r4plain_path_s3_01727 t=0.730 per-regime: cruise 67.3-86.9 rev/s, RMS 0.0535 | standby 23.6-30.4 rev/s, blend 0.00, RMS 0.0189
    [  463] v3r4plain_path_s3_00463 t=0.867 per-regime: cruise 67.3-86.9 rev/s, RMS 0.0494 | standby 23.6-30.4 rev/s, blend 0.00, RMS 0.0162
    [ 1825] v3r4plain_path_s3_01825 t=0.023 per-regime: cruise 67.3-86.9 rev/s, RMS 0.1063 | standby 23.6-30.4 rev/s, blend 0.00, RMS 0.0304
  wall 206.1 s (14 workers)
  report results/noise_v3r4plain/rig_sampler/build_hard.json
NV3R4PLAINBANK_DONE exit=0 wall_s=218
