V3R3 job=nv3r3a-standby-e3cc0a dest=s3://omnirun-artifacts/nv3r3a-standby-e3cc0a/outputs/results/noise_v3/fits_r3a sha=84509baa8765 host=70c9e8f84ec2 nproc=128
name, memory.total [MiB], driver_version
NVIDIA A100-SXM4-40GB, 40960 MiB, 580.159.03
V3R3 torch 2.7.0+cu126 cuda True NVIDIA A100-SXM4-40GB
V3R3 spec: set=michaels-standby name=michaels_fly125_standby wander=results/noise_v3/wander/michaels.json extra='' init=results/noise_v2/rounds/round3/fits/michaels_fly125_standby__flight.json sched='--ridge-step --lbfgs-rtol 0 --rounds 20 --lbfgs-frames 64 --lbfgs-iters 150' seeds='0 1 2 3' parallel=1
  flight_michaels_FLY125@10.000+4_rps_refined: 8x122x1025 4.000 s carriers [30.986261, 34.543646, 40.148095, 36.542121] pass=True
built 3/3 supports; wrote /tmp/supports_michaels_fly125_standby/index.json and /tmp/supports_michaels_fly125_standby/findings.md
V3R3 build exit=0 wall_s=17
V3R3 seed=0 start
V3R3 seed=1 start
V3R3 seed=2 start
V3R3 seed=3 start
V3R3 seed=3 fit exit=0 fit_wall_s=2265 total_wall_s=2342
01:35:37  ]
01:35:37 }
01:35:37 # wrote results/noise_v3/fits_r3a/findings.md
FIT_SUMMARY {"file": "results/noise_v3/fits_r3a/restarts/michaels_fly125_standby__flight_v3__s3.json", "git": "84509baa8765238380b81fdaf7629915ed3d0bb3", "device": "cuda:0", "line_kernel": "unit_autocorr", "chunk_frames": 16, "lbfgs_rtol": null, "wall_s": 2259.672702550888, "peak_mem_mb": 1676.9658203125, "converged": true, "which_converged": "alternation+lbfgs", "alternation_converged": true, "rig_converged": true, "rounds_run": 8, "total_nats": -6946998.401485809, "whittle_nats": -6981052.628444662, "whittle_latents_zero_nats": -6939578.743263667, "rig_neg_log_prior_nats": 2804.7135896798322, "ou_neg_log_prior_nats": 31249.51336917372, "n_cells": 749952, "total_per_cell": -9.263257383786975, "first_rig": {"adam_steps": 300, "lbfgs_frames": 64, "lbfgs_frames_used": 64, "lbfgs_stratified": true, "adam_wall_s": 64.25206923484802, "lbfgs_wall_s": 188.47941327095032, "lbfgs_evals": 183, "lbfgs_restart_evals": 87, "lbfgs_iters_used": 150, "lbfgs_restart_iters_used": 75, "lbfgs_loss_before": -6924572.900622375, "lbfgs_loss_first_pass": -6937397.746591491, "lbfgs_loss_after_restart": -6938019.997923901, "lbfgs_restart_gain_per_cell": 0.0012056891206492807, "converged": false, "peak_mem_mb": null}, "last_rig": {"adam_steps": 0, "lbfgs_frames": null, "lbfgs_frames_used": 93, "lbfgs_stratified": true, "adam_wall_s": 5.054473876953125e-05, "lbfgs_wall_s": 282.4743905067444, "lbfgs_evals": 175, "lbfgs_restart_evals": 87, "lbfgs_iters_used": 150, "lbfgs_restart_iters_used": 75, "lbfgs_loss_before": -6977824.260973253, "lbfgs_loss_first_pass": -6978215.262743249, "lbfgs_loss_after_restart": -6978247.868710115, "lbfgs_restart_gain_per_cell": 4.3477405041944535e-05, "converged": true, "peak_mem_mb": null}, "history": [{"round": 0, "whittle_nats": -6939578.743263667, "rig_converged": false, "adam_s_per_step": 0.21417356411616006, "rig_lbfgs_evals": 270, "rig_lbfgs_iters": 150, "rig_lbfgs_restart_iters": 75, "rig_s_per_eval": 0.6980719010035197, "peak_mem_mb": 1617.53857421875, "wall_s": 256.87648367881775}, {"round": 1, "whittle_nats": -6974245.530522038, "whittle_move_per_cell": 0.046225341433012754, "rig_converged": false, "adam_s_per_step": null, "rig_lbfgs_evals": 257, "rig_lbfgs_iters": 150, "rig_lbfgs_restart_iters": 75, "rig_s_per_eval": 0.7368224251594989, "latent_evals": 107, "latent_s_per_eval": 0.17483092468475628, "latent_cache_s": 0.23532414436340332, "latent_wall_s": 19.17417860031128, "peak_mem_mb": 1676.93994140625, "latent_peak_mem_mb": 1634.90380859375, "wall_s": 210.65864944458008}, {"round": 2, "whittle_nats": -6978295.8972885795, "whittle_move_per_cell": 0.0054008346754742505, "rig_converged": false, "adam_s_per_step": null, "rig_lbfgs_evals": 263, "rig_lbfgs_iters": 150, "rig_lbfgs_restart_iters": 75, "rig_s_per_eval": 0.7414943319763068, "latent_evals": 105, "latent_s_per_eval": 0.1668612866174607, "latent_cache_s": 0.2796051502227783, "latent_wall_s": 18.01637315750122, "peak_mem_mb": 1676.9658203125, "latent_peak_mem_mb": 1634.9345703125, "wall_s": 215.17186093330383}, {"round": 3, "whittle_nats": -6979467.518948926, "whittle_move_per_cell": 0.0015622621985755959, "rig_converged": false, "adam_s_per_step": null, "rig_lbfgs_evals": 262, "rig_lbfgs_iters": 150, "rig_lbfgs_restart_iters": 75, "rig_s_per_eval": 0.743028714456631, "latent_evals": 102, "latent_s_per_eval": 0.1758927901585897, "latent_cache_s": 0.2587409019470215, "latent_wall_s": 18.41180992126465, "peak_mem_mb": 1676.9658203125, "latent_peak_mem_mb": 1634.94091796875, "wall_s": 215.33036017417908}, {"round": 4, "whittle_nats": -6980036.882423815, "whittle_move_per_cell": 0.0007591998886457512, "rig_converged": false, "adam_s_per_step": null, "rig_lbfgs_evals": 265, "rig_lbfgs_iters": 150, "rig_lbfgs_restart_iters": 75, "rig_s_per_eval": 0.7436726831040292, "latent_evals": 105, "latent_s_per_eval": 0.16960660162426178, "latent_cache_s": 0.21709299087524414, "latent_wall_s": 18.23466181755066, "peak_mem_mb": 1676.9658203125, "latent_peak_mem_mb": 1634.94091796875, "wall_s": 217.46638226509094}, {"round": 5, "whittle_nats": -6980311.015059319, "whittle_move_per_cell": 0.0003655335748207983, "rig_converged": false, "adam_s_per_step": null, "rig_lbfgs_evals": 265, "rig_lbfgs_iters": 150, "rig_lbfgs_restart_iters": 75, "rig_s_per_eval": 0.7434161995941738, "latent_evals": 106, "latent_s_per_eval": 0.1679512622221461, "latent_cache_s": 0.2773439884185791, "latent_wall_s": 18.24506115913391, "peak_mem_mb": 1676.9658203125, "latent_peak_mem_mb": 1634.94091796875, "wall_s": 217.3647005558014}, {"round": 6, "whittle_nats": -6980619.02981941, "whittle_move_per_cell": 0.0004107126323964327, "rig_converged": false, "adam_s_per_step": null, "rig_lbfgs_evals": 264, "rig_lbfgs_iters": 150, "rig_lbfgs_restart_iters": 75, "rig_s_per_eval": 0.7427701173406659, "latent_evals": 106, "latent_s_per_eval": 0.16670805103373978, "latent_cache_s": 0.2395014762878418, "latent_wall_s": 18.124572038650513, "peak_mem_mb": 1676.9658203125, "latent_peak_mem_mb": 1634.94091796875, "wall_s": 216.3509750366211}, {"round": 7, "whittle_nats": -6980753.926755348, "whittle_move_per_cell": 0.00017987409319253255, "rig_converged": false, "adam_s_per_step": null, "rig_lbfgs_evals": 261, "rig_lbfgs_iters": 150, "rig_lbfgs_restart_iters": 75, "rig_s_per_eval": 0.742285942209178, "latent_evals": 104, "latent_s_per_eval": 0.17169427871704102, "latent_cache_s": 0.20080232620239258, "latent_wall_s": 18.274155616760254, "peak_mem_mb": 1676.9658203125, "latent_peak_mem_mb": 1634.94091796875, "wall_s": 214.02798509597778}, {"round": 8, "whittle_nats": -6980764.495123152, "whittle_move_per_cell": 1.4092058963066036e-05, "rig_converged": false, "adam_s_per_step": null, "rig_lbfgs_evals": 257, "rig_lbfgs_iters": 150, "rig_lbfgs_restart_iters": 75, "rig_s_per_eval": 0.7405203854527455, "latent_evals": 106, "latent_s_per_eval": 0.16929412337968935, "latent_cache_s": 0.2762463092803955, "latent_wall_s": 18.416452407836914, "peak_mem_mb": 1676.9658203125, "latent_peak_mem_mb": 1634.94091796875, "wall_s": 210.66205191612244}], "polish": {"frames": 93, "subset_frames": 64, "loss_note": "Whittle - rig log prior on the FULL pool at the final latents", "loss_at_subset_optimum": -6977824.260973253, "loss_polished": -6978247.868710115, "gain_nats": 423.60773686133325, "gain_per_cell": 0.0005648464659889343, "whittle_at_subset_optimum": -6980764.495123152, "whittle_polished": -6981052.628444662, "rig_converged": true, "adam_s_per_step": null, "rig_lbfgs_evals": 262, "rig_lbfgs_iters": 150, "rig_lbfgs_restart_iters": 75, "rig_s_per_eval": 1.078146528651696, "peak_mem_mb": 1664.857421875, "wall_s": 284.8406548500061}, "front_end": {"sr": 16000, "n_fft": 2048, "hop": 512, "sr_work": 32000, "n_fft_work": 4096}, "latent_fit": {"windows": 3, "n_blocks": [8, 8, 8], "line_dtype": "torch.float64", "tracks": ["d", "u", "uj", "v"], "loss_before": -6949516.107936605, "loss_after": -6949851.833049883, "evals": 106, "cache_s": 0.2762463092803955, "s_per_eval": 0.16929412337968935, "wall_s": 18.416126489639282}, "sigma_nu": 0.3081737659723675, "gamma_median": 1.508051365040476, "gamma_median_per_rotor": [1.1417, 1.6564, 1.7512, 1.472], "gamma_max_per_rotor": [10.302, 9.739, 11.187, 9.029], "gamma_argmax_k_per_rotor": [79, 118, 121, 95], "gamma_over_50hz": 0, "gamma_shape": [4, 130], "amp_exp": 4.326074887574941, "span_pins": [], "speed_span": 1.9278266197081828, "init_from": {"source": "results/noise_v2/rounds/round3/fits/michaels_fly125_standby__flight.json", "schema": "noise-v2-fit/2", "mode": "flight", "git": "58e895fb943207db1ba5124f24329822fadf39b9", "sites": ["amp_exp", "floor_exp", "floor_shape_z", "floor_static_rel", "gamma_hz", "profile_db", "sigma_nu"], "clipped": {"sigma_nu": 0, "gamma_hz": 180, "profile_db": 0, "amp_exp": 0, "floor_exp": 0, "floor_static_rel": 1, "floor_shape_z": 0}, "prior_box_quantiles": [0.001, 0.999], "floor_start": "v2 re-expressed", "objective_at_v2_floor": -6325922.701675568, "objective_at_measured_floor": -5037953.246885765, "objective_at_measured_start": -6621819.48484148, "not_v3_sites": {"lam": 0.5, "note": "lam is pinned in v3 flight; v2 mic gains are data-normalised"}}, "batch": {"grid": {"sr": 16000, "n_fft": 2048, "hop": 512, "sr_work": 32000, "n_fft_work": 4096}, "n_frames_total": 366, "n_frames_used": 93, "frame_stride": 4, "exposure_scale": 3.935483870967742, "carrier_min_rev_s": 20.930063247680664, "carrier_max_rev_s": 40.34953308105469, "speed_span": 1.9278266197081828, "channel_gains": {"gains_db": [0.02806923749999987, -6.5042584625, 1.0624115375, 2.3590115375, 5.0315015375000005, 2.4618615375, -0.5576684625000001, -3.8809284625000005], "source": "results/noise_v2/mic_gains/mic_gains.json", "rig": "michaels", "rule": "rank-one floor gain per channel on the 1/3-octave bands >= 500 Hz (rigs.<rig>.wind.excess_db_above_500hz), re-centred on the channels used; each channel's periodogram is divided by 10^(g/10)"}}}
V3R3 seed=0 fit exit=0 fit_wall_s=2340 total_wall_s=2357
01:35:52  ]
01:35:52 }
01:35:52 # wrote results/noise_v3/fits_r3a/findings.md
FIT_SUMMARY {"file": "results/noise_v3/fits_r3a/restarts/michaels_fly125_standby__flight_v3__s0.json", "git": "84509baa8765238380b81fdaf7629915ed3d0bb3", "device": "cuda:0", "line_kernel": "unit_autocorr", "chunk_frames": 16, "lbfgs_rtol": null, "wall_s": 2334.4184849262238, "peak_mem_mb": 1676.9658203125, "converged": true, "which_converged": "alternation+lbfgs", "alternation_converged": true, "rig_converged": true, "rounds_run": 9, "total_nats": -6946651.3942409605, "whittle_nats": -6980980.16517068, "whittle_latents_zero_nats": -6938693.859371291, "rig_neg_log_prior_nats": 2958.823508517672, "ou_neg_log_prior_nats": 31369.947421201425, "n_cells": 749952, "total_per_cell": -9.26279467784733, "first_rig": {"adam_steps": 300, "lbfgs_frames": 64, "lbfgs_frames_used": 64, "lbfgs_stratified": true, "adam_wall_s": 12.08509349822998, "lbfgs_wall_s": 114.0473997592926, "lbfgs_evals": 174, "lbfgs_restart_evals": 83, "lbfgs_iters_used": 150, "lbfgs_restart_iters_used": 75, "lbfgs_loss_before": -6924464.913002075, "lbfgs_loss_first_pass": -6935926.669375518, "lbfgs_loss_after_restart": -6937179.862630162, "lbfgs_restart_gain_per_cell": 0.002428217336782403, "converged": false, "peak_mem_mb": null}, "last_rig": {"adam_steps": 0, "lbfgs_frames": null, "lbfgs_frames_used": 93, "lbfgs_stratified": true, "adam_wall_s": 3.4809112548828125e-05, "lbfgs_wall_s": 273.3200433254242, "lbfgs_evals": 171, "lbfgs_restart_evals": 90, "lbfgs_iters_used": 150, "lbfgs_restart_iters_used": 75, "lbfgs_loss_before": -6977669.170986047, "lbfgs_loss_first_pass": -6977972.8395972075, "lbfgs_loss_after_restart": -6978021.262585581, "lbfgs_restart_gain_per_cell": 6.456811685786051e-05, "converged": true, "peak_mem_mb": null}, "history": [{"round": 0, "whittle_nats": -6938693.859371291, "rig_converged": false, "adam_s_per_step": 0.040283644994099935, "rig_lbfgs_evals": 257, "rig_lbfgs_iters": 150, "rig_lbfgs_restart_iters": 75, "rig_s_per_eval": 0.4437642013980257, "peak_mem_mb": 1617.5341796875, "wall_s": 128.96581435203552}, {"round": 1, "whittle_nats": -6974165.105972756, "whittle_move_per_cell": 0.047298022542062904, "rig_converged": false, "adam_s_per_step": null, "rig_lbfgs_evals": 263, "rig_lbfgs_iters": 150, "rig_lbfgs_restart_iters": 75, "rig_s_per_eval": 0.736491866891375, "latent_evals": 105, "latent_s_per_eval": 0.17013181958879744, "latent_cache_s": 0.2632324695587158, "latent_wall_s": 18.375552654266357, "peak_mem_mb": 1676.93994140625, "latent_peak_mem_mb": 1634.90380859375, "wall_s": 214.3927719593048}, {"round": 2, "whittle_nats": -6977893.907317315, "whittle_move_per_cell": 0.00497205333749297, "rig_converged": false, "adam_s_per_step": null, "rig_lbfgs_evals": 261, "rig_lbfgs_iters": 150, "rig_lbfgs_restart_iters": 75, "rig_s_per_eval": 0.7431752983180956, "latent_evals": 103, "latent_s_per_eval": 0.1736051434452094, "latent_cache_s": 0.17885231971740723, "latent_wall_s": 18.27898621559143, "peak_mem_mb": 1676.9658203125, "latent_peak_mem_mb": 1634.9345703125, "wall_s": 214.38140392303467}, {"round": 3, "whittle_nats": -6979031.322609266, "whittle_move_per_cell": 0.0015166507882518321, "rig_converged": false, "adam_s_per_step": null, "rig_lbfgs_evals": 263, "rig_lbfgs_iters": 150, "rig_lbfgs_restart_iters": 75, "rig_s_per_eval": 0.7302871829203327, "latent_evals": 104, "latent_s_per_eval": 0.17033916253309983, "latent_cache_s": 0.24168109893798828, "latent_wall_s": 18.1429226398468, "peak_mem_mb": 1676.9658203125, "latent_peak_mem_mb": 1634.94091796875, "wall_s": 212.35762548446655}, {"round": 4, "whittle_nats": -6979744.576135909, "whittle_move_per_cell": 0.0009510655703870628, "rig_converged": false, "adam_s_per_step": null, "rig_lbfgs_evals": 264, "rig_lbfgs_iters": 150, "rig_lbfgs_restart_iters": 75, "rig_s_per_eval": 0.7425294690059893, "latent_evals": 105, "latent_s_per_eval": 0.16907415162949335, "latent_cache_s": 0.2360076904296875, "latent_wall_s": 18.218934774398804, "peak_mem_mb": 1676.9658203125, "latent_peak_mem_mb": 1634.94091796875, "wall_s": 216.48582434654236}, {"round": 5, "whittle_nats": -6980111.180215732, "whittle_move_per_cell": 0.0004888367253144331, "rig_converged": false, "adam_s_per_step": null, "rig_lbfgs_evals": 257, "rig_lbfgs_iters": 150, "rig_lbfgs_restart_iters": 75, "rig_s_per_eval": 0.7418177721565336, "latent_evals": 105, "latent_s_per_eval": 0.16869905108497257, "latent_cache_s": 0.20673537254333496, "latent_wall_s": 18.136215209960938, "peak_mem_mb": 1676.9658203125, "latent_peak_mem_mb": 1634.94091796875, "wall_s": 210.83897638320923}, {"round": 6, "whittle_nats": -6980244.296373326, "whittle_move_per_cell": 0.00017749957009800213, "rig_converged": false, "adam_s_per_step": null, "rig_lbfgs_evals": 263, "rig_lbfgs_iters": 150, "rig_lbfgs_restart_iters": 74, "rig_s_per_eval": 0.7427633271017908, "latent_evals": 102, "latent_s_per_eval": 0.1688872832877963, "latent_cache_s": 0.27599191665649414, "latent_wall_s": 17.755666494369507, "peak_mem_mb": 1676.9658203125, "latent_peak_mem_mb": 1634.94091796875, "wall_s": 215.14603066444397}, {"round": 7, "whittle_nats": -6980524.243151984, "whittle_move_per_cell": 0.0003732862618645542, "rig_converged": false, "adam_s_per_step": null, "rig_lbfgs_evals": 261, "rig_lbfgs_iters": 150, "rig_lbfgs_restart_iters": 75, "rig_s_per_eval": 0.7434438681693826, "latent_evals": 103, "latent_s_per_eval": 0.16899109349667446, "latent_cache_s": 0.2768709659576416, "latent_wall_s": 17.851897716522217, "peak_mem_mb": 1676.9658203125, "latent_peak_mem_mb": 1634.94091796875, "wall_s": 213.83502554893494}, {"round": 8, "whittle_nats": -6980714.264454311, "whittle_move_per_cell": 0.0002533779526244111, "rig_converged": false, "adam_s_per_step": null, "rig_lbfgs_evals": 260, "rig_lbfgs_iters": 150, "rig_lbfgs_restart_iters": 75, "rig_s_per_eval": 0.74423126073984, "latent_evals": 104, "latent_s_per_eval": 0.16968799554384673, "latent_cache_s": 0.209991455078125, "latent_wall_s": 18.04329490661621, "peak_mem_mb": 1676.9658203125, "latent_peak_mem_mb": 1634.94091796875, "wall_s": 213.5019142627716}, {"round": 9, "whittle_nats": -6980754.056277235, "whittle_move_per_cell": 5.3059159685258094e-05, "rig_converged": false, "adam_s_per_step": null, "rig_lbfgs_evals": 263, "rig_lbfgs_iters": 150, "rig_lbfgs_restart_iters": 75, "rig_s_per_eval": 0.7550790890088099, "latent_evals": 104, "latent_s_per_eval": 0.1676018788264348, "latent_cache_s": 0.16628360748291016, "latent_wall_s": 17.827569484710693, "peak_mem_mb": 1676.9658203125, "latent_peak_mem_mb": 1634.94091796875, "wall_s": 218.63045120239258}], "polish": {"frames": 93, "subset_frames": 64, "loss_note": "Whittle - rig log prior on the FULL pool at the final latents", "loss_at_subset_optimum": -6977669.170986047, "loss_polished": -6978021.262585581, "gain_nats": 352.0915995342657, "gain_per_cell": 0.00046948551311852717, "whittle_at_subset_optimum": -6980754.056277235, "whittle_polished": -6980980.165170679, "rig_converged": true, "adam_s_per_step": null, "rig_lbfgs_evals": 261, "rig_lbfgs_iters": 150, "rig_lbfgs_restart_iters": 75, "rig_s_per_eval": 1.0472032311318935, "peak_mem_mb": 1664.857421875, "wall_s": 275.2174482345581}, "front_end": {"sr": 16000, "n_fft": 2048, "hop": 512, "sr_work": 32000, "n_fft_work": 4096}, "latent_fit": {"windows": 3, "n_blocks": [8, 8, 8], "line_dtype": "torch.float64", "tracks": ["d", "u", "uj", "v"], "loss_before": -6949363.426867353, "loss_after": -6949632.244012386, "evals": 104, "cache_s": 0.16628360748291016, "s_per_eval": 0.1676018788264348, "wall_s": 17.827356338500977}, "sigma_nu": 0.004197754275402679, "gamma_median": 1.9997684395287019, "gamma_median_per_rotor": [1.6237, 2.4043, 1.9723, 2.025], "gamma_max_per_rotor": [9.754, 9.596, 12.492, 8.417], "gamma_argmax_k_per_rotor": [126, 128, 121, 114], "gamma_over_50hz": 0, "gamma_shape": [4, 130], "amp_exp": 4.419662480705453, "span_pins": [], "speed_span": 1.9278266197081828, "init_from": {"source": "results/noise_v2/rounds/round3/fits/michaels_fly125_standby__flight.json", "schema": "noise-v2-fit/2", "mode": "flight", "git": "58e895fb943207db1ba5124f24329822fadf39b9", "sites": ["amp_exp", "floor_exp", "floor_shape_z", "floor_static_rel", "gamma_hz", "profile_db", "sigma_nu"], "clipped": {"sigma_nu": 0, "gamma_hz": 180, "profile_db": 0, "amp_exp": 0, "floor_exp": 0, "floor_static_rel": 1, "floor_shape_z": 0}, "prior_box_quantiles": [0.001, 0.999], "floor_start": "v2 re-expressed", "objective_at_v2_floor": -6325922.701675568, "objective_at_measured_floor": -5037953.246885765, "objective_at_measured_start": -6621819.48484148, "not_v3_sites": {"lam": 0.5, "note": "lam is pinned in v3 flight; v2 mic gains are data-normalised"}}, "batch": {"grid": {"sr": 16000, "n_fft": 2048, "hop": 512, "sr_work": 32000, "n_fft_work": 4096}, "n_frames_total": 366, "n_frames_used": 93, "frame_stride": 4, "exposure_scale": 3.935483870967742, "carrier_min_rev_s": 20.930063247680664, "carrier_max_rev_s": 40.34953308105469, "speed_span": 1.9278266197081828, "channel_gains": {"gains_db": [0.02806923749999987, -6.5042584625, 1.0624115375, 2.3590115375, 5.0315015375000005, 2.4618615375, -0.5576684625000001, -3.8809284625000005], "source": "results/noise_v2/mic_gains/mic_gains.json", "rig": "michaels", "rule": "rank-one floor gain per channel on the 1/3-octave bands >= 500 Hz (rigs.<rig>.wind.excess_db_above_500hz), re-centred on the channels used; each channel's periodogram is divided by 10^(g/10)"}}}
error: Request failed after 3 retries in 46.2s
  Caused by: Failed to fetch: `https://pypi.org/simple/awscli/`
  Caused by: error sending request for url (https://pypi.org/simple/awscli/)
  Caused by: client error (Connect)
  Caused by: operation timed out
error: Request failed after 3 retries in 48.5s
  Caused by: Failed to fetch: `https://pypi.org/simple/awscli/`
  Caused by: error sending request for url (https://pypi.org/simple/awscli/)
  Caused by: client error (Connect)
  Caused by: operation timed out
V3R3 seed=1 fit exit=0 fit_wall_s=2473 total_wall_s=2510
01:38:25  ]
01:38:25 }
01:38:25 # wrote results/noise_v3/fits_r3a/findings.md
FIT_SUMMARY {"file": "results/noise_v3/fits_r3a/restarts/michaels_fly125_standby__flight_v3__s1.json", "git": "84509baa8765238380b81fdaf7629915ed3d0bb3", "device": "cuda:0", "line_kernel": "unit_autocorr", "chunk_frames": 16, "lbfgs_rtol": null, "wall_s": 2467.967517852783, "peak_mem_mb": 1676.966796875, "converged": true, "which_converged": "alternation+lbfgs", "alternation_converged": true, "rig_converged": true, "rounds_run": 10, "total_nats": -6947096.192324082, "whittle_nats": -6981219.130198762, "whittle_latents_zero_nats": -6939707.996666034, "rig_neg_log_prior_nats": 2843.8599474097628, "ou_neg_log_prior_nats": 31279.077927269787, "n_cells": 749952, "total_per_cell": -9.263387779916691, "first_rig": {"adam_steps": 300, "lbfgs_frames": 64, "lbfgs_frames_used": 64, "lbfgs_stratified": true, "adam_wall_s": 36.901206731796265, "lbfgs_wall_s": 173.05715131759644, "lbfgs_evals": 172, "lbfgs_restart_evals": 86, "lbfgs_iters_used": 150, "lbfgs_restart_iters_used": 75, "lbfgs_loss_before": -6924297.981670903, "lbfgs_loss_first_pass": -6937546.978840721, "lbfgs_loss_after_restart": -6938056.42204036, "lbfgs_restart_gain_per_cell": 0.000987109374300922, "converged": false, "peak_mem_mb": null}, "last_rig": {"adam_steps": 0, "lbfgs_frames": null, "lbfgs_frames_used": 93, "lbfgs_stratified": true, "adam_wall_s": 5.173683166503906e-05, "lbfgs_wall_s": 144.04151439666748, "lbfgs_evals": 176, "lbfgs_restart_evals": 85, "lbfgs_iters_used": 150, "lbfgs_restart_iters_used": 75, "lbfgs_loss_before": -6977967.162100524, "lbfgs_loss_first_pass": -6978339.259818148, "lbfgs_loss_after_restart": -6978375.210708449, "lbfgs_restart_gain_per_cell": 4.793758840671861e-05, "converged": true, "peak_mem_mb": null}, "history": [{"round": 0, "whittle_nats": -6939707.996666034, "rig_converged": false, "adam_s_per_step": 0.12300402243932088, "rig_lbfgs_evals": 258, "rig_lbfgs_iters": 150, "rig_lbfgs_restart_iters": 75, "rig_s_per_eval": 0.6707641523937846, "peak_mem_mb": 1617.53857421875, "wall_s": 213.0695035457611}, {"round": 1, "whittle_nats": -6974445.089193943, "whittle_move_per_cell": 0.0463190877921643, "rig_converged": false, "adam_s_per_step": null, "rig_lbfgs_evals": 254, "rig_lbfgs_iters": 150, "rig_lbfgs_restart_iters": 75, "rig_s_per_eval": 0.7266483213019184, "latent_evals": 106, "latent_s_per_eval": 0.1693635144323673, "latent_cache_s": 0.20483946800231934, "latent_wall_s": 18.350824117660522, "peak_mem_mb": 1676.93994140625, "latent_peak_mem_mb": 1634.90380859375, "wall_s": 205.0201666355133}, {"round": 2, "whittle_nats": -6978288.223309994, "whittle_move_per_cell": 0.005124506789835599, "rig_converged": false, "adam_s_per_step": null, "rig_lbfgs_evals": 255, "rig_lbfgs_iters": 150, "rig_lbfgs_restart_iters": 75, "rig_s_per_eval": 0.7411299565259148, "latent_evals": 103, "latent_s_per_eval": 0.17326500577834045, "latent_cache_s": 0.272477388381958, "latent_wall_s": 18.264111042022705, "peak_mem_mb": 1676.9658203125, "latent_peak_mem_mb": 1634.9345703125, "wall_s": 209.50058817863464}, {"round": 3, "whittle_nats": -6979381.66470471, "whittle_move_per_cell": 0.0014580151725930475, "rig_converged": false, "adam_s_per_step": null, "rig_lbfgs_evals": 257, "rig_lbfgs_iters": 150, "rig_lbfgs_restart_iters": 75, "rig_s_per_eval": 0.7405542510956642, "latent_evals": 108, "latent_s_per_eval": 0.16812951034969753, "latent_cache_s": 0.22567987442016602, "latent_wall_s": 18.5746009349823, "peak_mem_mb": 1676.9658203125, "latent_peak_mem_mb": 1634.94091796875, "wall_s": 211.08190417289734}, {"round": 4, "whittle_nats": -6979925.542362136, "whittle_move_per_cell": 0.0007252166237647074, "rig_converged": false, "adam_s_per_step": null, "rig_lbfgs_evals": 255, "rig_lbfgs_iters": 150, "rig_lbfgs_restart_iters": 75, "rig_s_per_eval": 0.7396350318310307, "latent_evals": 104, "latent_s_per_eval": 0.16906612882247338, "latent_cache_s": 0.2548680305480957, "latent_wall_s": 17.999593019485474, "peak_mem_mb": 1676.9658203125, "latent_peak_mem_mb": 1634.94091796875, "wall_s": 208.75222516059875}, {"round": 5, "whittle_nats": -6980312.176276831, "whittle_move_per_cell": 0.0005155448811325542, "rig_converged": true, "adam_s_per_step": null, "rig_lbfgs_evals": 258, "rig_lbfgs_iters": 150, "rig_lbfgs_restart_iters": 75, "rig_s_per_eval": 0.7396149894063787, "latent_evals": 102, "latent_s_per_eval": 0.16861770667281806, "latent_cache_s": 0.27258849143981934, "latent_wall_s": 17.623782634735107, "peak_mem_mb": 1676.9658203125, "latent_peak_mem_mb": 1634.94091796875, "wall_s": 210.62509202957153}, {"round": 6, "whittle_nats": -6980545.154123272, "whittle_move_per_cell": 0.0003106570106364929, "rig_converged": false, "adam_s_per_step": null, "rig_lbfgs_evals": 254, "rig_lbfgs_iters": 150, "rig_lbfgs_restart_iters": 75, "rig_s_per_eval": 0.7401366750086387, "latent_evals": 105, "latent_s_per_eval": 0.17001959936959402, "latent_cache_s": 0.2587277889251709, "latent_wall_s": 18.28157114982605, "peak_mem_mb": 1676.9658203125, "latent_peak_mem_mb": 1634.94091796875, "wall_s": 208.3913016319275}, {"round": 7, "whittle_nats": -6980680.260312899, "whittle_move_per_cell": 0.0001801531159690225, "rig_converged": false, "adam_s_per_step": null, "rig_lbfgs_evals": 257, "rig_lbfgs_iters": 150, "rig_lbfgs_restart_iters": 75, "rig_s_per_eval": 0.7387957266796423, "latent_evals": 104, "latent_s_per_eval": 0.1681510370511275, "latent_cache_s": 0.24208378791809082, "latent_wall_s": 17.941885471343994, "peak_mem_mb": 1676.9658203125, "latent_peak_mem_mb": 1634.94091796875, "wall_s": 209.98609066009521}, {"round": 8, "whittle_nats": -6980862.511548937, "whittle_move_per_cell": 0.00024301720115191708, "rig_converged": false, "adam_s_per_step": null, "rig_lbfgs_evals": 267, "rig_lbfgs_iters": 150, "rig_lbfgs_restart_iters": 75, "rig_s_per_eval": 0.7418870345483558, "latent_evals": 103, "latent_s_per_eval": 0.16890336471853903, "latent_cache_s": 0.22589945793151855, "latent_wall_s": 17.767975568771362, "peak_mem_mb": 1676.9658203125, "latent_peak_mem_mb": 1634.94091796875, "wall_s": 217.98532962799072}, {"round": 9, "whittle_nats": -6980961.032283884, "whittle_move_per_cell": 0.00013136938756912905, "rig_converged": false, "adam_s_per_step": null, "rig_lbfgs_evals": 259, "rig_lbfgs_iters": 150, "rig_lbfgs_restart_iters": 75, "rig_s_per_eval": 0.7638613938364743, "latent_evals": 105, "latent_s_per_eval": 0.16636331194923037, "latent_cache_s": 0.2815866470336914, "latent_wall_s": 17.97762155532837, "peak_mem_mb": 1676.966796875, "latent_peak_mem_mb": 1634.94091796875, "wall_s": 217.9985477924347}, {"round": 10, "whittle_nats": -6980966.186955461, "whittle_move_per_cell": 6.873335330443462e-06, "rig_converged": false, "adam_s_per_step": null, "rig_lbfgs_evals": 258, "rig_lbfgs_iters": 150, "rig_lbfgs_restart_iters": 75, "rig_s_per_eval": 0.7373268354770749, "latent_evals": 102, "latent_s_per_eval": 0.17437697625627704, "latent_cache_s": 0.20165061950683594, "latent_wall_s": 18.19755244255066, "peak_mem_mb": 1676.9658203125, "latent_peak_mem_mb": 1634.94091796875, "wall_s": 209.91303396224976}], "polish": {"frames": 93, "subset_frames": 64, "loss_note": "Whittle - rig log prior on the FULL pool at the final latents", "loss_at_subset_optimum": -6977967.162100524, "loss_polished": -6978375.210708449, "gain_nats": 408.0486079249531, "gain_per_cell": 0.0005440996329431125, "whittle_at_subset_optimum": -6980966.186955461, "whittle_polished": -6981219.130198762, "rig_converged": true, "adam_s_per_step": null, "rig_lbfgs_evals": 261, "rig_lbfgs_iters": 150, "rig_lbfgs_restart_iters": 75, "rig_s_per_eval": 0.5518831969220976, "peak_mem_mb": 1664.857421875, "wall_s": 145.13774013519287}, "front_end": {"sr": 16000, "n_fft": 2048, "hop": 512, "sr_work": 32000, "n_fft_work": 4096}, "latent_fit": {"windows": 3, "n_blocks": [8, 8, 8], "line_dtype": "torch.float64", "tracks": ["d", "u", "uj", "v"], "loss_before": -6949694.346651332, "loss_after": -6950002.374307256, "evals": 102, "cache_s": 0.20165061950683594, "s_per_eval": 0.17437697625627704, "wall_s": 18.197381019592285}, "sigma_nu": 0.2907260004149894, "gamma_median": 1.614320474147399, "gamma_median_per_rotor": [1.3791, 1.9855, 1.6512, 1.5518], "gamma_max_per_rotor": [10.502, 9.042, 11.464, 8.954], "gamma_argmax_k_per_rotor": [79, 118, 81, 95], "gamma_over_50hz": 0, "gamma_shape": [4, 130], "amp_exp": 4.428993538608187, "span_pins": [], "speed_span": 1.9278266197081828, "init_from": {"source": "results/noise_v2/rounds/round3/fits/michaels_fly125_standby__flight.json", "schema": "noise-v2-fit/2", "mode": "flight", "git": "58e895fb943207db1ba5124f24329822fadf39b9", "sites": ["amp_exp", "floor_exp", "floor_shape_z", "floor_static_rel", "gamma_hz", "profile_db", "sigma_nu"], "clipped": {"sigma_nu": 0, "gamma_hz": 180, "profile_db": 0, "amp_exp": 0, "floor_exp": 0, "floor_static_rel": 1, "floor_shape_z": 0}, "prior_box_quantiles": [0.001, 0.999], "floor_start": "v2 re-expressed", "objective_at_v2_floor": -6325922.701675568, "objective_at_measured_floor": -5037953.246885765, "objective_at_measured_start": -6621819.48484148, "not_v3_sites": {"lam": 0.5, "note": "lam is pinned in v3 flight; v2 mic gains are data-normalised"}}, "batch": {"grid": {"sr": 16000, "n_fft": 2048, "hop": 512, "sr_work": 32000, "n_fft_work": 4096}, "n_frames_total": 366, "n_frames_used": 93, "frame_stride": 4, "exposure_scale": 3.935483870967742, "carrier_min_rev_s": 20.930063247680664, "carrier_max_rev_s": 40.34953308105469, "speed_span": 1.9278266197081828, "channel_gains": {"gains_db": [0.02806923749999987, -6.5042584625, 1.0624115375, 2.3590115375, 5.0315015375000005, 2.4618615375, -0.5576684625000001, -3.8809284625000005], "source": "results/noise_v2/mic_gains/mic_gains.json", "rig": "michaels", "rule": "rank-one floor gain per channel on the 1/3-octave bands >= 500 Hz (rigs.<rig>.wind.excess_db_above_500hz), re-centred on the channels used; each channel's periodogram is divided by 10^(g/10)"}}}
error: Request failed after 3 retries in 49.1s
  Caused by: Failed to fetch: `https://pypi.org/simple/awscli/`
  Caused by: error sending request for url (https://pypi.org/simple/awscli/)
  Caused by: client error (Connect)
  Caused by: operation timed out
Traceback (most recent call last):
  File "/root/.omnirun/projects/harmonic-noise-suppression/.venv/lib/python3.12/site-packages/urllib3/connection.py", line 204, in _new_conn
    sock = connection.create_connection(
           ^^^^^^^^^^^^^^^^^^^^^^^^^^^^^
  File "/root/.omnirun/projects/harmonic-noise-suppression/.venv/lib/python3.12/site-packages/urllib3/util/connection.py", line 60, in create_connection
    for res in socket.getaddrinfo(host, port, family, socket.SOCK_STREAM):
               ^^^^^^^^^^^^^^^^^^^^^^^^^^^^^^^^^^^^^^^^^^^^^^^^^^^^^^^^^^
  File "/.uv/python_install/cpython-3.12.14-linux-x86_64-gnu/lib/python3.12/socket.py", line 978, in getaddrinfo
    for res in _socket.getaddrinfo(host, port, family, type, proto, flags):
               ^^^^^^^^^^^^^^^^^^^^^^^^^^^^^^^^^^^^^^^^^^^^^^^^^^^^^^^^^^^
socket.gaierror: [Errno -3] Temporary failure in name resolution

The above exception was the direct cause of the following exception:

Traceback (most recent call last):
  File "/root/.omnirun/projects/harmonic-noise-suppression/.venv/lib/python3.12/site-packages/botocore/httpsession.py", line 477, in send
    urllib_response = conn.urlopen(
                      ^^^^^^^^^^^^^
  File "/root/.omnirun/projects/harmonic-noise-suppression/.venv/lib/python3.12/site-packages/urllib3/connectionpool.py", line 841, in urlopen
    retries = retries.increment(
              ^^^^^^^^^^^^^^^^^^
  File "/root/.omnirun/projects/harmonic-noise-suppression/.venv/lib/python3.12/site-packages/urllib3/util/retry.py", line 465, in increment
    raise reraise(type(error), error, _stacktrace)
          ^^^^^^^^^^^^^^^^^^^^^^^^^^^^^^^^^^^^^^^^
  File "/root/.omnirun/projects/harmonic-noise-suppression/.venv/lib/python3.12/site-packages/urllib3/util/util.py", line 39, in reraise
    raise value
  File "/root/.omnirun/projects/harmonic-noise-suppression/.venv/lib/python3.12/site-packages/urllib3/connectionpool.py", line 787, in urlopen
    response = self._make_request(
               ^^^^^^^^^^^^^^^^^^^
  File "/root/.omnirun/projects/harmonic-noise-suppression/.venv/lib/python3.12/site-packages/urllib3/connectionpool.py", line 488, in _make_request
    raise new_e
  File "/root/.omnirun/projects/harmonic-noise-suppression/.venv/lib/python3.12/site-packages/urllib3/connectionpool.py", line 464, in _make_request
    self._validate_conn(conn)
  File "/root/.omnirun/projects/harmonic-noise-suppression/.venv/lib/python3.12/site-packages/urllib3/connectionpool.py", line 1093, in _validate_conn
    conn.connect()
  File "/root/.omnirun/projects/harmonic-noise-suppression/.venv/lib/python3.12/site-packages/urllib3/connection.py", line 759, in connect
    self.sock = sock = self._new_conn()
                       ^^^^^^^^^^^^^^^^
  File "/root/.omnirun/projects/harmonic-noise-suppression/.venv/lib/python3.12/site-packages/urllib3/connection.py", line 211, in _new_conn
    raise NameResolutionError(self.host, self, e) from e
urllib3.exceptions.NameResolutionError: AWSHTTPSConnection(host='d064390efe0e59d764d4f701b59d7b71.r2.cloudflarestorage.com', port=443): Failed to resolve 'd064390efe0e59d764d4f701b59d7b71.r2.cloudflarestorage.com' ([Errno -3] Temporary failure in name resolution)

During handling of the above exception, another exception occurred:

Traceback (most recent call last):
  File "/tmp/upload.py", line 25, in <module>
    s3.upload_file(str(p), "omnirun-artifacts", f"{prefix}/{p}")
  File "/root/.omnirun/projects/harmonic-noise-suppression/.venv/lib/python3.12/site-packages/botocore/context.py", line 123, in wrapper
    return func(*args, **kwargs)
           ^^^^^^^^^^^^^^^^^^^^^
  File "/root/.omnirun/projects/harmonic-noise-suppression/.venv/lib/python3.12/site-packages/boto3/s3/inject.py", line 175, in upload_file
    return transfer.upload_file(
           ^^^^^^^^^^^^^^^^^^^^^
  File "/root/.omnirun/projects/harmonic-noise-suppression/.venv/lib/python3.12/site-packages/boto3/s3/transfer.py", line 452, in upload_file
    future.result()
  File "/root/.omnirun/projects/harmonic-noise-suppression/.venv/lib/python3.12/site-packages/s3transfer/futures.py", line 111, in result
    return self._coordinator.result()
           ^^^^^^^^^^^^^^^^^^^^^^^^^^
  File "/root/.omnirun/projects/harmonic-noise-suppression/.venv/lib/python3.12/site-packages/s3transfer/futures.py", line 287, in result
    raise self._exception
  File "/root/.omnirun/projects/harmonic-noise-suppression/.venv/lib/python3.12/site-packages/s3transfer/tasks.py", line 142, in __call__
    return self._execute_main(kwargs)
           ^^^^^^^^^^^^^^^^^^^^^^^^^^
  File "/root/.omnirun/projects/harmonic-noise-suppression/.venv/lib/python3.12/site-packages/s3transfer/tasks.py", line 165, in _execute_main
    return_value = self._main(**kwargs)
                   ^^^^^^^^^^^^^^^^^^^^
  File "/root/.omnirun/projects/harmonic-noise-suppression/.venv/lib/python3.12/site-packages/s3transfer/upload.py", line 796, in _main
    client.put_object(Bucket=bucket, Key=key, Body=body, **extra_args)
  File "/root/.omnirun/projects/harmonic-noise-suppression/.venv/lib/python3.12/site-packages/botocore/client.py", line 606, in _api_call
    return self._make_api_call(operation_name, kwargs)
           ^^^^^^^^^^^^^^^^^^^^^^^^^^^^^^^^^^^^^^^^^^^
  File "/root/.omnirun/projects/harmonic-noise-suppression/.venv/lib/python3.12/site-packages/botocore/context.py", line 123, in wrapper
    return func(*args, **kwargs)
           ^^^^^^^^^^^^^^^^^^^^^
  File "/root/.omnirun/projects/harmonic-noise-suppression/.venv/lib/python3.12/site-packages/botocore/client.py", line 1076, in _make_api_call
    http, parsed_response = self._make_request(
                            ^^^^^^^^^^^^^^^^^^^
  File "/root/.omnirun/projects/harmonic-noise-suppression/.venv/lib/python3.12/site-packages/botocore/client.py", line 1100, in _make_request
    return self._endpoint.make_request(operation_model, request_dict)
           ^^^^^^^^^^^^^^^^^^^^^^^^^^^^^^^^^^^^^^^^^^^^^^^^^^^^^^^^^^
  File "/root/.omnirun/projects/harmonic-noise-suppression/.venv/lib/python3.12/site-packages/botocore/endpoint.py", line 119, in make_request
    return self._send_request(request_dict, operation_model)
           ^^^^^^^^^^^^^^^^^^^^^^^^^^^^^^^^^^^^^^^^^^^^^^^^^
  File "/root/.omnirun/projects/harmonic-noise-suppression/.venv/lib/python3.12/site-packages/botocore/endpoint.py", line 200, in _send_request
    while self._needs_retry(
          ^^^^^^^^^^^^^^^^^^
  File "/root/.omnirun/projects/harmonic-noise-suppression/.venv/lib/python3.12/site-packages/botocore/endpoint.py", line 360, in _needs_retry
    responses = self._event_emitter.emit(
                ^^^^^^^^^^^^^^^^^^^^^^^^^
  File "/root/.omnirun/projects/harmonic-noise-suppression/.venv/lib/python3.12/site-packages/botocore/hooks.py", line 412, in emit
    return self._emitter.emit(aliased_event_name, **kwargs)
           ^^^^^^^^^^^^^^^^^^^^^^^^^^^^^^^^^^^^^^^^^^^^^^^^
  File "/root/.omnirun/projects/harmonic-noise-suppression/.venv/lib/python3.12/site-packages/botocore/hooks.py", line 256, in emit
    return self._emit(event_name, kwargs)
           ^^^^^^^^^^^^^^^^^^^^^^^^^^^^^^
  File "/root/.omnirun/projects/harmonic-noise-suppression/.venv/lib/python3.12/site-packages/botocore/hooks.py", line 239, in _emit
    response = handler(**kwargs)
               ^^^^^^^^^^^^^^^^^
  File "/root/.omnirun/projects/harmonic-noise-suppression/.venv/lib/python3.12/site-packages/botocore/retryhandler.py", line 207, in __call__
    if self._checker(**checker_kwargs):
       ^^^^^^^^^^^^^^^^^^^^^^^^^^^^^^^
  File "/root/.omnirun/projects/harmonic-noise-suppression/.venv/lib/python3.12/site-packages/botocore/retryhandler.py", line 284, in __call__
    should_retry = self._should_retry(
                   ^^^^^^^^^^^^^^^^^^^
  File "/root/.omnirun/projects/harmonic-noise-suppression/.venv/lib/python3.12/site-packages/botocore/retryhandler.py", line 320, in _should_retry
    return self._checker(attempt_number, response, caught_exception)
           ^^^^^^^^^^^^^^^^^^^^^^^^^^^^^^^^^^^^^^^^^^^^^^^^^^^^^^^^^
  File "/root/.omnirun/projects/harmonic-noise-suppression/.venv/lib/python3.12/site-packages/botocore/retryhandler.py", line 363, in __call__
    checker_response = checker(
                       ^^^^^^^^
  File "/root/.omnirun/projects/harmonic-noise-suppression/.venv/lib/python3.12/site-packages/botocore/retryhandler.py", line 247, in __call__
    return self._check_caught_exception(
           ^^^^^^^^^^^^^^^^^^^^^^^^^^^^^
  File "/root/.omnirun/projects/harmonic-noise-suppression/.venv/lib/python3.12/site-packages/botocore/retryhandler.py", line 416, in _check_caught_exception
    raise caught_exception
  File "/root/.omnirun/projects/harmonic-noise-suppression/.venv/lib/python3.12/site-packages/botocore/endpoint.py", line 279, in _do_get_response
    http_response = self._send(request)
                    ^^^^^^^^^^^^^^^^^^^
  File "/root/.omnirun/projects/harmonic-noise-suppression/.venv/lib/python3.12/site-packages/botocore/endpoint.py", line 383, in _send
    return self.http_session.send(request)
           ^^^^^^^^^^^^^^^^^^^^^^^^^^^^^^^
  File "/root/.omnirun/projects/harmonic-noise-suppression/.venv/lib/python3.12/site-packages/botocore/httpsession.py", line 506, in send
    raise EndpointConnectionError(endpoint_url=request.url, error=e)
botocore.exceptions.EndpointConnectionError: Could not connect to the endpoint URL: "https://d064390efe0e59d764d4f701b59d7b71.r2.cloudflarestorage.com/omnirun-artifacts/nv3r3a-standby-e3cc0a/outputs/results/noise_v3/fits_r3a/findings.md"
Traceback (most recent call last):
  File "/root/.omnirun/projects/harmonic-noise-suppression/.venv/lib/python3.12/site-packages/urllib3/connection.py", line 204, in _new_conn
    sock = connection.create_connection(
           ^^^^^^^^^^^^^^^^^^^^^^^^^^^^^
  File "/root/.omnirun/projects/harmonic-noise-suppression/.venv/lib/python3.12/site-packages/urllib3/util/connection.py", line 60, in create_connection
    for res in socket.getaddrinfo(host, port, family, socket.SOCK_STREAM):
               ^^^^^^^^^^^^^^^^^^^^^^^^^^^^^^^^^^^^^^^^^^^^^^^^^^^^^^^^^^
  File "/.uv/python_install/cpython-3.12.14-linux-x86_64-gnu/lib/python3.12/socket.py", line 978, in getaddrinfo
    for res in _socket.getaddrinfo(host, port, family, type, proto, flags):
               ^^^^^^^^^^^^^^^^^^^^^^^^^^^^^^^^^^^^^^^^^^^^^^^^^^^^^^^^^^^
socket.gaierror: [Errno -3] Temporary failure in name resolution

The above exception was the direct cause of the following exception:

Traceback (most recent call last):
  File "/root/.omnirun/projects/harmonic-noise-suppression/.venv/lib/python3.12/site-packages/botocore/httpsession.py", line 477, in send
    urllib_response = conn.urlopen(
                      ^^^^^^^^^^^^^
  File "/root/.omnirun/projects/harmonic-noise-suppression/.venv/lib/python3.12/site-packages/urllib3/connectionpool.py", line 841, in urlopen
    retries = retries.increment(
              ^^^^^^^^^^^^^^^^^^
  File "/root/.omnirun/projects/harmonic-noise-suppression/.venv/lib/python3.12/site-packages/urllib3/util/retry.py", line 465, in increment
    raise reraise(type(error), error, _stacktrace)
          ^^^^^^^^^^^^^^^^^^^^^^^^^^^^^^^^^^^^^^^^
  File "/root/.omnirun/projects/harmonic-noise-suppression/.venv/lib/python3.12/site-packages/urllib3/util/util.py", line 39, in reraise
    raise value
  File "/root/.omnirun/projects/harmonic-noise-suppression/.venv/lib/python3.12/site-packages/urllib3/connectionpool.py", line 787, in urlopen
    response = self._make_request(
               ^^^^^^^^^^^^^^^^^^^
  File "/root/.omnirun/projects/harmonic-noise-suppression/.venv/lib/python3.12/site-packages/urllib3/connectionpool.py", line 488, in _make_request
    raise new_e
  File "/root/.omnirun/projects/harmonic-noise-suppression/.venv/lib/python3.12/site-packages/urllib3/connectionpool.py", line 464, in _make_request
    self._validate_conn(conn)
  File "/root/.omnirun/projects/harmonic-noise-suppression/.venv/lib/python3.12/site-packages/urllib3/connectionpool.py", line 1093, in _validate_conn
    conn.connect()
  File "/root/.omnirun/projects/harmonic-noise-suppression/.venv/lib/python3.12/site-packages/urllib3/connection.py", line 759, in connect
    self.sock = sock = self._new_conn()
                       ^^^^^^^^^^^^^^^^
  File "/root/.omnirun/projects/harmonic-noise-suppression/.venv/lib/python3.12/site-packages/urllib3/connection.py", line 211, in _new_conn
    raise NameResolutionError(self.host, self, e) from e
urllib3.exceptions.NameResolutionError: AWSHTTPSConnection(host='d064390efe0e59d764d4f701b59d7b71.r2.cloudflarestorage.com', port=443): Failed to resolve 'd064390efe0e59d764d4f701b59d7b71.r2.cloudflarestorage.com' ([Errno -3] Temporary failure in name resolution)

During handling of the above exception, another exception occurred:

Traceback (most recent call last):
  File "/tmp/upload.py", line 25, in <module>
    s3.upload_file(str(p), "omnirun-artifacts", f"{prefix}/{p}")
  File "/root/.omnirun/projects/harmonic-noise-suppression/.venv/lib/python3.12/site-packages/botocore/context.py", line 123, in wrapper
    return func(*args, **kwargs)
           ^^^^^^^^^^^^^^^^^^^^^
  File "/root/.omnirun/projects/harmonic-noise-suppression/.venv/lib/python3.12/site-packages/boto3/s3/inject.py", line 175, in upload_file
    return transfer.upload_file(
           ^^^^^^^^^^^^^^^^^^^^^
  File "/root/.omnirun/projects/harmonic-noise-suppression/.venv/lib/python3.12/site-packages/boto3/s3/transfer.py", line 452, in upload_file
    future.result()
  File "/root/.omnirun/projects/harmonic-noise-suppression/.venv/lib/python3.12/site-packages/s3transfer/futures.py", line 111, in result
    return self._coordinator.result()
           ^^^^^^^^^^^^^^^^^^^^^^^^^^
  File "/root/.omnirun/projects/harmonic-noise-suppression/.venv/lib/python3.12/site-packages/s3transfer/futures.py", line 287, in result
    raise self._exception
  File "/root/.omnirun/projects/harmonic-noise-suppression/.venv/lib/python3.12/site-packages/s3transfer/tasks.py", line 142, in __call__
    return self._execute_main(kwargs)
           ^^^^^^^^^^^^^^^^^^^^^^^^^^
  File "/root/.omnirun/projects/harmonic-noise-suppression/.venv/lib/python3.12/site-packages/s3transfer/tasks.py", line 165, in _execute_main
    return_value = self._main(**kwargs)
                   ^^^^^^^^^^^^^^^^^^^^
  File "/root/.omnirun/projects/harmonic-noise-suppression/.venv/lib/python3.12/site-packages/s3transfer/upload.py", line 796, in _main
    client.put_object(Bucket=bucket, Key=key, Body=body, **extra_args)
  File "/root/.omnirun/projects/harmonic-noise-suppression/.venv/lib/python3.12/site-packages/botocore/client.py", line 606, in _api_call
    return self._make_api_call(operation_name, kwargs)
           ^^^^^^^^^^^^^^^^^^^^^^^^^^^^^^^^^^^^^^^^^^^
  File "/root/.omnirun/projects/harmonic-noise-suppression/.venv/lib/python3.12/site-packages/botocore/context.py", line 123, in wrapper
    return func(*args, **kwargs)
           ^^^^^^^^^^^^^^^^^^^^^
  File "/root/.omnirun/projects/harmonic-noise-suppression/.venv/lib/python3.12/site-packages/botocore/client.py", line 1076, in _make_api_call
    http, parsed_response = self._make_request(
                            ^^^^^^^^^^^^^^^^^^^
  File "/root/.omnirun/projects/harmonic-noise-suppression/.venv/lib/python3.12/site-packages/botocore/client.py", line 1100, in _make_request
    return self._endpoint.make_request(operation_model, request_dict)
           ^^^^^^^^^^^^^^^^^^^^^^^^^^^^^^^^^^^^^^^^^^^^^^^^^^^^^^^^^^
  File "/root/.omnirun/projects/harmonic-noise-suppression/.venv/lib/python3.12/site-packages/botocore/endpoint.py", line 119, in make_request
    return self._send_request(request_dict, operation_model)
           ^^^^^^^^^^^^^^^^^^^^^^^^^^^^^^^^^^^^^^^^^^^^^^^^^
  File "/root/.omnirun/projects/harmonic-noise-suppression/.venv/lib/python3.12/site-packages/botocore/endpoint.py", line 200, in _send_request
    while self._needs_retry(
          ^^^^^^^^^^^^^^^^^^
  File "/root/.omnirun/projects/harmonic-noise-suppression/.venv/lib/python3.12/site-packages/botocore/endpoint.py", line 360, in _needs_retry
    responses = self._event_emitter.emit(
                ^^^^^^^^^^^^^^^^^^^^^^^^^
  File "/root/.omnirun/projects/harmonic-noise-suppression/.venv/lib/python3.12/site-packages/botocore/hooks.py", line 412, in emit
    return self._emitter.emit(aliased_event_name, **kwargs)
           ^^^^^^^^^^^^^^^^^^^^^^^^^^^^^^^^^^^^^^^^^^^^^^^^
  File "/root/.omnirun/projects/harmonic-noise-suppression/.venv/lib/python3.12/site-packages/botocore/hooks.py", line 256, in emit
    return self._emit(event_name, kwargs)
           ^^^^^^^^^^^^^^^^^^^^^^^^^^^^^^
  File "/root/.omnirun/projects/harmonic-noise-suppression/.venv/lib/python3.12/site-packages/botocore/hooks.py", line 239, in _emit
    response = handler(**kwargs)
               ^^^^^^^^^^^^^^^^^
  File "/root/.omnirun/projects/harmonic-noise-suppression/.venv/lib/python3.12/site-packages/botocore/retryhandler.py", line 207, in __call__
    if self._checker(**checker_kwargs):
       ^^^^^^^^^^^^^^^^^^^^^^^^^^^^^^^
  File "/root/.omnirun/projects/harmonic-noise-suppression/.venv/lib/python3.12/site-packages/botocore/retryhandler.py", line 284, in __call__
    should_retry = self._should_retry(
                   ^^^^^^^^^^^^^^^^^^^
  File "/root/.omnirun/projects/harmonic-noise-suppression/.venv/lib/python3.12/site-packages/botocore/retryhandler.py", line 320, in _should_retry
    return self._checker(attempt_number, response, caught_exception)
           ^^^^^^^^^^^^^^^^^^^^^^^^^^^^^^^^^^^^^^^^^^^^^^^^^^^^^^^^^
  File "/root/.omnirun/projects/harmonic-noise-suppression/.venv/lib/python3.12/site-packages/botocore/retryhandler.py", line 363, in __call__
    checker_response = checker(
                       ^^^^^^^^
  File "/root/.omnirun/projects/harmonic-noise-suppression/.venv/lib/python3.12/site-packages/botocore/retryhandler.py", line 247, in __call__
    return self._check_caught_exception(
           ^^^^^^^^^^^^^^^^^^^^^^^^^^^^^
  File "/root/.omnirun/projects/harmonic-noise-suppression/.venv/lib/python3.12/site-packages/botocore/retryhandler.py", line 416, in _check_caught_exception
    raise caught_exception
  File "/root/.omnirun/projects/harmonic-noise-suppression/.venv/lib/python3.12/site-packages/botocore/endpoint.py", line 279, in _do_get_response
    http_response = self._send(request)
                    ^^^^^^^^^^^^^^^^^^^
  File "/root/.omnirun/projects/harmonic-noise-suppression/.venv/lib/python3.12/site-packages/botocore/endpoint.py", line 383, in _send
    return self.http_session.send(request)
           ^^^^^^^^^^^^^^^^^^^^^^^^^^^^^^^
  File "/root/.omnirun/projects/harmonic-noise-suppression/.venv/lib/python3.12/site-packages/botocore/httpsession.py", line 506, in send
    raise EndpointConnectionError(endpoint_url=request.url, error=e)
botocore.exceptions.EndpointConnectionError: Could not connect to the endpoint URL: "https://d064390efe0e59d764d4f701b59d7b71.r2.cloudflarestorage.com/omnirun-artifacts/nv3r3a-standby-e3cc0a/outputs/results/noise_v3/fits_r3a/findings.md"
UPLOADED 19 files to s3://omnirun-artifacts/nv3r3a-standby-e3cc0a/outputs/results/noise_v3/fits_r3a
V3R3 seed=2 fit exit=0 fit_wall_s=2690 total_wall_s=2747
01:42:22  ]
01:42:22 }
01:42:22 # wrote results/noise_v3/fits_r3a/findings.md
FIT_SUMMARY {"file": "results/noise_v3/fits_r3a/restarts/michaels_fly125_standby__flight_v3__s2.json", "git": "84509baa8765238380b81fdaf7629915ed3d0bb3", "device": "cuda:0", "line_kernel": "unit_autocorr", "chunk_frames": 16, "lbfgs_rtol": null, "wall_s": 2684.678278207779, "peak_mem_mb": 1676.9658203125, "converged": true, "which_converged": "alternation+lbfgs", "alternation_converged": true, "rig_converged": true, "rounds_run": 14, "total_nats": -6947226.8814219255, "whittle_nats": -6981426.080170671, "whittle_latents_zero_nats": -6939684.099828722, "rig_neg_log_prior_nats": 2890.8681836202036, "ou_neg_log_prior_nats": 31308.33056512561, "n_cells": 749952, "total_per_cell": -9.263562043199999, "first_rig": {"adam_steps": 300, "lbfgs_frames": 64, "lbfgs_frames_used": 64, "lbfgs_stratified": true, "adam_wall_s": 53.195573568344116, "lbfgs_wall_s": 180.67495322227478, "lbfgs_evals": 173, "lbfgs_restart_evals": 86, "lbfgs_iters_used": 150, "lbfgs_restart_iters_used": 75, "lbfgs_loss_before": -6924629.733139422, "lbfgs_loss_first_pass": -6937233.989112604, "lbfgs_loss_after_restart": -6938181.444352948, "lbfgs_restart_gain_per_cell": 0.0018358120201352024, "converged": false, "peak_mem_mb": null}, "last_rig": {"adam_steps": 0, "lbfgs_frames": null, "lbfgs_frames_used": 93, "lbfgs_stratified": true, "adam_wall_s": 4.506111145019531e-05, "lbfgs_wall_s": 73.11373043060303, "lbfgs_evals": 180, "lbfgs_restart_evals": 90, "lbfgs_iters_used": 150, "lbfgs_restart_iters_used": 75, "lbfgs_loss_before": -6978199.701624005, "lbfgs_loss_first_pass": -6978497.556398507, "lbfgs_loss_after_restart": -6978535.018590531, "lbfgs_restart_gain_per_cell": 4.99527863437984e-05, "converged": true, "peak_mem_mb": null}, "history": [{"round": 0, "whittle_nats": -6939684.099828722, "rig_converged": false, "adam_s_per_step": 0.17731857856114705, "rig_lbfgs_evals": 259, "rig_lbfgs_iters": 150, "rig_lbfgs_restart_iters": 75, "rig_s_per_eval": 0.6975866919778949, "peak_mem_mb": 1617.53857421875, "wall_s": 237.2015242576599}, {"round": 1, "whittle_nats": -6974644.842095289, "whittle_move_per_cell": 0.0466173065297078, "rig_converged": false, "adam_s_per_step": null, "rig_lbfgs_evals": 262, "rig_lbfgs_iters": 150, "rig_lbfgs_restart_iters": 73, "rig_s_per_eval": 0.738284173812575, "latent_evals": 103, "latent_s_per_eval": 0.17130098759549336, "latent_cache_s": 0.24344444274902344, "latent_wall_s": 18.117557764053345, "peak_mem_mb": 1676.93994140625, "latent_peak_mem_mb": 1634.90380859375, "wall_s": 213.8283007144928}, {"round": 2, "whittle_nats": -6978133.443146646, "whittle_move_per_cell": 0.00465176578148554, "rig_converged": false, "adam_s_per_step": null, "rig_lbfgs_evals": 264, "rig_lbfgs_iters": 150, "rig_lbfgs_restart_iters": 75, "rig_s_per_eval": 0.7443830506368116, "latent_evals": 104, "latent_s_per_eval": 0.16954270005226135, "latent_cache_s": 0.2544276714324951, "latent_wall_s": 18.064455032348633, "peak_mem_mb": 1676.9658203125, "latent_peak_mem_mb": 1634.9345703125, "wall_s": 216.7919065952301}, {"round": 3, "whittle_nats": -6979318.0965103675, "whittle_move_per_cell": 0.0015796389151858322, "rig_converged": false, "adam_s_per_step": null, "rig_lbfgs_evals": 264, "rig_lbfgs_iters": 150, "rig_lbfgs_restart_iters": 75, "rig_s_per_eval": 0.7402941711021193, "latent_evals": 103, "latent_s_per_eval": 0.17312208888600172, "latent_cache_s": 0.2011253833770752, "latent_wall_s": 18.294612407684326, "peak_mem_mb": 1676.9658203125, "latent_peak_mem_mb": 1634.94091796875, "wall_s": 215.90781140327454}, {"round": 4, "whittle_nats": -6980024.6765741985, "whittle_move_per_cell": 0.000942167050465978, "rig_converged": false, "adam_s_per_step": null, "rig_lbfgs_evals": 254, "rig_lbfgs_iters": 150, "rig_lbfgs_restart_iters": 75, "rig_s_per_eval": 0.7446837772534588, "latent_evals": 106, "latent_s_per_eval": 0.16883665210795853, "latent_cache_s": 0.2011702060699463, "latent_wall_s": 18.3429594039917, "peak_mem_mb": 1676.9658203125, "latent_peak_mem_mb": 1634.94091796875, "wall_s": 209.58092784881592}, {"round": 5, "whittle_nats": -6980313.487879583, "whittle_move_per_cell": 0.00038510638732099073, "rig_converged": false, "adam_s_per_step": null, "rig_lbfgs_evals": 260, "rig_lbfgs_iters": 150, "rig_lbfgs_restart_iters": 75, "rig_s_per_eval": 0.74377943277359, "latent_evals": 102, "latent_s_per_eval": 0.1736194736817304, "latent_cache_s": 0.24042582511901855, "latent_wall_s": 18.199298858642578, "peak_mem_mb": 1676.9658203125, "latent_peak_mem_mb": 1634.94091796875, "wall_s": 213.6836953163147}, {"round": 6, "whittle_nats": -6980602.779973369, "whittle_move_per_cell": 0.0003857474795539061, "rig_converged": false, "adam_s_per_step": null, "rig_lbfgs_evals": 259, "rig_lbfgs_iters": 150, "rig_lbfgs_restart_iters": 75, "rig_s_per_eval": 0.7437899904361562, "latent_evals": 105, "latent_s_per_eval": 0.16704333396185012, "latent_cache_s": 0.24827933311462402, "latent_wall_s": 17.999063968658447, "peak_mem_mb": 1676.9658203125, "latent_peak_mem_mb": 1634.94091796875, "wall_s": 212.8496069908142}, {"round": 7, "whittle_nats": -6980740.461833849, "whittle_move_per_cell": 0.00018358756357677054, "rig_converged": false, "adam_s_per_step": null, "rig_lbfgs_evals": 267, "rig_lbfgs_iters": 150, "rig_lbfgs_restart_iters": 75, "rig_s_per_eval": 0.7411851954370848, "latent_evals": 104, "latent_s_per_eval": 0.16858311570607698, "latent_cache_s": 0.22589421272277832, "latent_wall_s": 17.94671106338501, "peak_mem_mb": 1676.9658203125, "latent_peak_mem_mb": 1634.94091796875, "wall_s": 217.93622994422913}, {"round": 8, "whittle_nats": -6980882.752358969, "whittle_move_per_cell": 0.00018973284306286672, "rig_converged": false, "adam_s_per_step": null, "rig_lbfgs_evals": 256, "rig_lbfgs_iters": 150, "rig_lbfgs_restart_iters": 75, "rig_s_per_eval": 0.7397955926135182, "latent_evals": 104, "latent_s_per_eval": 0.16951050666662362, "latent_cache_s": 0.21761465072631836, "latent_wall_s": 18.086227893829346, "peak_mem_mb": 1676.9658203125, "latent_peak_mem_mb": 1634.94091796875, "wall_s": 209.5958993434906}, {"round": 9, "whittle_nats": -6980964.039515674, "whittle_move_per_cell": 0.00010838981255442114, "rig_converged": false, "adam_s_per_step": null, "rig_lbfgs_evals": 257, "rig_lbfgs_iters": 150, "rig_lbfgs_restart_iters": 75, "rig_s_per_eval": 0.7801461609421073, "latent_evals": 104, "latent_s_per_eval": 0.17453462114700904, "latent_cache_s": 0.27170801162719727, "latent_wall_s": 18.629191637039185, "peak_mem_mb": 1676.9658203125, "latent_peak_mem_mb": 1634.94091796875, "wall_s": 221.2338604927063}, {"round": 10, "whittle_nats": -6981041.015105557, "whittle_move_per_cell": 0.00010264068884752948, "rig_converged": false, "adam_s_per_step": null, "rig_lbfgs_evals": 264, "rig_lbfgs_iters": 150, "rig_lbfgs_restart_iters": 75, "rig_s_per_eval": 0.6001199411623406, "latent_evals": 107, "latent_s_per_eval": 0.17200772116117388, "latent_cache_s": 0.269733190536499, "latent_wall_s": 18.860056161880493, "peak_mem_mb": 1676.9658203125, "latent_peak_mem_mb": 1634.94091796875, "wall_s": 178.87884640693665}, {"round": 11, "whittle_nats": -6981210.321837553, "whittle_move_per_cell": 0.0002257567577606653, "rig_converged": false, "adam_s_per_step": null, "rig_lbfgs_evals": 268, "rig_lbfgs_iters": 150, "rig_lbfgs_restart_iters": 75, "rig_s_per_eval": 0.3753787412572263, "latent_evals": 104, "latent_s_per_eval": 0.07449748195134677, "latent_cache_s": 0.18119001388549805, "latent_wall_s": 8.021676540374756, "peak_mem_mb": 1676.9658203125, "latent_peak_mem_mb": 1634.94091796875, "wall_s": 109.27391624450684}, {"round": 12, "whittle_nats": -6981134.742802972, "whittle_move_per_cell": 0.00010077849593153843, "rig_converged": false, "adam_s_per_step": null, "rig_lbfgs_evals": 257, "rig_lbfgs_iters": 150, "rig_lbfgs_restart_iters": 75, "rig_s_per_eval": 0.18631485464044117, "latent_evals": 105, "latent_s_per_eval": 0.015911903835478282, "latent_cache_s": 0.11945700645446777, "latent_wall_s": 1.8074171543121338, "peak_mem_mb": 1676.9658203125, "latent_peak_mem_mb": 1634.94091796875, "wall_s": 50.109156370162964}, {"round": 13, "whittle_nats": -6981215.797668582, "whittle_move_per_cell": 0.00010808007127103396, "rig_converged": true, "adam_s_per_step": null, "rig_lbfgs_evals": 256, "rig_lbfgs_iters": 150, "rig_lbfgs_restart_iters": 75, "rig_s_per_eval": 0.18991658091545105, "latent_evals": 104, "latent_s_per_eval": 0.016467108176304743, "latent_cache_s": 0.11942911148071289, "latent_wall_s": 1.8498330116271973, "peak_mem_mb": 1676.9658203125, "latent_peak_mem_mb": 1634.94091796875, "wall_s": 50.88030791282654}, {"round": 14, "whittle_nats": -6981223.287091848, "whittle_move_per_cell": 9.98653682717293e-06, "rig_converged": false, "adam_s_per_step": null, "rig_lbfgs_evals": 267, "rig_lbfgs_iters": 150, "rig_lbfgs_restart_iters": 75, "rig_s_per_eval": 0.19077359424548201, "latent_evals": 104, "latent_s_per_eval": 0.014427033754495474, "latent_cache_s": 0.11946296691894531, "latent_wall_s": 1.637080192565918, "peak_mem_mb": 1676.9658203125, "latent_peak_mem_mb": 1634.94091796875, "wall_s": 52.98543190956116}], "polish": {"frames": 93, "subset_frames": 64, "loss_note": "Whittle - rig log prior on the FULL pool at the final latents", "loss_at_subset_optimum": -6978199.701624005, "loss_polished": -6978535.018590531, "gain_nats": 335.3169665262103, "gain_per_cell": 0.00044711790424748556, "whittle_at_subset_optimum": -6981223.287091848, "whittle_polished": -6981426.080170671, "rig_converged": true, "adam_s_per_step": null, "rig_lbfgs_evals": 270, "rig_lbfgs_iters": 150, "rig_lbfgs_restart_iters": 75, "rig_s_per_eval": 0.2707915941874186, "peak_mem_mb": 1664.857421875, "wall_s": 73.5780463218689}, "front_end": {"sr": 16000, "n_fft": 2048, "hop": 512, "sr_work": 32000, "n_fft_work": 4096}, "latent_fit": {"windows": 3, "n_blocks": [8, 8, 8], "line_dtype": "torch.float64", "tracks": ["d", "u", "uj", "v"], "loss_before": -6949914.484453442, "loss_after": -6950194.939428052, "evals": 104, "cache_s": 0.11946296691894531, "s_per_eval": 0.014427033754495474, "wall_s": 1.636911153793335}, "sigma_nu": 0.3025681628230236, "gamma_median": 1.4828426719466372, "gamma_median_per_rotor": [1.341, 1.5367, 1.6192, 1.4555], "gamma_max_per_rotor": [10.596, 9.56, 11.853, 8.868], "gamma_argmax_k_per_rotor": [79, 31, 81, 114], "gamma_over_50hz": 0, "gamma_shape": [4, 130], "amp_exp": 4.468920324729856, "span_pins": [], "speed_span": 1.9278266197081828, "init_from": {"source": "results/noise_v2/rounds/round3/fits/michaels_fly125_standby__flight.json", "schema": "noise-v2-fit/2", "mode": "flight", "git": "58e895fb943207db1ba5124f24329822fadf39b9", "sites": ["amp_exp", "floor_exp", "floor_shape_z", "floor_static_rel", "gamma_hz", "profile_db", "sigma_nu"], "clipped": {"sigma_nu": 0, "gamma_hz": 180, "profile_db": 0, "amp_exp": 0, "floor_exp": 0, "floor_static_rel": 1, "floor_shape_z": 0}, "prior_box_quantiles": [0.001, 0.999], "floor_start": "v2 re-expressed", "objective_at_v2_floor": -6325922.701675568, "objective_at_measured_floor": -5037953.246885765, "objective_at_measured_start": -6621819.48484148, "not_v3_sites": {"lam": 0.5, "note": "lam is pinned in v3 flight; v2 mic gains are data-normalised"}}, "batch": {"grid": {"sr": 16000, "n_fft": 2048, "hop": 512, "sr_work": 32000, "n_fft_work": 4096}, "n_frames_total": 366, "n_frames_used": 93, "frame_stride": 4, "exposure_scale": 3.935483870967742, "carrier_min_rev_s": 20.930063247680664, "carrier_max_rev_s": 40.34953308105469, "speed_span": 1.9278266197081828, "channel_gains": {"gains_db": [0.02806923749999987, -6.5042584625, 1.0624115375, 2.3590115375, 5.0315015375000005, 2.4618615375, -0.5576684625000001, -3.8809284625000005], "source": "results/noise_v2/mic_gains/mic_gains.json", "rig": "michaels", "rule": "rank-one floor gain per channel on the 1/3-octave bands >= 500 Hz (rigs.<rig>.wind.excess_db_above_500hz), re-centred on the channels used; each channel's periodogram is divided by 10^(g/10)"}}}
