01:30:24   we have :math:`ES^{*}(P,Q) \ge ES^{*}(Q,Q)` with equality holding if and only if :math:`P=Q`, i.e.
01:30:24   adam     0  loss -1.77936e+07
01:30:24   adam    50  loss -1.78582e+07
01:30:24   adam   100  loss -1.7464e+07
01:30:24   adam   150  loss -1.79901e+07
01:30:24   adam   200  loss -1.81088e+07
01:30:24   adam   250  loss -1.77364e+07
01:30:24   v3 round 0: whittle -1.78142e+07
01:30:24   v3 round 1: whittle -1.80846e+07  move/cell 0.108
01:30:24   v3 round 2: whittle -1.81074e+07  move/cell 0.00913
01:30:24   v3 round 3: whittle -1.81135e+07  move/cell 0.00243
01:30:24   v3 round 4: whittle -1.8119e+07  move/cell 0.0022
01:30:24   v3 round 5: whittle -1.81236e+07  move/cell 0.00184
01:30:24   v3 round 6: whittle -1.81248e+07  move/cell 0.000489
01:30:24   v3 round 7: whittle -1.81266e+07  move/cell 0.000724
01:30:24   v3 round 8: whittle -1.81268e+07  move/cell 9.79e-05
01:30:24   v3 all-frames polish: whittle -1.81369e+07  gain/cell 0.00449
01:30:24 ('dregon_room2_floor__flight_v3__s0', 'ok')
01:30:24 {
01:30:24  "n_units": 1,
01:30:24  "n_converged": 0,
01:30:24  "not_converged": [
01:30:24   "dregon_room2_floor"
01:30:24  ],
01:30:24  "slowest_s": 2161.048111438751,
01:30:24  "fits": [
01:30:24   "results/noise_v3/fits_r3a/restarts/dregon_room2_floor__flight_v3__s0.json"
01:30:24  ]
01:30:24 }
01:30:24 # wrote results/noise_v3/fits_r3a/findings.md
